
Discarded input sections

 .text          0x00000000        0x0 ..\obj\stm32f4xx_syscfg.o
 .data          0x00000000        0x0 ..\obj\stm32f4xx_syscfg.o
 .bss           0x00000000        0x0 ..\obj\stm32f4xx_syscfg.o
 .text.SYSCFG_DeInit
                0x00000000       0x20 ..\obj\stm32f4xx_syscfg.o
 .text.SYSCFG_MemoryRemapConfig
                0x00000000       0x20 ..\obj\stm32f4xx_syscfg.o
 .text.SYSCFG_EXTILineConfig
                0x00000000       0xb0 ..\obj\stm32f4xx_syscfg.o
 .text.SYSCFG_ETH_MediaInterfaceConfig
                0x00000000       0x20 ..\obj\stm32f4xx_syscfg.o
 .text.SYSCFG_CompensationCellCmd
                0x00000000       0x20 ..\obj\stm32f4xx_syscfg.o
 .text.SYSCFG_GetCompensationCellStatus
                0x00000000       0x3c ..\obj\stm32f4xx_syscfg.o
 .debug_info    0x00000000      0x279 ..\obj\stm32f4xx_syscfg.o
 .debug_abbrev  0x00000000      0x133 ..\obj\stm32f4xx_syscfg.o
 .debug_loc     0x00000000      0x144 ..\obj\stm32f4xx_syscfg.o
 .debug_aranges
                0x00000000       0x48 ..\obj\stm32f4xx_syscfg.o
 .debug_ranges  0x00000000       0x38 ..\obj\stm32f4xx_syscfg.o
 .debug_line    0x00000000      0x281 ..\obj\stm32f4xx_syscfg.o
 .debug_str     0x00000000      0x2d4 ..\obj\stm32f4xx_syscfg.o
 .comment       0x00000000       0x71 ..\obj\stm32f4xx_syscfg.o
 .ARM.attributes
                0x00000000       0x3b ..\obj\stm32f4xx_syscfg.o
 .debug_frame   0x00000000       0xbc ..\obj\stm32f4xx_syscfg.o
 .text          0x00000000        0x0 ..\obj\tm_stm32f4_disco.o
 .data          0x00000000        0x0 ..\obj\tm_stm32f4_disco.o
 .bss           0x00000000        0x0 ..\obj\tm_stm32f4_disco.o
 .text.TM_DISCO_ButtonInit
                0x00000000       0x48 ..\obj\tm_stm32f4_disco.o
 .text.TM_DISCO_LedOn
                0x00000000       0x28 ..\obj\tm_stm32f4_disco.o
 .text.TM_DISCO_LedOff
                0x00000000       0x28 ..\obj\tm_stm32f4_disco.o
 .text.TM_DISCO_ButtonPressed
                0x00000000       0x1c ..\obj\tm_stm32f4_disco.o
 .text          0x00000000        0x0 ..\obj\startup_stm32f4xx.o
 .data          0x00000000        0x0 ..\obj\startup_stm32f4xx.o
 .bss           0x00000000        0x0 ..\obj\startup_stm32f4xx.o
 .text          0x00000000        0x0 ..\obj\main.o
 .data          0x00000000        0x0 ..\obj\main.o
 .bss           0x00000000        0x8 ..\obj\main.o
 .text          0x00000000        0x0 ..\obj\stm32f4xx_rcc.o
 .data          0x00000000       0x10 ..\obj\stm32f4xx_rcc.o
 .bss           0x00000000        0x0 ..\obj\stm32f4xx_rcc.o
 .text.RCC_DeInit
                0x00000000       0x84 ..\obj\stm32f4xx_rcc.o
 .text.RCC_HSEConfig
                0x00000000       0x30 ..\obj\stm32f4xx_rcc.o
 .text.RCC_WaitForHSEStartUp
                0x00000000       0x64 ..\obj\stm32f4xx_rcc.o
 .text.RCC_AdjustHSICalibrationValue
                0x00000000       0x48 ..\obj\stm32f4xx_rcc.o
 .text.RCC_HSICmd
                0x00000000       0x20 ..\obj\stm32f4xx_rcc.o
 .text.RCC_LSEConfig
                0x00000000       0x60 ..\obj\stm32f4xx_rcc.o
 .text.RCC_LSICmd
                0x00000000       0x20 ..\obj\stm32f4xx_rcc.o
 .text.RCC_PLLConfig
                0x00000000       0x48 ..\obj\stm32f4xx_rcc.o
 .text.RCC_PLLCmd
                0x00000000       0x20 ..\obj\stm32f4xx_rcc.o
 .text.RCC_PLLI2SConfig
                0x00000000       0x30 ..\obj\stm32f4xx_rcc.o
 .text.RCC_PLLI2SCmd
                0x00000000       0x20 ..\obj\stm32f4xx_rcc.o
 .text.RCC_ClockSecuritySystemCmd
                0x00000000       0x20 ..\obj\stm32f4xx_rcc.o
 .text.RCC_MCO1Config
                0x00000000       0x48 ..\obj\stm32f4xx_rcc.o
 .text.RCC_MCO2Config
                0x00000000       0x48 ..\obj\stm32f4xx_rcc.o
 .text.RCC_SYSCLKConfig
                0x00000000       0x40 ..\obj\stm32f4xx_rcc.o
 .text.RCC_GetSYSCLKSource
                0x00000000       0x20 ..\obj\stm32f4xx_rcc.o
 .text.RCC_HCLKConfig
                0x00000000       0x40 ..\obj\stm32f4xx_rcc.o
 .text.RCC_PCLK1Config
                0x00000000       0x40 ..\obj\stm32f4xx_rcc.o
 .text.RCC_PCLK2Config
                0x00000000       0x44 ..\obj\stm32f4xx_rcc.o
 .text.RCC_GetClocksFreq
                0x00000000      0x1cc ..\obj\stm32f4xx_rcc.o
 .text.RCC_RTCCLKConfig
                0x00000000       0x74 ..\obj\stm32f4xx_rcc.o
 .text.RCC_RTCCLKCmd
                0x00000000       0x20 ..\obj\stm32f4xx_rcc.o
 .text.RCC_BackupResetCmd
                0x00000000       0x20 ..\obj\stm32f4xx_rcc.o
 .text.RCC_I2SCLKConfig
                0x00000000       0x20 ..\obj\stm32f4xx_rcc.o
 .text.RCC_AHB2PeriphClockCmd
                0x00000000       0x54 ..\obj\stm32f4xx_rcc.o
 .text.RCC_AHB3PeriphClockCmd
                0x00000000       0x54 ..\obj\stm32f4xx_rcc.o
 .text.RCC_APB1PeriphClockCmd
                0x00000000       0x54 ..\obj\stm32f4xx_rcc.o
 .text.RCC_APB2PeriphClockCmd
                0x00000000       0x54 ..\obj\stm32f4xx_rcc.o
 .text.RCC_AHB1PeriphResetCmd
                0x00000000       0x54 ..\obj\stm32f4xx_rcc.o
 .text.RCC_AHB2PeriphResetCmd
                0x00000000       0x54 ..\obj\stm32f4xx_rcc.o
 .text.RCC_AHB3PeriphResetCmd
                0x00000000       0x54 ..\obj\stm32f4xx_rcc.o
 .text.RCC_APB1PeriphResetCmd
                0x00000000       0x54 ..\obj\stm32f4xx_rcc.o
 .text.RCC_APB2PeriphResetCmd
                0x00000000       0x54 ..\obj\stm32f4xx_rcc.o
 .text.RCC_AHB1PeriphClockLPModeCmd
                0x00000000       0x54 ..\obj\stm32f4xx_rcc.o
 .text.RCC_AHB2PeriphClockLPModeCmd
                0x00000000       0x54 ..\obj\stm32f4xx_rcc.o
 .text.RCC_AHB3PeriphClockLPModeCmd
                0x00000000       0x54 ..\obj\stm32f4xx_rcc.o
 .text.RCC_APB1PeriphClockLPModeCmd
                0x00000000       0x54 ..\obj\stm32f4xx_rcc.o
 .text.RCC_APB2PeriphClockLPModeCmd
                0x00000000       0x54 ..\obj\stm32f4xx_rcc.o
 .text.RCC_ITConfig
                0x00000000       0x60 ..\obj\stm32f4xx_rcc.o
 .text.RCC_GetFlagStatus
                0x00000000       0x90 ..\obj\stm32f4xx_rcc.o
 .text.RCC_ClearFlag
                0x00000000       0x24 ..\obj\stm32f4xx_rcc.o
 .text.RCC_GetITStatus
                0x00000000       0x40 ..\obj\stm32f4xx_rcc.o
 .text.RCC_ClearITPendingBit
                0x00000000       0x20 ..\obj\stm32f4xx_rcc.o
 .text          0x00000000        0x0 ..\obj\tm_stm32f4_delay.o
 .data          0x00000000        0x0 ..\obj\tm_stm32f4_delay.o
 .text.Delay    0x00000000       0x30 ..\obj\tm_stm32f4_delay.o
 .text.TimingDelay_Decrement
                0x00000000       0x48 ..\obj\tm_stm32f4_delay.o
 .text.TM_DELAY_Time
                0x00000000       0x18 ..\obj\tm_stm32f4_delay.o
 .text.TM_DELAY_SetTime
                0x00000000       0x20 ..\obj\tm_stm32f4_delay.o
 .text          0x00000000        0x0 ..\obj\stm32f4xx_gpio.o
 .data          0x00000000        0x0 ..\obj\stm32f4xx_gpio.o
 .bss           0x00000000        0x0 ..\obj\stm32f4xx_gpio.o
 .text.GPIO_DeInit
                0x00000000      0x178 ..\obj\stm32f4xx_gpio.o
 .text.GPIO_StructInit
                0x00000000       0x3c ..\obj\stm32f4xx_gpio.o
 .text.GPIO_PinLockConfig
                0x00000000       0x44 ..\obj\stm32f4xx_gpio.o
 .text.GPIO_ReadInputDataBit
                0x00000000       0x3c ..\obj\stm32f4xx_gpio.o
 .text.GPIO_ReadInputData
                0x00000000       0x1c ..\obj\stm32f4xx_gpio.o
 .text.GPIO_ReadOutputDataBit
                0x00000000       0x3c ..\obj\stm32f4xx_gpio.o
 .text.GPIO_ReadOutputData
                0x00000000       0x1c ..\obj\stm32f4xx_gpio.o
 .text.GPIO_SetBits
                0x00000000       0x1c ..\obj\stm32f4xx_gpio.o
 .text.GPIO_ResetBits
                0x00000000       0x1c ..\obj\stm32f4xx_gpio.o
 .text.GPIO_WriteBit
                0x00000000       0x30 ..\obj\stm32f4xx_gpio.o
 .text.GPIO_Write
                0x00000000       0x1c ..\obj\stm32f4xx_gpio.o
 .text.GPIO_PinAFConfig
                0x00000000       0xa8 ..\obj\stm32f4xx_gpio.o
 .text          0x00000000        0x0 ..\obj\system_stm32f4xx.o
 .bss           0x00000000        0x0 ..\obj\system_stm32f4xx.o
 .text.SystemCoreClockUpdate
                0x00000000      0x170 ..\obj\system_stm32f4xx.o
 .text          0x00000000        0x0 ..\obj\misc.o
 .data          0x00000000        0x0 ..\obj\misc.o
 .bss           0x00000000        0x0 ..\obj\misc.o
 .text.NVIC_PriorityGroupConfig
                0x00000000       0x28 ..\obj\misc.o
 .text.NVIC_Init
                0x00000000       0xe4 ..\obj\misc.o
 .text.NVIC_SetVectorTable
                0x00000000       0x2c ..\obj\misc.o
 .text.NVIC_SystemLPConfig
                0x00000000       0x54 ..\obj\misc.o
 .text.SysTick_CLKSourceConfig
                0x00000000       0x4c ..\obj\misc.o
 .debug_info    0x00000000      0x592 ..\obj\misc.o
 .debug_abbrev  0x00000000      0x129 ..\obj\misc.o
 .debug_loc     0x00000000      0x118 ..\obj\misc.o
 .debug_aranges
                0x00000000       0x40 ..\obj\misc.o
 .debug_ranges  0x00000000       0x30 ..\obj\misc.o
 .debug_line    0x00000000      0x2e0 ..\obj\misc.o
 .debug_str     0x00000000      0x3ae ..\obj\misc.o
 .comment       0x00000000       0x71 ..\obj\misc.o
 .ARM.attributes
                0x00000000       0x3b ..\obj\misc.o
 .debug_frame   0x00000000       0x9c ..\obj\misc.o

Memory Configuration

Name             Origin             Length             Attributes
rom              0x08000000         0x00100000         xr
ram              0x20000000         0x00020000         xrw
ram1             0x10000000         0x00010000         xrw
*default*        0x00000000         0xffffffff

Linker script and memory map

                0x20020000                _eram = 0x20020000

.text           0x08000000      0x7a0
 *(.isr_vector)
 .isr_vector    0x08000000      0x188 ..\obj\startup_stm32f4xx.o
                0x08000000                g_pfnVectors
 *(.text*)
 .text.TM_DISCO_LedInit
                0x08000188       0x48 ..\obj\tm_stm32f4_disco.o
                0x08000188                TM_DISCO_LedInit
 .text.Default_Reset_Handler
                0x080001d0       0x80 ..\obj\startup_stm32f4xx.o
                0x080001d0                Default_Reset_Handler
                0x080001d0                Reset_Handler
 .text.Default_Handler
                0x08000250        0x8 ..\obj\startup_stm32f4xx.o
                0x08000250                RTC_Alarm_IRQHandler
                0x08000250                HASH_RNG_IRQHandler
                0x08000250                EXTI2_IRQHandler
                0x08000250                TIM8_CC_IRQHandler
                0x08000250                DebugMon_Handler
                0x08000250                TIM1_CC_IRQHandler
                0x08000250                DMA2_Stream5_IRQHandler
                0x08000250                HardFault_Handler
                0x08000250                DMA1_Stream5_IRQHandler
                0x08000250                SysTick_Handler
                0x08000250                PVD_IRQHandler
                0x08000250                SDIO_IRQHandler
                0x08000250                TAMP_STAMP_IRQHandler
                0x08000250                PendSV_Handler
                0x08000250                NMI_Handler
                0x08000250                CAN2_RX1_IRQHandler
                0x08000250                EXTI3_IRQHandler
                0x08000250                TIM8_TRG_COM_TIM14_IRQHandler
                0x08000250                TIM1_UP_TIM10_IRQHandler
                0x08000250                TIM8_UP_TIM13_IRQHandler
                0x08000250                I2C3_ER_IRQHandler
                0x08000250                EXTI0_IRQHandler
                0x08000250                I2C2_EV_IRQHandler
                0x08000250                DMA1_Stream2_IRQHandler
                0x08000250                CAN1_RX0_IRQHandler
                0x08000250                FPU_IRQHandler
                0x08000250                OTG_HS_WKUP_IRQHandler
                0x08000250                UsageFault_Handler
                0x08000250                CAN2_SCE_IRQHandler
                0x08000250                DMA2_Stream2_IRQHandler
                0x08000250                SPI1_IRQHandler
                0x08000250                TIM6_DAC_IRQHandler
                0x08000250                TIM1_BRK_TIM9_IRQHandler
                0x08000250                DCMI_IRQHandler
                0x08000250                CAN2_RX0_IRQHandler
                0x08000250                DMA2_Stream3_IRQHandler
                0x08000250                USART6_IRQHandler
                0x08000250                USART3_IRQHandler
                0x08000250                CRYP_IRQHandler
                0x08000250                CAN1_RX1_IRQHandler
                0x08000250                UART5_IRQHandler
                0x08000250                DMA2_Stream0_IRQHandler
                0x08000250                TIM4_IRQHandler
                0x08000250                I2C1_EV_IRQHandler
                0x08000250                DMA1_Stream6_IRQHandler
                0x08000250                DMA1_Stream1_IRQHandler
                0x08000250                UART4_IRQHandler
                0x08000250                TIM3_IRQHandler
                0x08000250                RCC_IRQHandler
                0x08000250                TIM8_BRK_TIM12_IRQHandler
                0x08000250                EXTI15_10_IRQHandler
                0x08000250                ADC_IRQHandler
                0x08000250                DMA1_Stream7_IRQHandler
                0x08000250                TIM7_IRQHandler
                0x08000250                CAN2_TX_IRQHandler
                0x08000250                TIM5_IRQHandler
                0x08000250                DMA2_Stream7_IRQHandler
                0x08000250                I2C3_EV_IRQHandler
                0x08000250                EXTI9_5_IRQHandler
                0x08000250                RTC_WKUP_IRQHandler
                0x08000250                ETH_WKUP_IRQHandler
                0x08000250                SPI2_IRQHandler
                0x08000250                OTG_HS_EP1_IN_IRQHandler
                0x08000250                MemManage_Handler
                0x08000250                DMA1_Stream0_IRQHandler
                0x08000250                CAN1_TX_IRQHandler
                0x08000250                SVC_Handler
                0x08000250                EXTI4_IRQHandler
                0x08000250                FSMC_IRQHandler
                0x08000250                ETH_IRQHandler
                0x08000250                OTG_HS_EP1_OUT_IRQHandler
                0x08000250                WWDG_IRQHandler
                0x08000250                TIM2_IRQHandler
                0x08000250                OTG_FS_WKUP_IRQHandler
                0x08000250                TIM1_TRG_COM_TIM11_IRQHandler
                0x08000250                OTG_HS_IRQHandler
                0x08000250                EXTI1_IRQHandler
                0x08000250                USART2_IRQHandler
                0x08000250                I2C2_ER_IRQHandler
                0x08000250                DMA2_Stream1_IRQHandler
                0x08000250                CAN1_SCE_IRQHandler
                0x08000250                FLASH_IRQHandler
                0x08000250                DMA2_Stream4_IRQHandler
                0x08000250                BusFault_Handler
                0x08000250                USART1_IRQHandler
                0x08000250                OTG_FS_IRQHandler
                0x08000250                SPI3_IRQHandler
                0x08000250                DMA1_Stream4_IRQHandler
                0x08000250                I2C1_ER_IRQHandler
                0x08000250                DMA2_Stream6_IRQHandler
                0x08000250                DMA1_Stream3_IRQHandler
 .text.main     0x08000258       0x2c ..\obj\main.o
                0x08000258                main
 .text.RCC_AHB1PeriphClockCmd
                0x08000284       0x54 ..\obj\stm32f4xx_rcc.o
                0x08000284                RCC_AHB1PeriphClockCmd
 .text.NVIC_SetPriority
                0x080002d8       0x5c ..\obj\tm_stm32f4_delay.o
 .text.SysTick_Config
                0x08000334       0x64 ..\obj\tm_stm32f4_delay.o
 .text.Delayms  0x08000398       0x38 ..\obj\tm_stm32f4_delay.o
                0x08000398                Delayms
 .text.TM_DELAY_Init
                0x080003d0       0x30 ..\obj\tm_stm32f4_delay.o
                0x080003d0                TM_DELAY_Init
 .text.GPIO_Init
                0x08000400      0x144 ..\obj\stm32f4xx_gpio.o
                0x08000400                GPIO_Init
 .text.GPIO_ToggleBits
                0x08000544       0x24 ..\obj\stm32f4xx_gpio.o
                0x08000544                GPIO_ToggleBits
 .text.SystemInit
                0x08000568       0xb0 ..\obj\system_stm32f4xx.o
                0x08000568                SystemInit
 .text.SetSysClock
                0x08000618      0x188 ..\obj\system_stm32f4xx.o
 *(.init)
 *(.fini)
 *crtbegin.o(.ctors)
 *crtbegin?.o(.ctors)
 *(EXCLUDE_FILE(*crtend.o *crtend?.o) .ctors)
 *(SORT(.ctors.*))
 *(.ctors)
 *crtbegin.o(.dtors)
 *crtbegin?.o(.dtors)
 *(EXCLUDE_FILE(*crtend.o *crtend?.o) .dtors)
 *(SORT(.dtors.*))
 *(.dtors)
 *(.rodata*)
 *(.eh_fram e*)

.glue_7         0x080007a0        0x0
 .glue_7        0x00000000        0x0 linker stubs

.glue_7t        0x080007a0        0x0
 .glue_7t       0x00000000        0x0 linker stubs

.vfp11_veneer   0x080007a0        0x0
 .vfp11_veneer  0x00000000        0x0 linker stubs

.v4_bx          0x080007a0        0x0
 .v4_bx         0x00000000        0x0 linker stubs

.iplt           0x080007a0        0x0
 .iplt          0x00000000        0x0 ..\obj\stm32f4xx_syscfg.o

.rel.dyn        0x080007a0        0x0
 .rel.iplt      0x00000000        0x0 ..\obj\stm32f4xx_syscfg.o

.ARM.extab
 *(.ARM.extab* .gnu.linkonce.armextab.*)
                0x080007a0                __exidx_start = .

.ARM.exidx
 *(.ARM.exidx* .gnu.linkonce.armexidx.*)
                0x080007a0                __exidx_end = .
                0x080007a0                __etext = .
                0x080007a0                _sidata = __etext

.data           0x20000000       0x14 load address 0x080007a0
                0x20000000                __data_start__ = .
                0x20000000                _sdata = __data_start__
 *(vtable)
 *(.data*)
 .data          0x20000000       0x14 ..\obj\system_stm32f4xx.o
                0x20000000                SystemCoreClock
                0x20000004                AHBPrescTable
                0x20000014                . = ALIGN (0x4)
                0x20000014                PROVIDE (__preinit_array_start, .)
 *(.preinit_array)
                0x20000014                PROVIDE (__preinit_array_end, .)
                0x20000014                . = ALIGN (0x4)
                0x20000014                PROVIDE (__init_array_start, .)
 *(SORT(.init_array.*))
 *(.init_array)
                0x20000014                PROVIDE (__init_array_end, .)
                0x20000014                . = ALIGN (0x4)
                0x20000014                PROVIDE (__fini_array_start, .)
 *(SORT(.fini_array.*))
 *(.fini_array)
                0x20000014                PROVIDE (__fini_array_end, .)
 *(.jcr*)
                0x20000014                . = ALIGN (0x4)
                0x20000014                __data_end__ = .
                0x20000014                _edata = __data_end__

.igot.plt       0x20000014        0x0 load address 0x080007b4
 .igot.plt      0x00000000        0x0 ..\obj\stm32f4xx_syscfg.o

.bss            0x20000014        0x8 load address 0x080007b4
                0x20000014                . = ALIGN (0x4)
                0x20000014                __bss_start__ = .
                0x20000014                _sbss = __bss_start__
 *(.bss*)
 .bss           0x20000014        0x8 ..\obj\tm_stm32f4_delay.o
 *(COMMON)
                0x2000001c                . = ALIGN (0x4)
                0x2000001c                __bss_end__ = .
                0x2000001c                _ebss = __bss_end__

.heap           0x2000001c        0x0
                0x2000001c                __end__ = .
                0x2000001c                _end = __end__
                0x2000001c                end = __end__
 *(.heap*)
                0x2000001c                __HeapLimit = .

.co_stack       0x2000001c      0x804 load address 0x080007bc
                0x20000020                . = ALIGN (0x8)
 *fill*         0x2000001c        0x4 00
 *(.co_stack .co_stack.*)
 .co_stack      0x20000020      0x800 ..\obj\startup_stm32f4xx.o
                0x20000020                pulStack
                0x20020000                __StackTop = (ORIGIN (ram) + 0x20000)
                0x2001f7fc                __StackLimit = (__StackTop - SIZEOF (.co_stack))
                0x20020000                PROVIDE (__stack, __StackTop)
                0x00000001                ASSERT ((__StackLimit >= __HeapLimit), region ram  overflowed with stack)
LOAD ..\obj\stm32f4xx_syscfg.o
LOAD ..\obj\tm_stm32f4_disco.o
LOAD ..\obj\startup_stm32f4xx.o
LOAD ..\obj\main.o
LOAD ..\obj\stm32f4xx_rcc.o
LOAD ..\obj\tm_stm32f4_delay.o
LOAD ..\obj\stm32f4xx_gpio.o
LOAD ..\obj\system_stm32f4xx.o
LOAD ..\obj\misc.o
START GROUP
LOAD c:/program files (x86)/gnu tools arm embedded/4.7 2013q3/bin/../lib/gcc/arm-none-eabi/4.7.4/armv7e-m/fpu\libgcc.a
LOAD c:/program files (x86)/gnu tools arm embedded/4.7 2013q3/bin/../lib/gcc/arm-none-eabi/4.7.4/../../../../arm-none-eabi/lib/armv7e-m/fpu\libg.a
LOAD c:/program files (x86)/gnu tools arm embedded/4.7 2013q3/bin/../lib/gcc/arm-none-eabi/4.7.4/../../../../arm-none-eabi/lib/armv7e-m/fpu\libc.a
END GROUP
OUTPUT(stm32f429.elf elf32-littlearm)

.debug_info     0x00000000     0x2720
 .debug_info    0x00000000      0x349 ..\obj\tm_stm32f4_disco.o
 .debug_info    0x00000349      0x103 ..\obj\startup_stm32f4xx.o
 .debug_info    0x0000044c      0x1ae ..\obj\main.o
 .debug_info    0x000005fa      0xd49 ..\obj\stm32f4xx_rcc.o
 .debug_info    0x00001343      0x7a8 ..\obj\tm_stm32f4_delay.o
 .debug_info    0x00001aeb      0x640 ..\obj\stm32f4xx_gpio.o
 .debug_info    0x0000212b      0x5f5 ..\obj\system_stm32f4xx.o

.debug_abbrev   0x00000000      0x902
 .debug_abbrev  0x00000000      0x12a ..\obj\tm_stm32f4_disco.o
 .debug_abbrev  0x0000012a       0xb2 ..\obj\startup_stm32f4xx.o
 .debug_abbrev  0x000001dc       0xc2 ..\obj\main.o
 .debug_abbrev  0x0000029e      0x1e5 ..\obj\stm32f4xx_rcc.o
 .debug_abbrev  0x00000483      0x1a2 ..\obj\tm_stm32f4_delay.o
 .debug_abbrev  0x00000625      0x1a5 ..\obj\stm32f4xx_gpio.o
 .debug_abbrev  0x000007ca      0x138 ..\obj\system_stm32f4xx.o

.debug_loc      0x00000000     0x1060
 .debug_loc     0x00000000      0x10c ..\obj\tm_stm32f4_disco.o
 .debug_loc     0x0000010c       0x64 ..\obj\startup_stm32f4xx.o
 .debug_loc     0x00000170       0x2c ..\obj\main.o
 .debug_loc     0x0000019c      0x97c ..\obj\stm32f4xx_rcc.o
 .debug_loc     0x00000b18      0x19c ..\obj\tm_stm32f4_delay.o
 .debug_loc     0x00000cb4      0x310 ..\obj\stm32f4xx_gpio.o
 .debug_loc     0x00000fc4       0x9c ..\obj\system_stm32f4xx.o

.debug_aranges  0x00000000      0x310
 .debug_aranges
                0x00000000       0x40 ..\obj\tm_stm32f4_disco.o
 .debug_aranges
                0x00000040       0x28 ..\obj\startup_stm32f4xx.o
 .debug_aranges
                0x00000068       0x20 ..\obj\main.o
 .debug_aranges
                0x00000088      0x178 ..\obj\stm32f4xx_rcc.o
 .debug_aranges
                0x00000200       0x58 ..\obj\tm_stm32f4_delay.o
 .debug_aranges
                0x00000258       0x88 ..\obj\stm32f4xx_gpio.o
 .debug_aranges
                0x000002e0       0x30 ..\obj\system_stm32f4xx.o

.debug_ranges   0x00000000      0x2a0
 .debug_ranges  0x00000000       0x30 ..\obj\tm_stm32f4_disco.o
 .debug_ranges  0x00000030       0x18 ..\obj\startup_stm32f4xx.o
 .debug_ranges  0x00000048       0x10 ..\obj\main.o
 .debug_ranges  0x00000058      0x168 ..\obj\stm32f4xx_rcc.o
 .debug_ranges  0x000001c0       0x48 ..\obj\tm_stm32f4_delay.o
 .debug_ranges  0x00000208       0x78 ..\obj\stm32f4xx_gpio.o
 .debug_ranges  0x00000280       0x20 ..\obj\system_stm32f4xx.o

.debug_line     0x00000000     0x1536
 .debug_line    0x00000000      0x2e0 ..\obj\tm_stm32f4_disco.o
 .debug_line    0x000002e0       0xd5 ..\obj\startup_stm32f4xx.o
 .debug_line    0x000003b5      0x282 ..\obj\main.o
 .debug_line    0x00000637      0x636 ..\obj\stm32f4xx_rcc.o
 .debug_line    0x00000c6d      0x2ce ..\obj\tm_stm32f4_delay.o
 .debug_line    0x00000f3b      0x3da ..\obj\stm32f4xx_gpio.o
 .debug_line    0x00001315      0x221 ..\obj\system_stm32f4xx.o

.debug_str      0x00000000     0x14d6
 .debug_str     0x00000000      0x336 ..\obj\tm_stm32f4_disco.o
                                0x372 (size before relaxing)
 .debug_str     0x00000336       0xe2 ..\obj\startup_stm32f4xx.o
                                0x146 (size before relaxing)
 .debug_str     0x00000418       0x7d ..\obj\main.o
                                0x1b3 (size before relaxing)
 .debug_str     0x00000495      0x6d7 ..\obj\stm32f4xx_rcc.o
                                0x825 (size before relaxing)
 .debug_str     0x00000b6c      0x6af ..\obj\tm_stm32f4_delay.o
                                0x7ff (size before relaxing)
 .debug_str     0x0000121b      0x1d5 ..\obj\stm32f4xx_gpio.o
                                0x478 (size before relaxing)
 .debug_str     0x000013f0       0xe6 ..\obj\system_stm32f4xx.o
                                0x37f (size before relaxing)

.comment        0x00000000       0x70
 .comment       0x00000000       0x70 ..\obj\tm_stm32f4_disco.o
                                 0x71 (size before relaxing)
 .comment       0x00000000       0x71 ..\obj\startup_stm32f4xx.o
 .comment       0x00000000       0x71 ..\obj\main.o
 .comment       0x00000000       0x71 ..\obj\stm32f4xx_rcc.o
 .comment       0x00000000       0x71 ..\obj\tm_stm32f4_delay.o
 .comment       0x00000000       0x71 ..\obj\stm32f4xx_gpio.o
 .comment       0x00000000       0x71 ..\obj\system_stm32f4xx.o

.ARM.attributes
                0x00000000       0x3b
 .ARM.attributes
                0x00000000       0x3b ..\obj\tm_stm32f4_disco.o
 .ARM.attributes
                0x0000003b       0x3b ..\obj\startup_stm32f4xx.o
 .ARM.attributes
                0x00000076       0x3b ..\obj\main.o
 .ARM.attributes
                0x000000b1       0x3b ..\obj\stm32f4xx_rcc.o
 .ARM.attributes
                0x000000ec       0x3b ..\obj\tm_stm32f4_delay.o
 .ARM.attributes
                0x00000127       0x3b ..\obj\stm32f4xx_gpio.o
 .ARM.attributes
                0x00000162       0x3b ..\obj\system_stm32f4xx.o

.debug_frame    0x00000000      0x8e4
 .debug_frame   0x00000000       0xac ..\obj\tm_stm32f4_disco.o
 .debug_frame   0x000000ac       0x48 ..\obj\startup_stm32f4xx.o
 .debug_frame   0x000000f4       0x2c ..\obj\main.o
 .debug_frame   0x00000120      0x4d8 ..\obj\stm32f4xx_rcc.o
 .debug_frame   0x000005f8       0xec ..\obj\tm_stm32f4_delay.o
 .debug_frame   0x000006e4      0x19c ..\obj\stm32f4xx_gpio.o
 .debug_frame   0x00000880       0x64 ..\obj\system_stm32f4xx.o
