
Discarded input sections

 .text          0x00000000        0x0 ..\obj\stm32f4xx_syscfg.o
 .data          0x00000000        0x0 ..\obj\stm32f4xx_syscfg.o
 .bss           0x00000000        0x0 ..\obj\stm32f4xx_syscfg.o
 .text.SYSCFG_DeInit
                0x00000000       0x20 ..\obj\stm32f4xx_syscfg.o
 .text.SYSCFG_MemoryRemapConfig
                0x00000000       0x20 ..\obj\stm32f4xx_syscfg.o
 .text.SYSCFG_MemorySwappingBank
                0x00000000       0x20 ..\obj\stm32f4xx_syscfg.o
 .text.SYSCFG_EXTILineConfig
                0x00000000       0xb0 ..\obj\stm32f4xx_syscfg.o
 .text.SYSCFG_ETH_MediaInterfaceConfig
                0x00000000       0x20 ..\obj\stm32f4xx_syscfg.o
 .text.SYSCFG_CompensationCellCmd
                0x00000000       0x20 ..\obj\stm32f4xx_syscfg.o
 .text.SYSCFG_GetCompensationCellStatus
                0x00000000       0x3c ..\obj\stm32f4xx_syscfg.o
 .debug_info    0x00000000      0x2a2 ..\obj\stm32f4xx_syscfg.o
 .debug_abbrev  0x00000000      0x133 ..\obj\stm32f4xx_syscfg.o
 .debug_loc     0x00000000      0x17c ..\obj\stm32f4xx_syscfg.o
 .debug_aranges
                0x00000000       0x50 ..\obj\stm32f4xx_syscfg.o
 .debug_ranges  0x00000000       0x40 ..\obj\stm32f4xx_syscfg.o
 .debug_line    0x00000000      0x278 ..\obj\stm32f4xx_syscfg.o
 .debug_str     0x00000000      0x2e5 ..\obj\stm32f4xx_syscfg.o
 .comment       0x00000000       0x71 ..\obj\stm32f4xx_syscfg.o
 .ARM.attributes
                0x00000000       0x33 ..\obj\stm32f4xx_syscfg.o
 .debug_frame   0x00000000       0xd8 ..\obj\stm32f4xx_syscfg.o
 .text          0x00000000        0x0 ..\obj\stm32f4xx_sdio.o
 .data          0x00000000        0x0 ..\obj\stm32f4xx_sdio.o
 .bss           0x00000000        0x0 ..\obj\stm32f4xx_sdio.o
 .text.SDIO_DeInit
                0x00000000       0x20 ..\obj\stm32f4xx_sdio.o
 .text.SDIO_Init
                0x00000000       0x68 ..\obj\stm32f4xx_sdio.o
 .text.SDIO_StructInit
                0x00000000       0x44 ..\obj\stm32f4xx_sdio.o
 .text.SDIO_ClockCmd
                0x00000000       0x20 ..\obj\stm32f4xx_sdio.o
 .text.SDIO_SetPowerState
                0x00000000       0x20 ..\obj\stm32f4xx_sdio.o
 .text.SDIO_GetPowerState
                0x00000000       0x1c ..\obj\stm32f4xx_sdio.o
 .text.SDIO_SendCommand
                0x00000000       0x68 ..\obj\stm32f4xx_sdio.o
 .text.SDIO_CmdStructInit
                0x00000000       0x3c ..\obj\stm32f4xx_sdio.o
 .text.SDIO_GetCommandResponse
                0x00000000       0x18 ..\obj\stm32f4xx_sdio.o
 .text.SDIO_GetResponse
                0x00000000       0x2c ..\obj\stm32f4xx_sdio.o
 .text.SDIO_DataConfig
                0x00000000       0x70 ..\obj\stm32f4xx_sdio.o
 .text.SDIO_DataStructInit
                0x00000000       0x44 ..\obj\stm32f4xx_sdio.o
 .text.SDIO_GetDataCounter
                0x00000000       0x18 ..\obj\stm32f4xx_sdio.o
 .text.SDIO_ReadData
                0x00000000       0x18 ..\obj\stm32f4xx_sdio.o
 .text.SDIO_WriteData
                0x00000000       0x20 ..\obj\stm32f4xx_sdio.o
 .text.SDIO_GetFIFOCount
                0x00000000       0x18 ..\obj\stm32f4xx_sdio.o
 .text.SDIO_StartSDIOReadWait
                0x00000000       0x20 ..\obj\stm32f4xx_sdio.o
 .text.SDIO_StopSDIOReadWait
                0x00000000       0x20 ..\obj\stm32f4xx_sdio.o
 .text.SDIO_SetSDIOReadWaitMode
                0x00000000       0x20 ..\obj\stm32f4xx_sdio.o
 .text.SDIO_SetSDIOOperation
                0x00000000       0x20 ..\obj\stm32f4xx_sdio.o
 .text.SDIO_SendSDIOSuspendCmd
                0x00000000       0x20 ..\obj\stm32f4xx_sdio.o
 .text.SDIO_CommandCompletionCmd
                0x00000000       0x20 ..\obj\stm32f4xx_sdio.o
 .text.SDIO_CEATAITCmd
                0x00000000       0x30 ..\obj\stm32f4xx_sdio.o
 .text.SDIO_SendCEATACmd
                0x00000000       0x20 ..\obj\stm32f4xx_sdio.o
 .text.SDIO_DMACmd
                0x00000000       0x20 ..\obj\stm32f4xx_sdio.o
 .text.SDIO_ITConfig
                0x00000000       0x54 ..\obj\stm32f4xx_sdio.o
 .text.SDIO_GetFlagStatus
                0x00000000       0x3c ..\obj\stm32f4xx_sdio.o
 .text.SDIO_ClearFlag
                0x00000000       0x20 ..\obj\stm32f4xx_sdio.o
 .text.SDIO_GetITStatus
                0x00000000       0x3c ..\obj\stm32f4xx_sdio.o
 .text.SDIO_ClearITPendingBit
                0x00000000       0x20 ..\obj\stm32f4xx_sdio.o
 .debug_info    0x00000000      0x8bb ..\obj\stm32f4xx_sdio.o
 .debug_abbrev  0x00000000      0x179 ..\obj\stm32f4xx_sdio.o
 .debug_loc     0x00000000      0x648 ..\obj\stm32f4xx_sdio.o
 .debug_aranges
                0x00000000      0x108 ..\obj\stm32f4xx_sdio.o
 .debug_ranges  0x00000000       0xf8 ..\obj\stm32f4xx_sdio.o
 .debug_line    0x00000000      0x4bb ..\obj\stm32f4xx_sdio.o
 .debug_str     0x00000000      0x617 ..\obj\stm32f4xx_sdio.o
 .comment       0x00000000       0x71 ..\obj\stm32f4xx_sdio.o
 .ARM.attributes
                0x00000000       0x33 ..\obj\stm32f4xx_sdio.o
[...]
Memory Configuration

Name             Origin             Length             Attributes
rom              0x08000000         0x00100000         xr
ram              0x20000000         0x00020000         xrw
ram1             0x10000000         0x00010000         xrw
*default*        0x00000000         0xffffffff

Linker script and memory map

                0x20020000                _eram = 0x20020000

.text           0x08000000      0xcb4
 *(.isr_vector)
 .isr_vector    0x08000000      0x1ac ..\obj\startup_stm32f4xx.o
                0x08000000                g_pfnVectors
 *(.text*)
 .text.TM_DISCO_LedInit
                0x080001ac       0x48 ..\obj\tm_stm32f4_disco.o
                0x080001ac                TM_DISCO_LedInit
 .text.TM_DISCO_LedOn
                0x080001f4       0x28 ..\obj\tm_stm32f4_disco.o
                0x080001f4                TM_DISCO_LedOn
 .text.TM_DISCO_LedOff
                0x0800021c       0x28 ..\obj\tm_stm32f4_disco.o
                0x0800021c                TM_DISCO_LedOff
 .text.Default_Reset_Handler
                0x08000244       0x6c ..\obj\startup_stm32f4xx.o
                0x08000244                Default_Reset_Handler
                0x08000244                Reset_Handler
 .text.Default_Handler
                0x080002b0        0x8 ..\obj\startup_stm32f4xx.o
                0x080002b0                RTC_Alarm_IRQHandler
                0x080002b0                HASH_RNG_IRQHandler
                0x080002b0                EXTI2_IRQHandler
                0x080002b0                TIM8_CC_IRQHandler
                0x080002b0                DebugMon_Handler
                0x080002b0                UART8_IRQHandler
                0x080002b0                SPI4_IRQHandler
                0x080002b0                TIM1_CC_IRQHandler
                0x080002b0                DMA2_Stream5_IRQHandler
                0x080002b0                HardFault_Handler
                0x080002b0                DMA1_Stream5_IRQHandler
                0x080002b0                PVD_IRQHandler
                0x080002b0                SDIO_IRQHandler
                0x080002b0                TAMP_STAMP_IRQHandler
                0x080002b0                PendSV_Handler
                0x080002b0                NMI_Handler
                0x080002b0                CAN2_RX1_IRQHandler
                0x080002b0                EXTI3_IRQHandler
                0x080002b0                TIM8_TRG_COM_TIM14_IRQHandler
                0x080002b0                TIM1_UP_TIM10_IRQHandler
                0x080002b0                TIM8_UP_TIM13_IRQHandler
                0x080002b0                I2C3_ER_IRQHandler
                0x080002b0                EXTI0_IRQHandler
                0x080002b0                I2C2_EV_IRQHandler
                0x080002b0                DMA1_Stream2_IRQHandler
                0x080002b0                CAN1_RX0_IRQHandler
                0x080002b0                FPU_IRQHandler
                0x080002b0                OTG_HS_WKUP_IRQHandler
                0x080002b0                UsageFault_Handler
                0x080002b0                LTDC_ER_IRQHandler
                0x080002b0                CAN2_SCE_IRQHandler
                0x080002b0                DMA2_Stream2_IRQHandler
                0x080002b0                SPI1_IRQHandler
                0x080002b0                TIM6_DAC_IRQHandler
                0x080002b0                TIM1_BRK_TIM9_IRQHandler
                0x080002b0                DCMI_IRQHandler
                0x080002b0                CAN2_RX0_IRQHandler
                0x080002b0                DMA2_Stream3_IRQHandler
                0x080002b0                USART6_IRQHandler
                0x080002b0                USART3_IRQHandler
                0x080002b0                CRYP_IRQHandler
                0x080002b0                CAN1_RX1_IRQHandler
                0x080002b0                UART5_IRQHandler
                0x080002b0                DMA2_Stream0_IRQHandler
                0x080002b0                TIM4_IRQHandler
                0x080002b0                I2C1_EV_IRQHandler
                0x080002b0                DMA1_Stream6_IRQHandler
                0x080002b0                DMA1_Stream1_IRQHandler
                0x080002b0                UART4_IRQHandler
                0x080002b0                TIM3_IRQHandler
                0x080002b0                RCC_IRQHandler
                0x080002b0                TIM8_BRK_TIM12_IRQHandler
                0x080002b0                EXTI15_10_IRQHandler
                0x080002b0                ADC_IRQHandler
                0x080002b0                DMA1_Stream7_IRQHandler
                0x080002b0                SPI5_IRQHandler
                0x080002b0                TIM7_IRQHandler
                0x080002b0                CAN2_TX_IRQHandler
                0x080002b0                TIM5_IRQHandler
                0x080002b0                DMA2_Stream7_IRQHandler
                0x080002b0                I2C3_EV_IRQHandler
                0x080002b0                EXTI9_5_IRQHandler
                0x080002b0                RTC_WKUP_IRQHandler
                0x080002b0                LTDC_IRQHandler
                0x080002b0                ETH_WKUP_IRQHandler
                0x080002b0                SPI2_IRQHandler
                0x080002b0                OTG_HS_EP1_IN_IRQHandler
                0x080002b0                MemManage_Handler
                0x080002b0                DMA1_Stream0_IRQHandler
                0x080002b0                CAN1_TX_IRQHandler
                0x080002b0                SVC_Handler
                0x080002b0                EXTI4_IRQHandler
                0x080002b0                ETH_IRQHandler
                0x080002b0                OTG_HS_EP1_OUT_IRQHandler
                0x080002b0                WWDG_IRQHandler
                0x080002b0                SPI6_IRQHandler
                0x080002b0                TIM2_IRQHandler
                0x080002b0                OTG_FS_WKUP_IRQHandler
                0x080002b0                TIM1_TRG_COM_TIM11_IRQHandler
                0x080002b0                OTG_HS_IRQHandler
                0x080002b0                DMA2D_IRQHandler
                0x080002b0                EXTI1_IRQHandler
                0x080002b0                UART7_IRQHandler
                0x080002b0                USART2_IRQHandler
                0x080002b0                I2C2_ER_IRQHandler
                0x080002b0                DMA2_Stream1_IRQHandler
                0x080002b0                CAN1_SCE_IRQHandler
                0x080002b0                FLASH_IRQHandler
                0x080002b0                DMA2_Stream4_IRQHandler
                0x080002b0                BusFault_Handler
                0x080002b0                USART1_IRQHandler
                0x080002b0                OTG_FS_IRQHandler
                0x080002b0                SPI3_IRQHandler
                0x080002b0                DMA1_Stream4_IRQHandler
                0x080002b0                I2C1_ER_IRQHandler
                0x080002b0                FMC_IRQHandler
                0x080002b0                DMA2_Stream6_IRQHandler
                0x080002b0                SAI1_IRQHandler
                0x080002b0                DMA1_Stream3_IRQHandler
 .text.main     0x080002b8       0x4c ..\obj\main.o
                0x080002b8                main
 .text.RCC_AHB1PeriphClockCmd
                0x08000304       0x54 ..\obj\stm32f4xx_rcc.o
                0x08000304                RCC_AHB1PeriphClockCmd
 .text.RCC_APB2PeriphClockCmd
                0x08000358       0x54 ..\obj\stm32f4xx_rcc.o
                0x08000358                RCC_APB2PeriphClockCmd
 .text.NVIC_SetPriority
                0x080003ac       0x5c ..\obj\tm_stm32f4_delay.o
 .text.SysTick_Config
                0x08000408       0x64 ..\obj\tm_stm32f4_delay.o
 .text.Delayms  0x0800046c       0x38 ..\obj\tm_stm32f4_delay.o
                0x0800046c                Delayms
 .text.SysTick_Handler
                0x080004a4       0x30 ..\obj\tm_stm32f4_delay.o
                0x080004a4                SysTick_Handler
 .text.TM_DELAY_Init
                0x080004d4       0x30 ..\obj\tm_stm32f4_delay.o
                0x080004d4                TM_DELAY_Init
 .text.TM_SPI_Send
                0x08000504       0x5c ..\obj\tm_stm32f4_spi.o
                0x08000504                TM_SPI_Send
 .text.TM_SPI1_Init
                0x08000560      0x158 ..\obj\tm_stm32f4_spi.o
                0x08000560                TM_SPI1_Init
 .text.GPIO_Init
                0x080006b8      0x144 ..\obj\stm32f4xx_gpio.o
                0x080006b8                GPIO_Init
 .text.GPIO_SetBits
                0x080007fc       0x1c ..\obj\stm32f4xx_gpio.o
                0x080007fc                GPIO_SetBits
 .text.GPIO_ResetBits
                0x08000818       0x1c ..\obj\stm32f4xx_gpio.o
                0x08000818                GPIO_ResetBits
 .text.GPIO_PinAFConfig
                0x08000834       0xa8 ..\obj\stm32f4xx_gpio.o
                0x08000834                GPIO_PinAFConfig
 .text.SystemInit
                0x080008dc       0x94 ..\obj\system_stm32f4xx.o
                0x080008dc                SystemInit
 .text.SetSysClock
                0x08000970      0x1e0 ..\obj\system_stm32f4xx.o
 .text.SPI_Init
                0x08000b50       0x88 ..\obj\stm32f4xx_spi.o
                0x08000b50                SPI_Init
 .text.SPI_StructInit
                0x08000bd8       0x5c ..\obj\stm32f4xx_spi.o
                0x08000bd8                SPI_StructInit
 .text.SPI_Cmd  0x08000c34       0x40 ..\obj\stm32f4xx_spi.o
                0x08000c34                SPI_Cmd
 .text.SPI_I2S_GetFlagStatus
                0x08000c74       0x40 ..\obj\stm32f4xx_spi.o
                0x08000c74                SPI_I2S_GetFlagStatus
 *(.init)
 *(.fini)
 *crtbegin.o(.ctors)
 *crtbegin?.o(.ctors)
 *(EXCLUDE_FILE(*crtend.o *crtend?.o) .ctors)
 *(SORT(.ctors.*))
 *(.ctors)
 *crtbegin.o(.dtors)
 *crtbegin?.o(.dtors)
 *(EXCLUDE_FILE(*crtend.o *crtend?.o) .dtors)
 *(SORT(.dtors.*))
 *(.dtors)
 *(.rodata*)
 *(.eh_fram e*)

.glue_7         0x08000cb4        0x0
 .glue_7        0x00000000        0x0 linker stubs

.glue_7t        0x08000cb4        0x0
 .glue_7t       0x00000000        0x0 linker stubs

.vfp11_veneer   0x08000cb4        0x0
 .vfp11_veneer  0x00000000        0x0 linker stubs

.v4_bx          0x08000cb4        0x0
 .v4_bx         0x00000000        0x0 linker stubs

.iplt           0x08000cb4        0x0
 .iplt          0x00000000        0x0 ..\obj\stm32f4xx_syscfg.o

.rel.dyn        0x08000cb4        0x0
 .rel.iplt      0x00000000        0x0 ..\obj\stm32f4xx_syscfg.o

.ARM.extab
 *(.ARM.extab* .gnu.linkonce.armextab.*)
                0x08000cb4                __exidx_start = .

.ARM.exidx
 *(.ARM.exidx* .gnu.linkonce.armexidx.*)
                0x08000cb4                __exidx_end = .
                0x08000cb4                __etext = .
                0x08000cb4                _sidata = __etext

.data           0x20000000       0x14 load address 0x08000cb4
                0x20000000                __data_start__ = .
                0x20000000                _sdata = __data_start__
 *(vtable)
 *(.data*)
 .data          0x20000000       0x14 ..\obj\system_stm32f4xx.o
                0x20000000                SystemCoreClock
                0x20000004                AHBPrescTable
                0x20000014                . = ALIGN (0x4)
                0x20000014                PROVIDE (__preinit_array_start, .)
 *(.preinit_array)
                0x20000014                PROVIDE (__preinit_array_end, .)
                0x20000014                . = ALIGN (0x4)
                0x20000014                PROVIDE (__init_array_start, .)
 *(SORT(.init_array.*))
 *(.init_array)
                0x20000014                PROVIDE (__init_array_end, .)
                0x20000014                . = ALIGN (0x4)
                0x20000014                PROVIDE (__fini_array_start, .)
 *(SORT(.fini_array.*))
 *(.fini_array)
                0x20000014                PROVIDE (__fini_array_end, .)
 *(.jcr*)
                0x20000014                . = ALIGN (0x4)
                0x20000014                __data_end__ = .
                0x20000014                _edata = __data_end__

.igot.plt       0x20000014        0x0 load address 0x08000cc8
 .igot.plt      0x00000000        0x0 ..\obj\stm32f4xx_syscfg.o

.bss            0x20000014        0x4 load address 0x08000cc8
                0x20000014                . = ALIGN (0x4)
                0x20000014                __bss_start__ = .
                0x20000014                _sbss = __bss_start__
 *(.bss*)
 .bss           0x20000014        0x4 ..\obj\tm_stm32f4_delay.o
 *(COMMON)
                0x20000018                . = ALIGN (0x4)
                0x20000018                __bss_end__ = .
                0x20000018                _ebss = __bss_end__

.heap           0x20000018        0x0
                0x20000018                __end__ = .
                0x20000018                _end = __end__
                0x20000018                end = __end__
 *(.heap*)
                0x20000018                __HeapLimit = .

.co_stack       0x20000018      0x800 load address 0x08000ccc
                0x20000018                . = ALIGN (0x8)
 *(.co_stack .co_stack.*)
 .co_stack      0x20000018      0x800 ..\obj\startup_stm32f4xx.o
                0x20000018                pulStack
                0x20020000                __StackTop = (ORIGIN (ram) + 0x20000)
                0x2001f800                __StackLimit = (__StackTop - SIZEOF (.co_stack))
                0x20020000                PROVIDE (__stack, __StackTop)
                0x00000001                ASSERT ((__StackLimit >= __HeapLimit), region ram  overflowed with stack)
LOAD ..\obj\stm32f4xx_syscfg.o
LOAD ..\obj\stm32f4xx_sdio.o
LOAD ..\obj\stm32f4xx_dma2d.o
LOAD ..\obj\stm32f4xx_hash.o
LOAD ..\obj\stm32f4xx_cryp_aes.o
LOAD ..\obj\stm32f4xx_hash_sha1.o
LOAD ..\obj\stm32f4xx_usart.o
LOAD ..\obj\stm32f4xx_pwr.o
LOAD ..\obj\stm32f4xx_can.o
LOAD ..\obj\stm32f4xx_wwdg.o
LOAD ..\obj\stm32f4xx_hash_md5.o
LOAD ..\obj\stm32f4xx_dac.o
LOAD ..\obj\tm_stm32f4_disco.o
LOAD ..\obj\stm32f4xx_ltdc.o
LOAD ..\obj\startup_stm32f4xx.o
LOAD ..\obj\stm32f4xx_crc.o
LOAD ..\obj\stm32f4xx_iwdg.o
LOAD ..\obj\main.o
LOAD ..\obj\stm32f4xx_rcc.o
LOAD ..\obj\stm32f4xx_adc.o
LOAD ..\obj\stm32f4xx_dcmi.o
LOAD ..\obj\tm_stm32f4_delay.o
LOAD ..\obj\stm32f4xx_cryp_des.o
LOAD ..\obj\tm_stm32f4_spi.o
LOAD ..\obj\stm32f4xx_cryp.o
LOAD ..\obj\stm32f4xx_gpio.o
LOAD ..\obj\stm32f4xx_flash.o
LOAD ..\obj\stm32f4xx_sai.o
LOAD ..\obj\system_stm32f4xx.o
LOAD ..\obj\stm32f4xx_dma.o
LOAD ..\obj\stm32f4xx_fmc.o
LOAD ..\obj\stm32f4xx_spi.o
LOAD ..\obj\stm32f4xx_i2c.o
LOAD ..\obj\stm32f4xx_rng.o
LOAD ..\obj\stm32f4xx_exti.o
LOAD ..\obj\misc.o
LOAD ..\obj\stm32f4xx_rtc.o
LOAD ..\obj\stm32f4xx_cryp_tdes.o
LOAD ..\obj\stm32f4xx_tim.o
LOAD ..\obj\stm32f4xx_dbgmcu.o
START GROUP
LOAD c:/program files (x86)/gnu tools arm embedded/4.7 2013q3/bin/../lib/gcc/arm-none-eabi/4.7.4/armv7e-m\libgcc.a
LOAD c:/program files (x86)/gnu tools arm embedded/4.7 2013q3/bin/../lib/gcc/arm-none-eabi/4.7.4/../../../../arm-none-eabi/lib/armv7e-m\libg.a
LOAD c:/program files (x86)/gnu tools arm embedded/4.7 2013q3/bin/../lib/gcc/arm-none-eabi/4.7.4/../../../../arm-none-eabi/lib/armv7e-m\libc.a
END GROUP
OUTPUT(stm32f429_project.elf elf32-littlearm)

.debug_info     0x00000000     0x3bc6
 .debug_info    0x00000000      0x349 ..\obj\tm_stm32f4_disco.o
 .debug_info    0x00000349      0x103 ..\obj\startup_stm32f4xx.o
 .debug_info    0x0000044c      0x213 ..\obj\main.o
 .debug_info    0x0000065f      0xf3b ..\obj\stm32f4xx_rcc.o
 .debug_info    0x0000159a      0x794 ..\obj\tm_stm32f4_delay.o
 .debug_info    0x00001d2e      0x630 ..\obj\tm_stm32f4_spi.o
 .debug_info    0x0000235e      0x643 ..\obj\stm32f4xx_gpio.o
 .debug_info    0x000029a1      0x627 ..\obj\system_stm32f4xx.o
 .debug_info    0x00002fc8      0xbfe ..\obj\stm32f4xx_spi.o

.debug_abbrev   0x00000000      0xb61
 .debug_abbrev  0x00000000      0x12a ..\obj\tm_stm32f4_disco.o
 .debug_abbrev  0x0000012a       0xb2 ..\obj\startup_stm32f4xx.o
 .debug_abbrev  0x000001dc       0xc6 ..\obj\main.o
 .debug_abbrev  0x000002a2      0x1bc ..\obj\stm32f4xx_rcc.o
 .debug_abbrev  0x0000045e      0x188 ..\obj\tm_stm32f4_delay.o
 .debug_abbrev  0x000005e6      0x135 ..\obj\tm_stm32f4_spi.o
 .debug_abbrev  0x0000071b      0x1a5 ..\obj\stm32f4xx_gpio.o
 .debug_abbrev  0x000008c0      0x138 ..\obj\system_stm32f4xx.o
 .debug_abbrev  0x000009f8      0x169 ..\obj\stm32f4xx_spi.o

.debug_loc      0x00000000     0x18bc
 .debug_loc     0x00000000      0x10c ..\obj\tm_stm32f4_disco.o
 .debug_loc     0x0000010c       0x64 ..\obj\startup_stm32f4xx.o
 .debug_loc     0x00000170       0x2c ..\obj\main.o
 .debug_loc     0x0000019c      0xb3c ..\obj\stm32f4xx_rcc.o
 .debug_loc     0x00000cd8      0x138 ..\obj\tm_stm32f4_delay.o
 .debug_loc     0x00000e10      0x188 ..\obj\tm_stm32f4_spi.o
 .debug_loc     0x00000f98      0x310 ..\obj\stm32f4xx_gpio.o
 .debug_loc     0x000012a8       0x9c ..\obj\system_stm32f4xx.o
 .debug_loc     0x00001344      0x578 ..\obj\stm32f4xx_spi.o

.debug_aranges  0x00000000      0x470
 .debug_aranges
                0x00000000       0x40 ..\obj\tm_stm32f4_disco.o
 .debug_aranges
                0x00000040       0x28 ..\obj\startup_stm32f4xx.o
 .debug_aranges
                0x00000068       0x20 ..\obj\main.o
 .debug_aranges
                0x00000088      0x1b8 ..\obj\stm32f4xx_rcc.o
 .debug_aranges
                0x00000240       0x48 ..\obj\tm_stm32f4_delay.o
 .debug_aranges
                0x00000288       0x50 ..\obj\tm_stm32f4_spi.o
 .debug_aranges
                0x000002d8       0x88 ..\obj\stm32f4xx_gpio.o
 .debug_aranges
                0x00000360       0x30 ..\obj\system_stm32f4xx.o
 .debug_aranges
                0x00000390       0xe0 ..\obj\stm32f4xx_spi.o

.debug_ranges   0x00000000      0x3e0
 .debug_ranges  0x00000000       0x30 ..\obj\tm_stm32f4_disco.o
 .debug_ranges  0x00000030       0x18 ..\obj\startup_stm32f4xx.o
 .debug_ranges  0x00000048       0x10 ..\obj\main.o
 .debug_ranges  0x00000058      0x1a8 ..\obj\stm32f4xx_rcc.o
 .debug_ranges  0x00000200       0x38 ..\obj\tm_stm32f4_delay.o
 .debug_ranges  0x00000238       0x40 ..\obj\tm_stm32f4_spi.o
 .debug_ranges  0x00000278       0x78 ..\obj\stm32f4xx_gpio.o
 .debug_ranges  0x000002f0       0x20 ..\obj\system_stm32f4xx.o
 .debug_ranges  0x00000310       0xd0 ..\obj\stm32f4xx_spi.o

.debug_line     0x00000000     0x1dfe
 .debug_line    0x00000000      0x2bd ..\obj\tm_stm32f4_disco.o
 .debug_line    0x000002bd       0xca ..\obj\startup_stm32f4xx.o
 .debug_line    0x00000387      0x2d1 ..\obj\main.o
 .debug_line    0x00000658      0x6bb ..\obj\stm32f4xx_rcc.o
 .debug_line    0x00000d13      0x28d ..\obj\tm_stm32f4_delay.o
 .debug_line    0x00000fa0      0x3ab ..\obj\tm_stm32f4_spi.o
 .debug_line    0x0000134b      0x3bc ..\obj\stm32f4xx_gpio.o
 .debug_line    0x00001707      0x224 ..\obj\system_stm32f4xx.o
 .debug_line    0x0000192b      0x4d3 ..\obj\stm32f4xx_spi.o

.debug_str      0x00000000     0x1b11
 .debug_str     0x00000000      0x32b ..\obj\tm_stm32f4_disco.o
                                0x367 (size before relaxing)
 .debug_str     0x0000032b       0xd9 ..\obj\startup_stm32f4xx.o
                                0x13d (size before relaxing)
 .debug_str     0x00000404      0x110 ..\obj\main.o
                                0x215 (size before relaxing)
 .debug_str     0x00000514      0x7d5 ..\obj\stm32f4xx_rcc.o
                                0x969 (size before relaxing)
 .debug_str     0x00000ce9      0x6dc ..\obj\tm_stm32f4_delay.o
                                0x824 (size before relaxing)
 .debug_str     0x000013c5      0x16e ..\obj\tm_stm32f4_spi.o
                                0x4c2 (size before relaxing)
 .debug_str     0x00001533      0x1cc ..\obj\stm32f4xx_gpio.o
                                0x46c (size before relaxing)
 .debug_str     0x000016ff       0xe4 ..\obj\system_stm32f4xx.o
                                0x390 (size before relaxing)
 .debug_str     0x000017e3      0x32e ..\obj\stm32f4xx_spi.o
                                0x669 (size before relaxing)

.comment        0x00000000       0x70
 .comment       0x00000000       0x70 ..\obj\tm_stm32f4_disco.o
                                 0x71 (size before relaxing)
 .comment       0x00000000       0x71 ..\obj\startup_stm32f4xx.o
 .comment       0x00000000       0x71 ..\obj\main.o
 .comment       0x00000000       0x71 ..\obj\stm32f4xx_rcc.o
 .comment       0x00000000       0x71 ..\obj\tm_stm32f4_delay.o
 .comment       0x00000000       0x71 ..\obj\tm_stm32f4_spi.o
 .comment       0x00000000       0x71 ..\obj\stm32f4xx_gpio.o
 .comment       0x00000000       0x71 ..\obj\system_stm32f4xx.o
 .comment       0x00000000       0x71 ..\obj\stm32f4xx_spi.o

.ARM.attributes
                0x00000000       0x33
 .ARM.attributes
                0x00000000       0x33 ..\obj\tm_stm32f4_disco.o
 .ARM.attributes
                0x00000033       0x33 ..\obj\startup_stm32f4xx.o
 .ARM.attributes
                0x00000066       0x33 ..\obj\main.o
 .ARM.attributes
                0x00000099       0x33 ..\obj\stm32f4xx_rcc.o
 .ARM.attributes
                0x000000cc       0x33 ..\obj\tm_stm32f4_delay.o
 .ARM.attributes
                0x000000ff       0x33 ..\obj\tm_stm32f4_spi.o
 .ARM.attributes
                0x00000132       0x33 ..\obj\stm32f4xx_gpio.o
 .ARM.attributes
                0x00000165       0x33 ..\obj\system_stm32f4xx.o
 .ARM.attributes
                0x00000198       0x33 ..\obj\stm32f4xx_spi.o

.debug_frame    0x00000000      0xd50
 .debug_frame   0x00000000       0xac ..\obj\tm_stm32f4_disco.o
 .debug_frame   0x000000ac       0x48 ..\obj\startup_stm32f4xx.o
 .debug_frame   0x000000f4       0x2c ..\obj\main.o
 .debug_frame   0x00000120      0x5b8 ..\obj\stm32f4xx_rcc.o
 .debug_frame   0x000006d8       0xb8 ..\obj\tm_stm32f4_delay.o
 .debug_frame   0x00000790       0xf0 ..\obj\tm_stm32f4_spi.o
 .debug_frame   0x00000880      0x19c ..\obj\stm32f4xx_gpio.o
 .debug_frame   0x00000a1c       0x64 ..\obj\system_stm32f4xx.o
 .debug_frame   0x00000a80      0x2d0 ..\obj\stm32f4xx_spi.o
