<html>
<body>
<pre>
<h1>µVision Build Log</h1>
<h2>Project:</h2>
C:\Users\tilz0R\Google Drive\JAVNO\ELEKTRONIKA\ARM\STM32F429\majerle.eu\24-STM32F429_USB_VCP\MDK-ARM\project.uvproj
Project File Date:  08/02/2014

<h2>Output:</h2>
Build target 'STM32F407 VG'
compiling tm_stm32f4_usb_vcp.c...
compiling main.c...
compiling usb_bsp.c...
compiling usbd_cdc_vcp.c...
compiling usbd_usr.c...
linking...
Program Size: Code=8152 RO-data=424 RW-data=360 ZI-data=5048  
FromELF: creating hex file...
".\project.axf" - 0 Error(s), 0 Warning(s).
Load "C:\\Users\\tilz0R\\Google Drive\\JAVNO\\ELEKTRONIKA\\ARM\\STM32F429\\majerle.eu\\24-STM32F429_USB_VCP\\MDK-ARM\\project.axf" 
Erase Done.
Programming Done.
Verify OK.
Application running ...
romELF: creating hex file...
".\project.axf" - 0 Error(s), 0 Warning(s).
Load "C:\\Users\\tilz0R\\Google Drive\\JAVNO\\ELEKTRONIKA\\ARM\\STM32F429\\majerle.eu\\24-STM32F429_USB_VCP\\MDK-ARM\\project.axf" 
Erase Done.
Programming Done.
Verify OK.
Application running ...
 RW-data=460 ZI-data=5044  
FromELF: creating hex file...
".\project.axf" - 0 Error(s), 0 Warning(s).
Load "C:\\Users\\tilz0R\\Google Drive\\JAVNO\\ELEKTRONIKA\\ARM\\STM32F429\\majerle.eu\\24-STM32F429_USB_VCP\\MDK-ARM\\project.axf" 
Error: Flash Download failed  -  Target DLL has been cancelled
Load "C:\\Users\\tilz0R\\Google Drive\\JAVNO\\ELEKTRONIKA\\ARM\\STM32F429\\majerle.eu\\24-STM32F429_USB_VCP\\MDK-ARM\\project.axf" 
Erase Done.
Programming Done.
Verify OK.
Application running ...
