<html>
<body>
<pre>
<h1>µVision Build Log</h1>
<h2>Project:</h2>
C:\Users\tilz0R\Google Drive\JAVNO\ELEKTRONIKA\ARM\STM32F429\majerle.eu\STM32F429_nRF24L01+\MDK-ARM\project.uvproj
Project File Date:  06/16/2014

<h2>Output:</h2>
Build target 'STM32F429 ZI'
compiling main.c...
linking...
Program Size: Code=10188 RO-data=460 RW-data=64 ZI-data=2000  
FromELF: creating hex file...
".\project.axf" - 0 Error(s), 0 Warning(s).
Load "C:\\Users\\tilz0R\\Google Drive\\JAVNO\\ELEKTRONIKA\\ARM\\STM32F429\\majerle.eu\\STM32F429_nRF24L01+\\MDK-ARM\\project.axf" 
Erase Done.
Programming Done.
Verify OK.
Application running ...
</pre>
</body>
</html>
ning ...
Load "C:\\Users\\tilz0R\\Google Drive\\JAVNO\\ELEKTRONIKA\\ARM\\STM32F429\\majerle.eu\\STM32F429_nRF24L01+\\MDK-ARM\\project.axf" 
Erase Done.
Programming Done.
Verify OK.
Application running ...
er "TM_NRF24L01_Transmit_Status" is undefined
  extern TM_NRF24L01_Transmit_Status TM_NRF24L01_GetTransmissionStatus(void);
..\User\main.c: 0 warnings, 1 error
".\project.axf" - 3 Error(s), 0 Warning(s).
Target not created
24L01_Transmit_Status transmissionStatus;
..\User\main.c: 0 warnings, 2 errors
".\project.axf" - 4 Error(s), 0 Warning(s).
Target not created
le.eu\\STM32F429_nRF24L01+\\MDK-ARM\\project.axf" 
Erase Done.
Programming Done.
Verify OK.
Application running ...
ined
                                TM_ILI9341_Puts(10, 300, "LOST ", &TM_Font_7x10, ILI9341_COLOR_BLACK, ILI9341_COLOR_RED);
..\User\main.c(92): error:  #20: identifier "ILI9341_COLOR_BLACK" is undefined
                                TM_ILI9341_Puts(10, 300, "LOST ", &TM_Font_7x10, ILI9341_COLOR_BLACK, ILI9341_COLOR_RED);
..\User\main.c(92): error:  #20: identifier "ILI9341_COLOR_RED" is undefined
                                TM_ILI9341_Puts(10, 300, "LOST ", &TM_Font_7x10, ILI9341_COLOR_BLACK, ILI9341_COLOR_RED);
..\User\main.c(94): warning:  #223-D: function "TM_ILI9341_Puts" declared implicitly
                                TM_ILI9341_Puts(10, 300, "ERROR", &TM_Font_7x10, ILI9341_COLOR_BLACK, ILI9341_COLOR_RED);
..\User\main.c(94): error:  #20: identifier "TM_Font_7x10" is undefined
                                TM_ILI9341_Puts(10, 300, "ERROR", &TM_Font_7x10, ILI9341_COLOR_BLACK, ILI9341_COLOR_RED);
..\User\main.c(94): error:  #20: identifier "ILI9341_COLOR_BLACK" is undefined
                                TM_ILI9341_Puts(10, 300, "ERROR", &TM_Font_7x10, ILI9341_COLOR_BLACK, ILI9341_COLOR_RED);
..\User\main.c(94): error:  #20: identifier "ILI9341_COLOR_RED" is undefined
                                TM_ILI9341_Puts(10, 300, "ERROR", &TM_Font_7x10, ILI9341_COLOR_BLACK, ILI9341_COLOR_RED);
..\User\main.c(37): warning:  #177-D: variable "str" was declared but never referenced
        char str[40];
..\User\main.c: 4 warnings, 9 errors
".\project.axf" - 9 Error(s), 4 Warning(s).
Target not created
Warning(s).
Target not created
d
