<html>
<body>
<pre>
<h1>µVision Build Log</h1>
<h2>Project:</h2>
C:\Users\tilz0R\Google Drive\JAVNO\ELEKTRONIKA\ARM\STM32F429\majerle.eu\17-STM32F429_nRF24L01+\MDK-ARM\project.uvproj
Project File Date:  06/21/2014

<h2>Output:</h2>
Build target 'STM32F429 ZI'
compiling system_stm32f4xx.c...
assembling startup_stm32f429_439xx.s...
compiling misc.c...
compiling stm32f4xx_rcc.c...
compiling stm32f4xx_gpio.c...
compiling stm32f4xx_usart.c...
compiling stm32f4xx_spi.c...
compiling tm_stm32f4_delay.c...
compiling tm_stm32f4_spi.c...
compiling tm_stm32f4_nrf24l01.c...
compiling tm_stm32f4_disco.c...
compiling tm_stm32f4_usart.c...
compiling main.c...
compiling stm32f4xx_it.c...
linking...
Program Size: Code=10312 RO-data=460 RW-data=68 ZI-data=2004  
FromELF: creating hex file...
".\project.axf" - 0 Error(s), 0 Warning(s).
</pre>
</body>
</html>
