<!doctype html public "-//w3c//dtd html 4.0 transitional//en">
<html><head>
<title>Static Call Graph - [.\project.axf]</title></head>
<body><HR>
<H1>Static Call Graph for image .\project.axf</H1><HR>
<BR><P>#&#060CALLGRAPH&#062# ARM Linker, 5040049: Last Updated: Sat Jun 21 18:44:30 2014
<BR><P>
<H3>Maximum Stack Usage =        160 bytes + Unknown(Functions without stacksize, Cycles, Untraceable Function Pointers)</H3><H3>
Call chain for Maximum Stack Depth:</H3>
__rt_entry_main &rArr; main &rArr; __2sprintf &rArr; _printf_char_common &rArr; __printf
<P>
<H3>
Functions with no stack information
</H3><UL>
 <LI><a href="#[6d]">__user_initial_stackheap</a>
</UL>
</UL>
<P>
<H3>
Mutually Recursive functions
</H3> <LI><a href="#[1e]">ADC_IRQHandler</a>&nbsp;&nbsp;&nbsp;&rArr;&nbsp;&nbsp;&nbsp;<a href="#[1e]">ADC_IRQHandler</a><BR>
 <LI><a href="#[4]">HardFault_Handler</a>&nbsp;&nbsp;&nbsp;&rArr;&nbsp;&nbsp;&nbsp;<a href="#[4]">HardFault_Handler</a><BR>
 <LI><a href="#[5]">MemManage_Handler</a>&nbsp;&nbsp;&nbsp;&rArr;&nbsp;&nbsp;&nbsp;<a href="#[5]">MemManage_Handler</a><BR>
 <LI><a href="#[6]">BusFault_Handler</a>&nbsp;&nbsp;&nbsp;&rArr;&nbsp;&nbsp;&nbsp;<a href="#[6]">BusFault_Handler</a><BR>
 <LI><a href="#[7]">UsageFault_Handler</a>&nbsp;&nbsp;&nbsp;&rArr;&nbsp;&nbsp;&nbsp;<a href="#[7]">UsageFault_Handler</a><BR>
</UL>
<P>
<H3>
Function Pointers
</H3><UL>
 <LI><a href="#[1e]">ADC_IRQHandler</a> from startup_stm32f429_439xx.o(.text) referenced from startup_stm32f429_439xx.o(RESET)
 <LI><a href="#[6]">BusFault_Handler</a> from stm32f4xx_it.o(.text) referenced from startup_stm32f429_439xx.o(RESET)
 <LI><a href="#[20]">CAN1_RX0_IRQHandler</a> from startup_stm32f429_439xx.o(.text) referenced from startup_stm32f429_439xx.o(RESET)
 <LI><a href="#[21]">CAN1_RX1_IRQHandler</a> from startup_stm32f429_439xx.o(.text) referenced from startup_stm32f429_439xx.o(RESET)
 <LI><a href="#[22]">CAN1_SCE_IRQHandler</a> from startup_stm32f429_439xx.o(.text) referenced from startup_stm32f429_439xx.o(RESET)
 <LI><a href="#[1f]">CAN1_TX_IRQHandler</a> from startup_stm32f429_439xx.o(.text) referenced from startup_stm32f429_439xx.o(RESET)
 <LI><a href="#[4c]">CAN2_RX0_IRQHandler</a> from startup_stm32f429_439xx.o(.text) referenced from startup_stm32f429_439xx.o(RESET)
 <LI><a href="#[4d]">CAN2_RX1_IRQHandler</a> from startup_stm32f429_439xx.o(.text) referenced from startup_stm32f429_439xx.o(RESET)
 <LI><a href="#[4e]">CAN2_SCE_IRQHandler</a> from startup_stm32f429_439xx.o(.text) referenced from startup_stm32f429_439xx.o(RESET)
 <LI><a href="#[4b]">CAN2_TX_IRQHandler</a> from startup_stm32f429_439xx.o(.text) referenced from startup_stm32f429_439xx.o(RESET)
 <LI><a href="#[5b]">CRYP_IRQHandler</a> from startup_stm32f429_439xx.o(.text) referenced from startup_stm32f429_439xx.o(RESET)
 <LI><a href="#[5a]">DCMI_IRQHandler</a> from startup_stm32f429_439xx.o(.text) referenced from startup_stm32f429_439xx.o(RESET)
 <LI><a href="#[17]">DMA1_Stream0_IRQHandler</a> from startup_stm32f429_439xx.o(.text) referenced from startup_stm32f429_439xx.o(RESET)
 <LI><a href="#[18]">DMA1_Stream1_IRQHandler</a> from startup_stm32f429_439xx.o(.text) referenced from startup_stm32f429_439xx.o(RESET)
 <LI><a href="#[19]">DMA1_Stream2_IRQHandler</a> from startup_stm32f429_439xx.o(.text) referenced from startup_stm32f429_439xx.o(RESET)
 <LI><a href="#[1a]">DMA1_Stream3_IRQHandler</a> from startup_stm32f429_439xx.o(.text) referenced from startup_stm32f429_439xx.o(RESET)
 <LI><a href="#[1b]">DMA1_Stream4_IRQHandler</a> from startup_stm32f429_439xx.o(.text) referenced from startup_stm32f429_439xx.o(RESET)
 <LI><a href="#[1c]">DMA1_Stream5_IRQHandler</a> from startup_stm32f429_439xx.o(.text) referenced from startup_stm32f429_439xx.o(RESET)
 <LI><a href="#[1d]">DMA1_Stream6_IRQHandler</a> from startup_stm32f429_439xx.o(.text) referenced from startup_stm32f429_439xx.o(RESET)
 <LI><a href="#[3b]">DMA1_Stream7_IRQHandler</a> from startup_stm32f429_439xx.o(.text) referenced from startup_stm32f429_439xx.o(RESET)
 <LI><a href="#[66]">DMA2D_IRQHandler</a> from startup_stm32f429_439xx.o(.text) referenced from startup_stm32f429_439xx.o(RESET)
 <LI><a href="#[44]">DMA2_Stream0_IRQHandler</a> from startup_stm32f429_439xx.o(.text) referenced from startup_stm32f429_439xx.o(RESET)
 <LI><a href="#[45]">DMA2_Stream1_IRQHandler</a> from startup_stm32f429_439xx.o(.text) referenced from startup_stm32f429_439xx.o(RESET)
 <LI><a href="#[46]">DMA2_Stream2_IRQHandler</a> from startup_stm32f429_439xx.o(.text) referenced from startup_stm32f429_439xx.o(RESET)
 <LI><a href="#[47]">DMA2_Stream3_IRQHandler</a> from startup_stm32f429_439xx.o(.text) referenced from startup_stm32f429_439xx.o(RESET)
 <LI><a href="#[48]">DMA2_Stream4_IRQHandler</a> from startup_stm32f429_439xx.o(.text) referenced from startup_stm32f429_439xx.o(RESET)
 <LI><a href="#[50]">DMA2_Stream5_IRQHandler</a> from startup_stm32f429_439xx.o(.text) referenced from startup_stm32f429_439xx.o(RESET)
 <LI><a href="#[51]">DMA2_Stream6_IRQHandler</a> from startup_stm32f429_439xx.o(.text) referenced from startup_stm32f429_439xx.o(RESET)
 <LI><a href="#[52]">DMA2_Stream7_IRQHandler</a> from startup_stm32f429_439xx.o(.text) referenced from startup_stm32f429_439xx.o(RESET)
 <LI><a href="#[9]">DebugMon_Handler</a> from stm32f4xx_it.o(.text) referenced from startup_stm32f429_439xx.o(RESET)
 <LI><a href="#[49]">ETH_IRQHandler</a> from startup_stm32f429_439xx.o(.text) referenced from startup_stm32f429_439xx.o(RESET)
 <LI><a href="#[4a]">ETH_WKUP_IRQHandler</a> from startup_stm32f429_439xx.o(.text) referenced from startup_stm32f429_439xx.o(RESET)
 <LI><a href="#[12]">EXTI0_IRQHandler</a> from startup_stm32f429_439xx.o(.text) referenced from startup_stm32f429_439xx.o(RESET)
 <LI><a href="#[34]">EXTI15_10_IRQHandler</a> from startup_stm32f429_439xx.o(.text) referenced from startup_stm32f429_439xx.o(RESET)
 <LI><a href="#[13]">EXTI1_IRQHandler</a> from startup_stm32f429_439xx.o(.text) referenced from startup_stm32f429_439xx.o(RESET)
 <LI><a href="#[14]">EXTI2_IRQHandler</a> from startup_stm32f429_439xx.o(.text) referenced from startup_stm32f429_439xx.o(RESET)
 <LI><a href="#[15]">EXTI3_IRQHandler</a> from startup_stm32f429_439xx.o(.text) referenced from startup_stm32f429_439xx.o(RESET)
 <LI><a href="#[16]">EXTI4_IRQHandler</a> from startup_stm32f429_439xx.o(.text) referenced from startup_stm32f429_439xx.o(RESET)
 <LI><a href="#[23]">EXTI9_5_IRQHandler</a> from startup_stm32f429_439xx.o(.text) referenced from startup_stm32f429_439xx.o(RESET)
 <LI><a href="#[10]">FLASH_IRQHandler</a> from startup_stm32f429_439xx.o(.text) referenced from startup_stm32f429_439xx.o(RESET)
 <LI><a href="#[3c]">FMC_IRQHandler</a> from startup_stm32f429_439xx.o(.text) referenced from startup_stm32f429_439xx.o(RESET)
 <LI><a href="#[5d]">FPU_IRQHandler</a> from startup_stm32f429_439xx.o(.text) referenced from startup_stm32f429_439xx.o(RESET)
 <LI><a href="#[5c]">HASH_RNG_IRQHandler</a> from startup_stm32f429_439xx.o(.text) referenced from startup_stm32f429_439xx.o(RESET)
 <LI><a href="#[4]">HardFault_Handler</a> from stm32f4xx_it.o(.text) referenced from startup_stm32f429_439xx.o(RESET)
 <LI><a href="#[2c]">I2C1_ER_IRQHandler</a> from startup_stm32f429_439xx.o(.text) referenced from startup_stm32f429_439xx.o(RESET)
 <LI><a href="#[2b]">I2C1_EV_IRQHandler</a> from startup_stm32f429_439xx.o(.text) referenced from startup_stm32f429_439xx.o(RESET)
 <LI><a href="#[2e]">I2C2_ER_IRQHandler</a> from startup_stm32f429_439xx.o(.text) referenced from startup_stm32f429_439xx.o(RESET)
 <LI><a href="#[2d]">I2C2_EV_IRQHandler</a> from startup_stm32f429_439xx.o(.text) referenced from startup_stm32f429_439xx.o(RESET)
 <LI><a href="#[55]">I2C3_ER_IRQHandler</a> from startup_stm32f429_439xx.o(.text) referenced from startup_stm32f429_439xx.o(RESET)
 <LI><a href="#[54]">I2C3_EV_IRQHandler</a> from startup_stm32f429_439xx.o(.text) referenced from startup_stm32f429_439xx.o(RESET)
 <LI><a href="#[65]">LTDC_ER_IRQHandler</a> from startup_stm32f429_439xx.o(.text) referenced from startup_stm32f429_439xx.o(RESET)
 <LI><a href="#[64]">LTDC_IRQHandler</a> from startup_stm32f429_439xx.o(.text) referenced from startup_stm32f429_439xx.o(RESET)
 <LI><a href="#[5]">MemManage_Handler</a> from stm32f4xx_it.o(.text) referenced from startup_stm32f429_439xx.o(RESET)
 <LI><a href="#[3]">NMI_Handler</a> from stm32f4xx_it.o(.text) referenced from startup_stm32f429_439xx.o(RESET)
 <LI><a href="#[4f]">OTG_FS_IRQHandler</a> from startup_stm32f429_439xx.o(.text) referenced from startup_stm32f429_439xx.o(RESET)
 <LI><a href="#[36]">OTG_FS_WKUP_IRQHandler</a> from startup_stm32f429_439xx.o(.text) referenced from startup_stm32f429_439xx.o(RESET)
 <LI><a href="#[57]">OTG_HS_EP1_IN_IRQHandler</a> from startup_stm32f429_439xx.o(.text) referenced from startup_stm32f429_439xx.o(RESET)
 <LI><a href="#[56]">OTG_HS_EP1_OUT_IRQHandler</a> from startup_stm32f429_439xx.o(.text) referenced from startup_stm32f429_439xx.o(RESET)
 <LI><a href="#[59]">OTG_HS_IRQHandler</a> from startup_stm32f429_439xx.o(.text) referenced from startup_stm32f429_439xx.o(RESET)
 <LI><a href="#[58]">OTG_HS_WKUP_IRQHandler</a> from startup_stm32f429_439xx.o(.text) referenced from startup_stm32f429_439xx.o(RESET)
 <LI><a href="#[d]">PVD_IRQHandler</a> from startup_stm32f429_439xx.o(.text) referenced from startup_stm32f429_439xx.o(RESET)
 <LI><a href="#[a]">PendSV_Handler</a> from stm32f4xx_it.o(.text) referenced from startup_stm32f429_439xx.o(RESET)
 <LI><a href="#[11]">RCC_IRQHandler</a> from startup_stm32f429_439xx.o(.text) referenced from startup_stm32f429_439xx.o(RESET)
 <LI><a href="#[35]">RTC_Alarm_IRQHandler</a> from startup_stm32f429_439xx.o(.text) referenced from startup_stm32f429_439xx.o(RESET)
 <LI><a href="#[f]">RTC_WKUP_IRQHandler</a> from startup_stm32f429_439xx.o(.text) referenced from startup_stm32f429_439xx.o(RESET)
 <LI><a href="#[6b]">Reset_Handler</a> from startup_stm32f429_439xx.o(.text) referenced from startup_stm32f429_439xx.o(RESET)
 <LI><a href="#[63]">SAI1_IRQHandler</a> from startup_stm32f429_439xx.o(.text) referenced from startup_stm32f429_439xx.o(RESET)
 <LI><a href="#[3d]">SDIO_IRQHandler</a> from startup_stm32f429_439xx.o(.text) referenced from startup_stm32f429_439xx.o(RESET)
 <LI><a href="#[2f]">SPI1_IRQHandler</a> from startup_stm32f429_439xx.o(.text) referenced from startup_stm32f429_439xx.o(RESET)
 <LI><a href="#[30]">SPI2_IRQHandler</a> from startup_stm32f429_439xx.o(.text) referenced from startup_stm32f429_439xx.o(RESET)
 <LI><a href="#[3f]">SPI3_IRQHandler</a> from startup_stm32f429_439xx.o(.text) referenced from startup_stm32f429_439xx.o(RESET)
 <LI><a href="#[60]">SPI4_IRQHandler</a> from startup_stm32f429_439xx.o(.text) referenced from startup_stm32f429_439xx.o(RESET)
 <LI><a href="#[61]">SPI5_IRQHandler</a> from startup_stm32f429_439xx.o(.text) referenced from startup_stm32f429_439xx.o(RESET)
 <LI><a href="#[62]">SPI6_IRQHandler</a> from startup_stm32f429_439xx.o(.text) referenced from startup_stm32f429_439xx.o(RESET)
 <LI><a href="#[8]">SVC_Handler</a> from stm32f4xx_it.o(.text) referenced from startup_stm32f429_439xx.o(RESET)
 <LI><a href="#[b]">SysTick_Handler</a> from stm32f4xx_it.o(.text) referenced from startup_stm32f429_439xx.o(RESET)
 <LI><a href="#[67]">SystemInit</a> from system_stm32f4xx.o(.text) referenced from startup_stm32f429_439xx.o(.text)
 <LI><a href="#[e]">TAMP_STAMP_IRQHandler</a> from startup_stm32f429_439xx.o(.text) referenced from startup_stm32f429_439xx.o(RESET)
 <LI><a href="#[24]">TIM1_BRK_TIM9_IRQHandler</a> from startup_stm32f429_439xx.o(.text) referenced from startup_stm32f429_439xx.o(RESET)
 <LI><a href="#[27]">TIM1_CC_IRQHandler</a> from startup_stm32f429_439xx.o(.text) referenced from startup_stm32f429_439xx.o(RESET)
 <LI><a href="#[26]">TIM1_TRG_COM_TIM11_IRQHandler</a> from startup_stm32f429_439xx.o(.text) referenced from startup_stm32f429_439xx.o(RESET)
 <LI><a href="#[25]">TIM1_UP_TIM10_IRQHandler</a> from startup_stm32f429_439xx.o(.text) referenced from startup_stm32f429_439xx.o(RESET)
 <LI><a href="#[28]">TIM2_IRQHandler</a> from startup_stm32f429_439xx.o(.text) referenced from startup_stm32f429_439xx.o(RESET)
 <LI><a href="#[29]">TIM3_IRQHandler</a> from startup_stm32f429_439xx.o(.text) referenced from startup_stm32f429_439xx.o(RESET)
 <LI><a href="#[2a]">TIM4_IRQHandler</a> from startup_stm32f429_439xx.o(.text) referenced from startup_stm32f429_439xx.o(RESET)
 <LI><a href="#[3e]">TIM5_IRQHandler</a> from startup_stm32f429_439xx.o(.text) referenced from startup_stm32f429_439xx.o(RESET)
 <LI><a href="#[42]">TIM6_DAC_IRQHandler</a> from startup_stm32f429_439xx.o(.text) referenced from startup_stm32f429_439xx.o(RESET)
 <LI><a href="#[43]">TIM7_IRQHandler</a> from startup_stm32f429_439xx.o(.text) referenced from startup_stm32f429_439xx.o(RESET)
 <LI><a href="#[37]">TIM8_BRK_TIM12_IRQHandler</a> from startup_stm32f429_439xx.o(.text) referenced from startup_stm32f429_439xx.o(RESET)
 <LI><a href="#[3a]">TIM8_CC_IRQHandler</a> from startup_stm32f429_439xx.o(.text) referenced from startup_stm32f429_439xx.o(RESET)
 <LI><a href="#[39]">TIM8_TRG_COM_TIM14_IRQHandler</a> from startup_stm32f429_439xx.o(.text) referenced from startup_stm32f429_439xx.o(RESET)
 <LI><a href="#[38]">TIM8_UP_TIM13_IRQHandler</a> from startup_stm32f429_439xx.o(.text) referenced from startup_stm32f429_439xx.o(RESET)
 <LI><a href="#[40]">UART4_IRQHandler</a> from tm_stm32f4_usart.o(.text) referenced from startup_stm32f429_439xx.o(RESET)
 <LI><a href="#[41]">UART5_IRQHandler</a> from tm_stm32f4_usart.o(.text) referenced from startup_stm32f429_439xx.o(RESET)
 <LI><a href="#[5e]">UART7_IRQHandler</a> from tm_stm32f4_usart.o(.text) referenced from startup_stm32f429_439xx.o(RESET)
 <LI><a href="#[5f]">UART8_IRQHandler</a> from tm_stm32f4_usart.o(.text) referenced from startup_stm32f429_439xx.o(RESET)
 <LI><a href="#[31]">USART1_IRQHandler</a> from tm_stm32f4_usart.o(.text) referenced from startup_stm32f429_439xx.o(RESET)
 <LI><a href="#[32]">USART2_IRQHandler</a> from tm_stm32f4_usart.o(.text) referenced from startup_stm32f429_439xx.o(RESET)
 <LI><a href="#[33]">USART3_IRQHandler</a> from tm_stm32f4_usart.o(.text) referenced from startup_stm32f429_439xx.o(RESET)
 <LI><a href="#[53]">USART6_IRQHandler</a> from tm_stm32f4_usart.o(.text) referenced from startup_stm32f429_439xx.o(RESET)
 <LI><a href="#[7]">UsageFault_Handler</a> from stm32f4xx_it.o(.text) referenced from startup_stm32f429_439xx.o(RESET)
 <LI><a href="#[c]">WWDG_IRQHandler</a> from startup_stm32f429_439xx.o(.text) referenced from startup_stm32f429_439xx.o(RESET)
 <LI><a href="#[6c]">__main</a> from __main.o(!!!main) referenced from startup_stm32f429_439xx.o(.text)
 <LI><a href="#[6a]">_printf_input_char</a> from _printf_char_common.o(.text) referenced from _printf_char_common.o(.text)
 <LI><a href="#[69]">_sputc</a> from _sputc.o(.text) referenced from noretval__2sprintf.o(.text)
</UL>
<P>
<H3>
Global Symbols
</H3>
<P><STRONG><a name="[6c]"></a>__main</STRONG> (Thumb, 8 bytes, Stack size 0 bytes, __main.o(!!!main))
<BR><BR>[Calls]<UL><LI><a href="#[6e]">&gt;&gt;</a>&nbsp;&nbsp;&nbsp;__scatterload
<LI><a href="#[6f]">&gt;&gt;</a>&nbsp;&nbsp;&nbsp;__rt_entry
</UL>

<P><STRONG><a name="[6e]"></a>__scatterload</STRONG> (Thumb, 0 bytes, Stack size unknown bytes, __scatter.o(!!!scatter))
<BR><BR>[Called By]<UL><LI><a href="#[6c]">&gt;&gt;</a>&nbsp;&nbsp;&nbsp;__main
</UL>

<P><STRONG><a name="[70]"></a>__scatterload_rt2</STRONG> (Thumb, 44 bytes, Stack size unknown bytes, __scatter.o(!!!scatter), UNUSED)
<BR><BR>[Calls]<UL><LI><a href="#[6f]">&gt;&gt;</a>&nbsp;&nbsp;&nbsp;__rt_entry
</UL>

<P><STRONG><a name="[e4]"></a>__scatterload_rt2_thumb_only</STRONG> (Thumb, 0 bytes, Stack size unknown bytes, __scatter.o(!!!scatter), UNUSED)

<P><STRONG><a name="[e5]"></a>__scatterload_null</STRONG> (Thumb, 0 bytes, Stack size unknown bytes, __scatter.o(!!!scatter), UNUSED)

<P><STRONG><a name="[71]"></a>__scatterload_copy</STRONG> (Thumb, 26 bytes, Stack size unknown bytes, __scatter_copy.o(!!handler_copy), UNUSED)
<BR><BR>[Calls]<UL><LI><a href="#[71]">&gt;&gt;</a>&nbsp;&nbsp;&nbsp;__scatterload_copy
</UL>
<BR>[Called By]<UL><LI><a href="#[71]">&gt;&gt;</a>&nbsp;&nbsp;&nbsp;__scatterload_copy
</UL>

<P><STRONG><a name="[e6]"></a>__scatterload_zeroinit</STRONG> (Thumb, 28 bytes, Stack size unknown bytes, __scatter_zi.o(!!handler_zi), UNUSED)

<P><STRONG><a name="[72]"></a>_printf_d</STRONG> (Thumb, 0 bytes, Stack size unknown bytes, _printf_d.o(.ARM.Collect$$_printf_percent$$00000009))
<BR><BR>[Stack]<UL><LI>Max Depth = 56 + Unknown Stack Size
<LI>Call Chain = _printf_d &rArr; _printf_int_dec &rArr; _printf_int_common
</UL>
<BR>[Calls]<UL><LI><a href="#[73]">&gt;&gt;</a>&nbsp;&nbsp;&nbsp;_printf_int_dec
</UL>

<P><STRONG><a name="[e0]"></a>_printf_percent</STRONG> (Thumb, 0 bytes, Stack size unknown bytes, _printf_percent.o(.ARM.Collect$$_printf_percent$$00000000))
<BR><BR>[Called By]<UL><LI><a href="#[df]">&gt;&gt;</a>&nbsp;&nbsp;&nbsp;__printf
</UL>

<P><STRONG><a name="[e7]"></a>_printf_percent_end</STRONG> (Thumb, 0 bytes, Stack size unknown bytes, _printf_percent_end.o(.ARM.Collect$$_printf_percent$$00000017))

<P><STRONG><a name="[79]"></a>__rt_lib_init</STRONG> (Thumb, 0 bytes, Stack size unknown bytes, libinit.o(.ARM.Collect$$libinit$$00000000))
<BR><BR>[Called By]<UL><LI><a href="#[78]">&gt;&gt;</a>&nbsp;&nbsp;&nbsp;__rt_entry_li
</UL>

<P><STRONG><a name="[74]"></a>__rt_lib_init_fp_1</STRONG> (Thumb, 0 bytes, Stack size unknown bytes, libinit2.o(.ARM.Collect$$libinit$$00000001))
<BR><BR>[Calls]<UL><LI><a href="#[75]">&gt;&gt;</a>&nbsp;&nbsp;&nbsp;_fp_init
</UL>

<P><STRONG><a name="[e8]"></a>__rt_lib_init_alloca_1</STRONG> (Thumb, 0 bytes, Stack size unknown bytes, libinit2.o(.ARM.Collect$$libinit$$0000002C))

<P><STRONG><a name="[e9]"></a>__rt_lib_init_argv_1</STRONG> (Thumb, 0 bytes, Stack size unknown bytes, libinit2.o(.ARM.Collect$$libinit$$0000002A))

<P><STRONG><a name="[ea]"></a>__rt_lib_init_atexit_1</STRONG> (Thumb, 0 bytes, Stack size unknown bytes, libinit2.o(.ARM.Collect$$libinit$$00000019))

<P><STRONG><a name="[eb]"></a>__rt_lib_init_clock_1</STRONG> (Thumb, 0 bytes, Stack size unknown bytes, libinit2.o(.ARM.Collect$$libinit$$0000001F))

<P><STRONG><a name="[ec]"></a>__rt_lib_init_cpp_1</STRONG> (Thumb, 0 bytes, Stack size unknown bytes, libinit2.o(.ARM.Collect$$libinit$$00000030))

<P><STRONG><a name="[ed]"></a>__rt_lib_init_exceptions_1</STRONG> (Thumb, 0 bytes, Stack size unknown bytes, libinit2.o(.ARM.Collect$$libinit$$0000002E))

<P><STRONG><a name="[ee]"></a>__rt_lib_init_fp_trap_1</STRONG> (Thumb, 0 bytes, Stack size unknown bytes, libinit2.o(.ARM.Collect$$libinit$$0000001D))

<P><STRONG><a name="[ef]"></a>__rt_lib_init_getenv_1</STRONG> (Thumb, 0 bytes, Stack size unknown bytes, libinit2.o(.ARM.Collect$$libinit$$00000021))

<P><STRONG><a name="[f0]"></a>__rt_lib_init_heap_1</STRONG> (Thumb, 0 bytes, Stack size unknown bytes, libinit2.o(.ARM.Collect$$libinit$$00000008))

<P><STRONG><a name="[f1]"></a>__rt_lib_init_lc_collate_1</STRONG> (Thumb, 0 bytes, Stack size unknown bytes, libinit2.o(.ARM.Collect$$libinit$$0000000F))

<P><STRONG><a name="[f2]"></a>__rt_lib_init_lc_ctype_1</STRONG> (Thumb, 0 bytes, Stack size unknown bytes, libinit2.o(.ARM.Collect$$libinit$$00000011))

<P><STRONG><a name="[f3]"></a>__rt_lib_init_lc_monetary_1</STRONG> (Thumb, 0 bytes, Stack size unknown bytes, libinit2.o(.ARM.Collect$$libinit$$00000013))

<P><STRONG><a name="[f4]"></a>__rt_lib_init_lc_numeric_1</STRONG> (Thumb, 0 bytes, Stack size unknown bytes, libinit2.o(.ARM.Collect$$libinit$$00000015))

<P><STRONG><a name="[f5]"></a>__rt_lib_init_lc_time_1</STRONG> (Thumb, 0 bytes, Stack size unknown bytes, libinit2.o(.ARM.Collect$$libinit$$00000017))

<P><STRONG><a name="[f6]"></a>__rt_lib_init_rand_1</STRONG> (Thumb, 0 bytes, Stack size unknown bytes, libinit2.o(.ARM.Collect$$libinit$$0000000C))

<P><STRONG><a name="[f7]"></a>__rt_lib_init_return</STRONG> (Thumb, 0 bytes, Stack size unknown bytes, libinit2.o(.ARM.Collect$$libinit$$00000031))

<P><STRONG><a name="[f8]"></a>__rt_lib_init_signal_1</STRONG> (Thumb, 0 bytes, Stack size unknown bytes, libinit2.o(.ARM.Collect$$libinit$$0000001B))

<P><STRONG><a name="[f9]"></a>__rt_lib_init_stdio_1</STRONG> (Thumb, 0 bytes, Stack size unknown bytes, libinit2.o(.ARM.Collect$$libinit$$00000023))

<P><STRONG><a name="[fa]"></a>__rt_lib_init_user_alloc_1</STRONG> (Thumb, 0 bytes, Stack size unknown bytes, libinit2.o(.ARM.Collect$$libinit$$0000000A))

<P><STRONG><a name="[7e]"></a>__rt_lib_shutdown</STRONG> (Thumb, 0 bytes, Stack size unknown bytes, libshutdown.o(.ARM.Collect$$libshutdown$$00000000))
<BR><BR>[Called By]<UL><LI><a href="#[7d]">&gt;&gt;</a>&nbsp;&nbsp;&nbsp;__rt_exit_ls
</UL>

<P><STRONG><a name="[fb]"></a>__rt_lib_shutdown_fp_trap_1</STRONG> (Thumb, 0 bytes, Stack size unknown bytes, libshutdown2.o(.ARM.Collect$$libshutdown$$00000006))

<P><STRONG><a name="[fc]"></a>__rt_lib_shutdown_heap_1</STRONG> (Thumb, 0 bytes, Stack size unknown bytes, libshutdown2.o(.ARM.Collect$$libshutdown$$0000000E))

<P><STRONG><a name="[fd]"></a>__rt_lib_shutdown_return</STRONG> (Thumb, 0 bytes, Stack size unknown bytes, libshutdown2.o(.ARM.Collect$$libshutdown$$0000000F))

<P><STRONG><a name="[fe]"></a>__rt_lib_shutdown_signal_1</STRONG> (Thumb, 0 bytes, Stack size unknown bytes, libshutdown2.o(.ARM.Collect$$libshutdown$$00000009))

<P><STRONG><a name="[ff]"></a>__rt_lib_shutdown_stdio_1</STRONG> (Thumb, 0 bytes, Stack size unknown bytes, libshutdown2.o(.ARM.Collect$$libshutdown$$00000003))

<P><STRONG><a name="[100]"></a>__rt_lib_shutdown_user_alloc_1</STRONG> (Thumb, 0 bytes, Stack size unknown bytes, libshutdown2.o(.ARM.Collect$$libshutdown$$0000000B))

<P><STRONG><a name="[6f]"></a>__rt_entry</STRONG> (Thumb, 0 bytes, Stack size unknown bytes, rtentry.o(.ARM.Collect$$rtentry$$00000000))
<BR><BR>[Called By]<UL><LI><a href="#[70]">&gt;&gt;</a>&nbsp;&nbsp;&nbsp;__scatterload_rt2
<LI><a href="#[6c]">&gt;&gt;</a>&nbsp;&nbsp;&nbsp;__main
</UL>

<P><STRONG><a name="[101]"></a>__rt_entry_presh_1</STRONG> (Thumb, 0 bytes, Stack size unknown bytes, rtentry2.o(.ARM.Collect$$rtentry$$00000002))

<P><STRONG><a name="[76]"></a>__rt_entry_sh</STRONG> (Thumb, 0 bytes, Stack size unknown bytes, rtentry4.o(.ARM.Collect$$rtentry$$00000004))
<BR><BR>[Stack]<UL><LI>Max Depth = 8 + Unknown Stack Size
<LI>Call Chain = __rt_entry_sh &rArr; __user_setup_stackheap
</UL>
<BR>[Calls]<UL><LI><a href="#[77]">&gt;&gt;</a>&nbsp;&nbsp;&nbsp;__user_setup_stackheap
</UL>

<P><STRONG><a name="[78]"></a>__rt_entry_li</STRONG> (Thumb, 0 bytes, Stack size unknown bytes, rtentry2.o(.ARM.Collect$$rtentry$$0000000A))
<BR><BR>[Calls]<UL><LI><a href="#[79]">&gt;&gt;</a>&nbsp;&nbsp;&nbsp;__rt_lib_init
</UL>

<P><STRONG><a name="[102]"></a>__rt_entry_postsh_1</STRONG> (Thumb, 0 bytes, Stack size unknown bytes, rtentry2.o(.ARM.Collect$$rtentry$$00000009))

<P><STRONG><a name="[7a]"></a>__rt_entry_main</STRONG> (Thumb, 0 bytes, Stack size unknown bytes, rtentry2.o(.ARM.Collect$$rtentry$$0000000D))
<BR><BR>[Stack]<UL><LI>Max Depth = 160 + Unknown Stack Size
<LI>Call Chain = __rt_entry_main &rArr; main &rArr; __2sprintf &rArr; _printf_char_common &rArr; __printf
</UL>
<BR>[Calls]<UL><LI><a href="#[7c]">&gt;&gt;</a>&nbsp;&nbsp;&nbsp;exit
<LI><a href="#[7b]">&gt;&gt;</a>&nbsp;&nbsp;&nbsp;main
</UL>

<P><STRONG><a name="[103]"></a>__rt_entry_postli_1</STRONG> (Thumb, 0 bytes, Stack size unknown bytes, rtentry2.o(.ARM.Collect$$rtentry$$0000000C))

<P><STRONG><a name="[e3]"></a>__rt_exit</STRONG> (Thumb, 0 bytes, Stack size unknown bytes, rtexit.o(.ARM.Collect$$rtexit$$00000000))
<BR><BR>[Called By]<UL><LI><a href="#[7c]">&gt;&gt;</a>&nbsp;&nbsp;&nbsp;exit
</UL>

<P><STRONG><a name="[7d]"></a>__rt_exit_ls</STRONG> (Thumb, 0 bytes, Stack size unknown bytes, rtexit2.o(.ARM.Collect$$rtexit$$00000003))
<BR><BR>[Calls]<UL><LI><a href="#[7e]">&gt;&gt;</a>&nbsp;&nbsp;&nbsp;__rt_lib_shutdown
</UL>

<P><STRONG><a name="[104]"></a>__rt_exit_prels_1</STRONG> (Thumb, 0 bytes, Stack size unknown bytes, rtexit2.o(.ARM.Collect$$rtexit$$00000002))

<P><STRONG><a name="[7f]"></a>__rt_exit_exit</STRONG> (Thumb, 0 bytes, Stack size unknown bytes, rtexit2.o(.ARM.Collect$$rtexit$$00000004))
<BR><BR>[Calls]<UL><LI><a href="#[80]">&gt;&gt;</a>&nbsp;&nbsp;&nbsp;_sys_exit
</UL>

<P><STRONG><a name="[67]"></a>SystemInit</STRONG> (Thumb, 74 bytes, Stack size 8 bytes, system_stm32f4xx.o(.text))
<BR><BR>[Stack]<UL><LI>Max Depth = 24<LI>Call Chain = SystemInit &rArr; SetSysClock
</UL>
<BR>[Calls]<UL><LI><a href="#[81]">&gt;&gt;</a>&nbsp;&nbsp;&nbsp;SetSysClock
</UL>
<BR>[Called By]<UL><LI><a href="#[7b]">&gt;&gt;</a>&nbsp;&nbsp;&nbsp;main
</UL>
<BR>[Address Reference Count : 1]<UL><LI> startup_stm32f429_439xx.o(.text)
</UL>
<P><STRONG><a name="[105]"></a>SystemCoreClockUpdate</STRONG> (Thumb, 108 bytes, Stack size 16 bytes, system_stm32f4xx.o(.text), UNUSED)

<P><STRONG><a name="[6b]"></a>Reset_Handler</STRONG> (Thumb, 8 bytes, Stack size 0 bytes, startup_stm32f429_439xx.o(.text))

<P><STRONG><a name="[1e]"></a>ADC_IRQHandler</STRONG> (Thumb, 0 bytes, Stack size 0 bytes, startup_stm32f429_439xx.o(.text))
<BR><BR>[Calls]<UL><LI><a href="#[1e]">&gt;&gt;</a>&nbsp;&nbsp;&nbsp;ADC_IRQHandler
</UL>
<BR>[Called By]<UL><LI><a href="#[1e]">&gt;&gt;</a>&nbsp;&nbsp;&nbsp;ADC_IRQHandler
</UL>
<BR>[Address Reference Count : 1]<UL><LI> startup_stm32f429_439xx.o(RESET)
</UL>
<P><STRONG><a name="[20]"></a>CAN1_RX0_IRQHandler</STRONG> (Thumb, 0 bytes, Stack size 0 bytes, startup_stm32f429_439xx.o(.text))
<BR>[Address Reference Count : 1]<UL><LI> startup_stm32f429_439xx.o(RESET)
</UL>
<P><STRONG><a name="[21]"></a>CAN1_RX1_IRQHandler</STRONG> (Thumb, 0 bytes, Stack size 0 bytes, startup_stm32f429_439xx.o(.text))
<BR>[Address Reference Count : 1]<UL><LI> startup_stm32f429_439xx.o(RESET)
</UL>
<P><STRONG><a name="[22]"></a>CAN1_SCE_IRQHandler</STRONG> (Thumb, 0 bytes, Stack size 0 bytes, startup_stm32f429_439xx.o(.text))
<BR>[Address Reference Count : 1]<UL><LI> startup_stm32f429_439xx.o(RESET)
</UL>
<P><STRONG><a name="[1f]"></a>CAN1_TX_IRQHandler</STRONG> (Thumb, 0 bytes, Stack size 0 bytes, startup_stm32f429_439xx.o(.text))
<BR>[Address Reference Count : 1]<UL><LI> startup_stm32f429_439xx.o(RESET)
</UL>
<P><STRONG><a name="[4c]"></a>CAN2_RX0_IRQHandler</STRONG> (Thumb, 0 bytes, Stack size 0 bytes, startup_stm32f429_439xx.o(.text))
<BR>[Address Reference Count : 1]<UL><LI> startup_stm32f429_439xx.o(RESET)
</UL>
<P><STRONG><a name="[4d]"></a>CAN2_RX1_IRQHandler</STRONG> (Thumb, 0 bytes, Stack size 0 bytes, startup_stm32f429_439xx.o(.text))
<BR>[Address Reference Count : 1]<UL><LI> startup_stm32f429_439xx.o(RESET)
</UL>
<P><STRONG><a name="[4e]"></a>CAN2_SCE_IRQHandler</STRONG> (Thumb, 0 bytes, Stack size 0 bytes, startup_stm32f429_439xx.o(.text))
<BR>[Address Reference Count : 1]<UL><LI> startup_stm32f429_439xx.o(RESET)
</UL>
<P><STRONG><a name="[4b]"></a>CAN2_TX_IRQHandler</STRONG> (Thumb, 0 bytes, Stack size 0 bytes, startup_stm32f429_439xx.o(.text))
<BR>[Address Reference Count : 1]<UL><LI> startup_stm32f429_439xx.o(RESET)
</UL>
<P><STRONG><a name="[5b]"></a>CRYP_IRQHandler</STRONG> (Thumb, 0 bytes, Stack size 0 bytes, startup_stm32f429_439xx.o(.text))
<BR>[Address Reference Count : 1]<UL><LI> startup_stm32f429_439xx.o(RESET)
</UL>
<P><STRONG><a name="[5a]"></a>DCMI_IRQHandler</STRONG> (Thumb, 0 bytes, Stack size 0 bytes, startup_stm32f429_439xx.o(.text))
<BR>[Address Reference Count : 1]<UL><LI> startup_stm32f429_439xx.o(RESET)
</UL>
<P><STRONG><a name="[17]"></a>DMA1_Stream0_IRQHandler</STRONG> (Thumb, 0 bytes, Stack size 0 bytes, startup_stm32f429_439xx.o(.text))
<BR>[Address Reference Count : 1]<UL><LI> startup_stm32f429_439xx.o(RESET)
</UL>
<P><STRONG><a name="[18]"></a>DMA1_Stream1_IRQHandler</STRONG> (Thumb, 0 bytes, Stack size 0 bytes, startup_stm32f429_439xx.o(.text))
<BR>[Address Reference Count : 1]<UL><LI> startup_stm32f429_439xx.o(RESET)
</UL>
<P><STRONG><a name="[19]"></a>DMA1_Stream2_IRQHandler</STRONG> (Thumb, 0 bytes, Stack size 0 bytes, startup_stm32f429_439xx.o(.text))
<BR>[Address Reference Count : 1]<UL><LI> startup_stm32f429_439xx.o(RESET)
</UL>
<P><STRONG><a name="[1a]"></a>DMA1_Stream3_IRQHandler</STRONG> (Thumb, 0 bytes, Stack size 0 bytes, startup_stm32f429_439xx.o(.text))
<BR>[Address Reference Count : 1]<UL><LI> startup_stm32f429_439xx.o(RESET)
</UL>
<P><STRONG><a name="[1b]"></a>DMA1_Stream4_IRQHandler</STRONG> (Thumb, 0 bytes, Stack size 0 bytes, startup_stm32f429_439xx.o(.text))
<BR>[Address Reference Count : 1]<UL><LI> startup_stm32f429_439xx.o(RESET)
</UL>
<P><STRONG><a name="[1c]"></a>DMA1_Stream5_IRQHandler</STRONG> (Thumb, 0 bytes, Stack size 0 bytes, startup_stm32f429_439xx.o(.text))
<BR>[Address Reference Count : 1]<UL><LI> startup_stm32f429_439xx.o(RESET)
</UL>
<P><STRONG><a name="[1d]"></a>DMA1_Stream6_IRQHandler</STRONG> (Thumb, 0 bytes, Stack size 0 bytes, startup_stm32f429_439xx.o(.text))
<BR>[Address Reference Count : 1]<UL><LI> startup_stm32f429_439xx.o(RESET)
</UL>
<P><STRONG><a name="[3b]"></a>DMA1_Stream7_IRQHandler</STRONG> (Thumb, 0 bytes, Stack size 0 bytes, startup_stm32f429_439xx.o(.text))
<BR>[Address Reference Count : 1]<UL><LI> startup_stm32f429_439xx.o(RESET)
</UL>
<P><STRONG><a name="[66]"></a>DMA2D_IRQHandler</STRONG> (Thumb, 0 bytes, Stack size 0 bytes, startup_stm32f429_439xx.o(.text))
<BR>[Address Reference Count : 1]<UL><LI> startup_stm32f429_439xx.o(RESET)
</UL>
<P><STRONG><a name="[44]"></a>DMA2_Stream0_IRQHandler</STRONG> (Thumb, 0 bytes, Stack size 0 bytes, startup_stm32f429_439xx.o(.text))
<BR>[Address Reference Count : 1]<UL><LI> startup_stm32f429_439xx.o(RESET)
</UL>
<P><STRONG><a name="[45]"></a>DMA2_Stream1_IRQHandler</STRONG> (Thumb, 0 bytes, Stack size 0 bytes, startup_stm32f429_439xx.o(.text))
<BR>[Address Reference Count : 1]<UL><LI> startup_stm32f429_439xx.o(RESET)
</UL>
<P><STRONG><a name="[46]"></a>DMA2_Stream2_IRQHandler</STRONG> (Thumb, 0 bytes, Stack size 0 bytes, startup_stm32f429_439xx.o(.text))
<BR>[Address Reference Count : 1]<UL><LI> startup_stm32f429_439xx.o(RESET)
</UL>
<P><STRONG><a name="[47]"></a>DMA2_Stream3_IRQHandler</STRONG> (Thumb, 0 bytes, Stack size 0 bytes, startup_stm32f429_439xx.o(.text))
<BR>[Address Reference Count : 1]<UL><LI> startup_stm32f429_439xx.o(RESET)
</UL>
<P><STRONG><a name="[48]"></a>DMA2_Stream4_IRQHandler</STRONG> (Thumb, 0 bytes, Stack size 0 bytes, startup_stm32f429_439xx.o(.text))
<BR>[Address Reference Count : 1]<UL><LI> startup_stm32f429_439xx.o(RESET)
</UL>
<P><STRONG><a name="[50]"></a>DMA2_Stream5_IRQHandler</STRONG> (Thumb, 0 bytes, Stack size 0 bytes, startup_stm32f429_439xx.o(.text))
<BR>[Address Reference Count : 1]<UL><LI> startup_stm32f429_439xx.o(RESET)
</UL>
<P><STRONG><a name="[51]"></a>DMA2_Stream6_IRQHandler</STRONG> (Thumb, 0 bytes, Stack size 0 bytes, startup_stm32f429_439xx.o(.text))
<BR>[Address Reference Count : 1]<UL><LI> startup_stm32f429_439xx.o(RESET)
</UL>
<P><STRONG><a name="[52]"></a>DMA2_Stream7_IRQHandler</STRONG> (Thumb, 0 bytes, Stack size 0 bytes, startup_stm32f429_439xx.o(.text))
<BR>[Address Reference Count : 1]<UL><LI> startup_stm32f429_439xx.o(RESET)
</UL>
<P><STRONG><a name="[49]"></a>ETH_IRQHandler</STRONG> (Thumb, 0 bytes, Stack size 0 bytes, startup_stm32f429_439xx.o(.text))
<BR>[Address Reference Count : 1]<UL><LI> startup_stm32f429_439xx.o(RESET)
</UL>
<P><STRONG><a name="[4a]"></a>ETH_WKUP_IRQHandler</STRONG> (Thumb, 0 bytes, Stack size 0 bytes, startup_stm32f429_439xx.o(.text))
<BR>[Address Reference Count : 1]<UL><LI> startup_stm32f429_439xx.o(RESET)
</UL>
<P><STRONG><a name="[12]"></a>EXTI0_IRQHandler</STRONG> (Thumb, 0 bytes, Stack size 0 bytes, startup_stm32f429_439xx.o(.text))
<BR>[Address Reference Count : 1]<UL><LI> startup_stm32f429_439xx.o(RESET)
</UL>
<P><STRONG><a name="[34]"></a>EXTI15_10_IRQHandler</STRONG> (Thumb, 0 bytes, Stack size 0 bytes, startup_stm32f429_439xx.o(.text))
<BR>[Address Reference Count : 1]<UL><LI> startup_stm32f429_439xx.o(RESET)
</UL>
<P><STRONG><a name="[13]"></a>EXTI1_IRQHandler</STRONG> (Thumb, 0 bytes, Stack size 0 bytes, startup_stm32f429_439xx.o(.text))
<BR>[Address Reference Count : 1]<UL><LI> startup_stm32f429_439xx.o(RESET)
</UL>
<P><STRONG><a name="[14]"></a>EXTI2_IRQHandler</STRONG> (Thumb, 0 bytes, Stack size 0 bytes, startup_stm32f429_439xx.o(.text))
<BR>[Address Reference Count : 1]<UL><LI> startup_stm32f429_439xx.o(RESET)
</UL>
<P><STRONG><a name="[15]"></a>EXTI3_IRQHandler</STRONG> (Thumb, 0 bytes, Stack size 0 bytes, startup_stm32f429_439xx.o(.text))
<BR>[Address Reference Count : 1]<UL><LI> startup_stm32f429_439xx.o(RESET)
</UL>
<P><STRONG><a name="[16]"></a>EXTI4_IRQHandler</STRONG> (Thumb, 0 bytes, Stack size 0 bytes, startup_stm32f429_439xx.o(.text))
<BR>[Address Reference Count : 1]<UL><LI> startup_stm32f429_439xx.o(RESET)
</UL>
<P><STRONG><a name="[23]"></a>EXTI9_5_IRQHandler</STRONG> (Thumb, 0 bytes, Stack size 0 bytes, startup_stm32f429_439xx.o(.text))
<BR>[Address Reference Count : 1]<UL><LI> startup_stm32f429_439xx.o(RESET)
</UL>
<P><STRONG><a name="[10]"></a>FLASH_IRQHandler</STRONG> (Thumb, 0 bytes, Stack size 0 bytes, startup_stm32f429_439xx.o(.text))
<BR>[Address Reference Count : 1]<UL><LI> startup_stm32f429_439xx.o(RESET)
</UL>
<P><STRONG><a name="[3c]"></a>FMC_IRQHandler</STRONG> (Thumb, 0 bytes, Stack size 0 bytes, startup_stm32f429_439xx.o(.text))
<BR>[Address Reference Count : 1]<UL><LI> startup_stm32f429_439xx.o(RESET)
</UL>
<P><STRONG><a name="[5d]"></a>FPU_IRQHandler</STRONG> (Thumb, 0 bytes, Stack size 0 bytes, startup_stm32f429_439xx.o(.text))
<BR>[Address Reference Count : 1]<UL><LI> startup_stm32f429_439xx.o(RESET)
</UL>
<P><STRONG><a name="[5c]"></a>HASH_RNG_IRQHandler</STRONG> (Thumb, 0 bytes, Stack size 0 bytes, startup_stm32f429_439xx.o(.text))
<BR>[Address Reference Count : 1]<UL><LI> startup_stm32f429_439xx.o(RESET)
</UL>
<P><STRONG><a name="[2c]"></a>I2C1_ER_IRQHandler</STRONG> (Thumb, 0 bytes, Stack size 0 bytes, startup_stm32f429_439xx.o(.text))
<BR>[Address Reference Count : 1]<UL><LI> startup_stm32f429_439xx.o(RESET)
</UL>
<P><STRONG><a name="[2b]"></a>I2C1_EV_IRQHandler</STRONG> (Thumb, 0 bytes, Stack size 0 bytes, startup_stm32f429_439xx.o(.text))
<BR>[Address Reference Count : 1]<UL><LI> startup_stm32f429_439xx.o(RESET)
</UL>
<P><STRONG><a name="[2e]"></a>I2C2_ER_IRQHandler</STRONG> (Thumb, 0 bytes, Stack size 0 bytes, startup_stm32f429_439xx.o(.text))
<BR>[Address Reference Count : 1]<UL><LI> startup_stm32f429_439xx.o(RESET)
</UL>
<P><STRONG><a name="[2d]"></a>I2C2_EV_IRQHandler</STRONG> (Thumb, 0 bytes, Stack size 0 bytes, startup_stm32f429_439xx.o(.text))
<BR>[Address Reference Count : 1]<UL><LI> startup_stm32f429_439xx.o(RESET)
</UL>
<P><STRONG><a name="[55]"></a>I2C3_ER_IRQHandler</STRONG> (Thumb, 0 bytes, Stack size 0 bytes, startup_stm32f429_439xx.o(.text))
<BR>[Address Reference Count : 1]<UL><LI> startup_stm32f429_439xx.o(RESET)
</UL>
<P><STRONG><a name="[54]"></a>I2C3_EV_IRQHandler</STRONG> (Thumb, 0 bytes, Stack size 0 bytes, startup_stm32f429_439xx.o(.text))
<BR>[Address Reference Count : 1]<UL><LI> startup_stm32f429_439xx.o(RESET)
</UL>
<P><STRONG><a name="[65]"></a>LTDC_ER_IRQHandler</STRONG> (Thumb, 0 bytes, Stack size 0 bytes, startup_stm32f429_439xx.o(.text))
<BR>[Address Reference Count : 1]<UL><LI> startup_stm32f429_439xx.o(RESET)
</UL>
<P><STRONG><a name="[64]"></a>LTDC_IRQHandler</STRONG> (Thumb, 0 bytes, Stack size 0 bytes, startup_stm32f429_439xx.o(.text))
<BR>[Address Reference Count : 1]<UL><LI> startup_stm32f429_439xx.o(RESET)
</UL>
<P><STRONG><a name="[4f]"></a>OTG_FS_IRQHandler</STRONG> (Thumb, 0 bytes, Stack size 0 bytes, startup_stm32f429_439xx.o(.text))
<BR>[Address Reference Count : 1]<UL><LI> startup_stm32f429_439xx.o(RESET)
</UL>
<P><STRONG><a name="[36]"></a>OTG_FS_WKUP_IRQHandler</STRONG> (Thumb, 0 bytes, Stack size 0 bytes, startup_stm32f429_439xx.o(.text))
<BR>[Address Reference Count : 1]<UL><LI> startup_stm32f429_439xx.o(RESET)
</UL>
<P><STRONG><a name="[57]"></a>OTG_HS_EP1_IN_IRQHandler</STRONG> (Thumb, 0 bytes, Stack size 0 bytes, startup_stm32f429_439xx.o(.text))
<BR>[Address Reference Count : 1]<UL><LI> startup_stm32f429_439xx.o(RESET)
</UL>
<P><STRONG><a name="[56]"></a>OTG_HS_EP1_OUT_IRQHandler</STRONG> (Thumb, 0 bytes, Stack size 0 bytes, startup_stm32f429_439xx.o(.text))
<BR>[Address Reference Count : 1]<UL><LI> startup_stm32f429_439xx.o(RESET)
</UL>
<P><STRONG><a name="[59]"></a>OTG_HS_IRQHandler</STRONG> (Thumb, 0 bytes, Stack size 0 bytes, startup_stm32f429_439xx.o(.text))
<BR>[Address Reference Count : 1]<UL><LI> startup_stm32f429_439xx.o(RESET)
</UL>
<P><STRONG><a name="[58]"></a>OTG_HS_WKUP_IRQHandler</STRONG> (Thumb, 0 bytes, Stack size 0 bytes, startup_stm32f429_439xx.o(.text))
<BR>[Address Reference Count : 1]<UL><LI> startup_stm32f429_439xx.o(RESET)
</UL>
<P><STRONG><a name="[d]"></a>PVD_IRQHandler</STRONG> (Thumb, 0 bytes, Stack size 0 bytes, startup_stm32f429_439xx.o(.text))
<BR>[Address Reference Count : 1]<UL><LI> startup_stm32f429_439xx.o(RESET)
</UL>
<P><STRONG><a name="[11]"></a>RCC_IRQHandler</STRONG> (Thumb, 0 bytes, Stack size 0 bytes, startup_stm32f429_439xx.o(.text))
<BR>[Address Reference Count : 1]<UL><LI> startup_stm32f429_439xx.o(RESET)
</UL>
<P><STRONG><a name="[35]"></a>RTC_Alarm_IRQHandler</STRONG> (Thumb, 0 bytes, Stack size 0 bytes, startup_stm32f429_439xx.o(.text))
<BR>[Address Reference Count : 1]<UL><LI> startup_stm32f429_439xx.o(RESET)
</UL>
<P><STRONG><a name="[f]"></a>RTC_WKUP_IRQHandler</STRONG> (Thumb, 0 bytes, Stack size 0 bytes, startup_stm32f429_439xx.o(.text))
<BR>[Address Reference Count : 1]<UL><LI> startup_stm32f429_439xx.o(RESET)
</UL>
<P><STRONG><a name="[63]"></a>SAI1_IRQHandler</STRONG> (Thumb, 0 bytes, Stack size 0 bytes, startup_stm32f429_439xx.o(.text))
<BR>[Address Reference Count : 1]<UL><LI> startup_stm32f429_439xx.o(RESET)
</UL>
<P><STRONG><a name="[3d]"></a>SDIO_IRQHandler</STRONG> (Thumb, 0 bytes, Stack size 0 bytes, startup_stm32f429_439xx.o(.text))
<BR>[Address Reference Count : 1]<UL><LI> startup_stm32f429_439xx.o(RESET)
</UL>
<P><STRONG><a name="[2f]"></a>SPI1_IRQHandler</STRONG> (Thumb, 0 bytes, Stack size 0 bytes, startup_stm32f429_439xx.o(.text))
<BR>[Address Reference Count : 1]<UL><LI> startup_stm32f429_439xx.o(RESET)
</UL>
<P><STRONG><a name="[30]"></a>SPI2_IRQHandler</STRONG> (Thumb, 0 bytes, Stack size 0 bytes, startup_stm32f429_439xx.o(.text))
<BR>[Address Reference Count : 1]<UL><LI> startup_stm32f429_439xx.o(RESET)
</UL>
<P><STRONG><a name="[3f]"></a>SPI3_IRQHandler</STRONG> (Thumb, 0 bytes, Stack size 0 bytes, startup_stm32f429_439xx.o(.text))
<BR>[Address Reference Count : 1]<UL><LI> startup_stm32f429_439xx.o(RESET)
</UL>
<P><STRONG><a name="[60]"></a>SPI4_IRQHandler</STRONG> (Thumb, 0 bytes, Stack size 0 bytes, startup_stm32f429_439xx.o(.text))
<BR>[Address Reference Count : 1]<UL><LI> startup_stm32f429_439xx.o(RESET)
</UL>
<P><STRONG><a name="[61]"></a>SPI5_IRQHandler</STRONG> (Thumb, 0 bytes, Stack size 0 bytes, startup_stm32f429_439xx.o(.text))
<BR>[Address Reference Count : 1]<UL><LI> startup_stm32f429_439xx.o(RESET)
</UL>
<P><STRONG><a name="[62]"></a>SPI6_IRQHandler</STRONG> (Thumb, 0 bytes, Stack size 0 bytes, startup_stm32f429_439xx.o(.text))
<BR>[Address Reference Count : 1]<UL><LI> startup_stm32f429_439xx.o(RESET)
</UL>
<P><STRONG><a name="[e]"></a>TAMP_STAMP_IRQHandler</STRONG> (Thumb, 0 bytes, Stack size 0 bytes, startup_stm32f429_439xx.o(.text))
<BR>[Address Reference Count : 1]<UL><LI> startup_stm32f429_439xx.o(RESET)
</UL>
<P><STRONG><a name="[24]"></a>TIM1_BRK_TIM9_IRQHandler</STRONG> (Thumb, 0 bytes, Stack size 0 bytes, startup_stm32f429_439xx.o(.text))
<BR>[Address Reference Count : 1]<UL><LI> startup_stm32f429_439xx.o(RESET)
</UL>
<P><STRONG><a name="[27]"></a>TIM1_CC_IRQHandler</STRONG> (Thumb, 0 bytes, Stack size 0 bytes, startup_stm32f429_439xx.o(.text))
<BR>[Address Reference Count : 1]<UL><LI> startup_stm32f429_439xx.o(RESET)
</UL>
<P><STRONG><a name="[26]"></a>TIM1_TRG_COM_TIM11_IRQHandler</STRONG> (Thumb, 0 bytes, Stack size 0 bytes, startup_stm32f429_439xx.o(.text))
<BR>[Address Reference Count : 1]<UL><LI> startup_stm32f429_439xx.o(RESET)
</UL>
<P><STRONG><a name="[25]"></a>TIM1_UP_TIM10_IRQHandler</STRONG> (Thumb, 0 bytes, Stack size 0 bytes, startup_stm32f429_439xx.o(.text))
<BR>[Address Reference Count : 1]<UL><LI> startup_stm32f429_439xx.o(RESET)
</UL>
<P><STRONG><a name="[28]"></a>TIM2_IRQHandler</STRONG> (Thumb, 0 bytes, Stack size 0 bytes, startup_stm32f429_439xx.o(.text))
<BR>[Address Reference Count : 1]<UL><LI> startup_stm32f429_439xx.o(RESET)
</UL>
<P><STRONG><a name="[29]"></a>TIM3_IRQHandler</STRONG> (Thumb, 0 bytes, Stack size 0 bytes, startup_stm32f429_439xx.o(.text))
<BR>[Address Reference Count : 1]<UL><LI> startup_stm32f429_439xx.o(RESET)
</UL>
<P><STRONG><a name="[2a]"></a>TIM4_IRQHandler</STRONG> (Thumb, 0 bytes, Stack size 0 bytes, startup_stm32f429_439xx.o(.text))
<BR>[Address Reference Count : 1]<UL><LI> startup_stm32f429_439xx.o(RESET)
</UL>
<P><STRONG><a name="[3e]"></a>TIM5_IRQHandler</STRONG> (Thumb, 0 bytes, Stack size 0 bytes, startup_stm32f429_439xx.o(.text))
<BR>[Address Reference Count : 1]<UL><LI> startup_stm32f429_439xx.o(RESET)
</UL>
<P><STRONG><a name="[42]"></a>TIM6_DAC_IRQHandler</STRONG> (Thumb, 0 bytes, Stack size 0 bytes, startup_stm32f429_439xx.o(.text))
<BR>[Address Reference Count : 1]<UL><LI> startup_stm32f429_439xx.o(RESET)
</UL>
<P><STRONG><a name="[43]"></a>TIM7_IRQHandler</STRONG> (Thumb, 0 bytes, Stack size 0 bytes, startup_stm32f429_439xx.o(.text))
<BR>[Address Reference Count : 1]<UL><LI> startup_stm32f429_439xx.o(RESET)
</UL>
<P><STRONG><a name="[37]"></a>TIM8_BRK_TIM12_IRQHandler</STRONG> (Thumb, 0 bytes, Stack size 0 bytes, startup_stm32f429_439xx.o(.text))
<BR>[Address Reference Count : 1]<UL><LI> startup_stm32f429_439xx.o(RESET)
</UL>
<P><STRONG><a name="[3a]"></a>TIM8_CC_IRQHandler</STRONG> (Thumb, 0 bytes, Stack size 0 bytes, startup_stm32f429_439xx.o(.text))
<BR>[Address Reference Count : 1]<UL><LI> startup_stm32f429_439xx.o(RESET)
</UL>
<P><STRONG><a name="[39]"></a>TIM8_TRG_COM_TIM14_IRQHandler</STRONG> (Thumb, 0 bytes, Stack size 0 bytes, startup_stm32f429_439xx.o(.text))
<BR>[Address Reference Count : 1]<UL><LI> startup_stm32f429_439xx.o(RESET)
</UL>
<P><STRONG><a name="[38]"></a>TIM8_UP_TIM13_IRQHandler</STRONG> (Thumb, 0 bytes, Stack size 0 bytes, startup_stm32f429_439xx.o(.text))
<BR>[Address Reference Count : 1]<UL><LI> startup_stm32f429_439xx.o(RESET)
</UL>
<P><STRONG><a name="[c]"></a>WWDG_IRQHandler</STRONG> (Thumb, 0 bytes, Stack size 0 bytes, startup_stm32f429_439xx.o(.text))
<BR>[Address Reference Count : 1]<UL><LI> startup_stm32f429_439xx.o(RESET)
</UL>
<P><STRONG><a name="[6d]"></a>__user_initial_stackheap</STRONG> (Thumb, 0 bytes, Stack size unknown bytes, startup_stm32f429_439xx.o(.text))
<BR><BR>[Called By]<UL><LI><a href="#[77]">&gt;&gt;</a>&nbsp;&nbsp;&nbsp;__user_setup_stackheap
</UL>

<P><STRONG><a name="[106]"></a>NVIC_PriorityGroupConfig</STRONG> (Thumb, 10 bytes, Stack size 0 bytes, misc.o(.text), UNUSED)

<P><STRONG><a name="[d1]"></a>NVIC_Init</STRONG> (Thumb, 96 bytes, Stack size 12 bytes, misc.o(.text))
<BR><BR>[Stack]<UL><LI>Max Depth = 12<LI>Call Chain = NVIC_Init
</UL>
<BR>[Called By]<UL><LI><a href="#[cd]">&gt;&gt;</a>&nbsp;&nbsp;&nbsp;TM_USART_Init
</UL>

<P><STRONG><a name="[107]"></a>NVIC_SetVectorTable</STRONG> (Thumb, 14 bytes, Stack size 0 bytes, misc.o(.text), UNUSED)

<P><STRONG><a name="[108]"></a>NVIC_SystemLPConfig</STRONG> (Thumb, 20 bytes, Stack size 0 bytes, misc.o(.text), UNUSED)

<P><STRONG><a name="[109]"></a>SysTick_CLKSourceConfig</STRONG> (Thumb, 24 bytes, Stack size 0 bytes, misc.o(.text), UNUSED)

<P><STRONG><a name="[10a]"></a>RCC_DeInit</STRONG> (Thumb, 68 bytes, Stack size 0 bytes, stm32f4xx_rcc.o(.text), UNUSED)

<P><STRONG><a name="[8d]"></a>RCC_HSEConfig</STRONG> (Thumb, 12 bytes, Stack size 0 bytes, stm32f4xx_rcc.o(.text))
<BR><BR>[Called By]<UL><LI><a href="#[8c]">&gt;&gt;</a>&nbsp;&nbsp;&nbsp;TM_DELAY_Init
</UL>

<P><STRONG><a name="[83]"></a>RCC_GetFlagStatus</STRONG> (Thumb, 46 bytes, Stack size 0 bytes, stm32f4xx_rcc.o(.text))
<BR><BR>[Called By]<UL><LI><a href="#[82]">&gt;&gt;</a>&nbsp;&nbsp;&nbsp;RCC_WaitForHSEStartUp
</UL>

<P><STRONG><a name="[82]"></a>RCC_WaitForHSEStartUp</STRONG> (Thumb, 44 bytes, Stack size 12 bytes, stm32f4xx_rcc.o(.text))
<BR><BR>[Stack]<UL><LI>Max Depth = 12<LI>Call Chain = RCC_WaitForHSEStartUp
</UL>
<BR>[Calls]<UL><LI><a href="#[83]">&gt;&gt;</a>&nbsp;&nbsp;&nbsp;RCC_GetFlagStatus
</UL>
<BR>[Called By]<UL><LI><a href="#[8c]">&gt;&gt;</a>&nbsp;&nbsp;&nbsp;TM_DELAY_Init
</UL>

<P><STRONG><a name="[10b]"></a>RCC_AdjustHSICalibrationValue</STRONG> (Thumb, 16 bytes, Stack size 0 bytes, stm32f4xx_rcc.o(.text), UNUSED)

<P><STRONG><a name="[10c]"></a>RCC_HSICmd</STRONG> (Thumb, 6 bytes, Stack size 0 bytes, stm32f4xx_rcc.o(.text), UNUSED)

<P><STRONG><a name="[10d]"></a>RCC_LSEConfig</STRONG> (Thumb, 24 bytes, Stack size 0 bytes, stm32f4xx_rcc.o(.text), UNUSED)

<P><STRONG><a name="[10e]"></a>RCC_LSICmd</STRONG> (Thumb, 6 bytes, Stack size 0 bytes, stm32f4xx_rcc.o(.text), UNUSED)

<P><STRONG><a name="[10f]"></a>RCC_PLLConfig</STRONG> (Thumb, 32 bytes, Stack size 8 bytes, stm32f4xx_rcc.o(.text), UNUSED)

<P><STRONG><a name="[110]"></a>RCC_PLLCmd</STRONG> (Thumb, 6 bytes, Stack size 0 bytes, stm32f4xx_rcc.o(.text), UNUSED)

<P><STRONG><a name="[111]"></a>RCC_PLLI2SConfig</STRONG> (Thumb, 18 bytes, Stack size 0 bytes, stm32f4xx_rcc.o(.text), UNUSED)

<P><STRONG><a name="[112]"></a>RCC_PLLI2SCmd</STRONG> (Thumb, 6 bytes, Stack size 0 bytes, stm32f4xx_rcc.o(.text), UNUSED)

<P><STRONG><a name="[113]"></a>RCC_PLLSAIConfig</STRONG> (Thumb, 18 bytes, Stack size 0 bytes, stm32f4xx_rcc.o(.text), UNUSED)

<P><STRONG><a name="[114]"></a>RCC_PLLSAICmd</STRONG> (Thumb, 6 bytes, Stack size 0 bytes, stm32f4xx_rcc.o(.text), UNUSED)

<P><STRONG><a name="[115]"></a>RCC_ClockSecuritySystemCmd</STRONG> (Thumb, 6 bytes, Stack size 0 bytes, stm32f4xx_rcc.o(.text), UNUSED)

<P><STRONG><a name="[116]"></a>RCC_MCO1Config</STRONG> (Thumb, 18 bytes, Stack size 0 bytes, stm32f4xx_rcc.o(.text), UNUSED)

<P><STRONG><a name="[117]"></a>RCC_MCO2Config</STRONG> (Thumb, 18 bytes, Stack size 0 bytes, stm32f4xx_rcc.o(.text), UNUSED)

<P><STRONG><a name="[118]"></a>RCC_SYSCLKConfig</STRONG> (Thumb, 16 bytes, Stack size 0 bytes, stm32f4xx_rcc.o(.text), UNUSED)

<P><STRONG><a name="[119]"></a>RCC_GetSYSCLKSource</STRONG> (Thumb, 12 bytes, Stack size 0 bytes, stm32f4xx_rcc.o(.text), UNUSED)

<P><STRONG><a name="[11a]"></a>RCC_HCLKConfig</STRONG> (Thumb, 16 bytes, Stack size 0 bytes, stm32f4xx_rcc.o(.text), UNUSED)

<P><STRONG><a name="[11b]"></a>RCC_PCLK1Config</STRONG> (Thumb, 16 bytes, Stack size 0 bytes, stm32f4xx_rcc.o(.text), UNUSED)

<P><STRONG><a name="[11c]"></a>RCC_PCLK2Config</STRONG> (Thumb, 18 bytes, Stack size 0 bytes, stm32f4xx_rcc.o(.text), UNUSED)

<P><STRONG><a name="[8a]"></a>RCC_GetClocksFreq</STRONG> (Thumb, 134 bytes, Stack size 16 bytes, stm32f4xx_rcc.o(.text))
<BR><BR>[Stack]<UL><LI>Max Depth = 16<LI>Call Chain = RCC_GetClocksFreq
</UL>
<BR>[Called By]<UL><LI><a href="#[89]">&gt;&gt;</a>&nbsp;&nbsp;&nbsp;USART_Init
</UL>

<P><STRONG><a name="[11d]"></a>RCC_RTCCLKConfig</STRONG> (Thumb, 42 bytes, Stack size 0 bytes, stm32f4xx_rcc.o(.text), UNUSED)

<P><STRONG><a name="[11e]"></a>RCC_RTCCLKCmd</STRONG> (Thumb, 8 bytes, Stack size 0 bytes, stm32f4xx_rcc.o(.text), UNUSED)

<P><STRONG><a name="[11f]"></a>RCC_BackupResetCmd</STRONG> (Thumb, 8 bytes, Stack size 0 bytes, stm32f4xx_rcc.o(.text), UNUSED)

<P><STRONG><a name="[120]"></a>RCC_I2SCLKConfig</STRONG> (Thumb, 8 bytes, Stack size 0 bytes, stm32f4xx_rcc.o(.text), UNUSED)

<P><STRONG><a name="[121]"></a>RCC_SAIPLLI2SClkDivConfig</STRONG> (Thumb, 18 bytes, Stack size 0 bytes, stm32f4xx_rcc.o(.text), UNUSED)

<P><STRONG><a name="[122]"></a>RCC_SAIPLLSAIClkDivConfig</STRONG> (Thumb, 24 bytes, Stack size 0 bytes, stm32f4xx_rcc.o(.text), UNUSED)

<P><STRONG><a name="[123]"></a>RCC_SAIBlockACLKConfig</STRONG> (Thumb, 16 bytes, Stack size 0 bytes, stm32f4xx_rcc.o(.text), UNUSED)

<P><STRONG><a name="[124]"></a>RCC_SAIBlockBCLKConfig</STRONG> (Thumb, 16 bytes, Stack size 0 bytes, stm32f4xx_rcc.o(.text), UNUSED)

<P><STRONG><a name="[125]"></a>RCC_LTDCCLKDivConfig</STRONG> (Thumb, 16 bytes, Stack size 0 bytes, stm32f4xx_rcc.o(.text), UNUSED)

<P><STRONG><a name="[126]"></a>RCC_TIMCLKPresConfig</STRONG> (Thumb, 8 bytes, Stack size 0 bytes, stm32f4xx_rcc.o(.text), UNUSED)

<P><STRONG><a name="[8f]"></a>RCC_AHB1PeriphClockCmd</STRONG> (Thumb, 20 bytes, Stack size 0 bytes, stm32f4xx_rcc.o(.text))
<BR><BR>[Called By]<UL><LI><a href="#[ba]">&gt;&gt;</a>&nbsp;&nbsp;&nbsp;TM_DISCO_ButtonInit
<LI><a href="#[b9]">&gt;&gt;</a>&nbsp;&nbsp;&nbsp;TM_DISCO_LedInit
<LI><a href="#[a2]">&gt;&gt;</a>&nbsp;&nbsp;&nbsp;TM_NRF24L01_InitPins
<LI><a href="#[9b]">&gt;&gt;</a>&nbsp;&nbsp;&nbsp;TM_SPI1_Init
<LI><a href="#[9a]">&gt;&gt;</a>&nbsp;&nbsp;&nbsp;TM_SPI2_Init
<LI><a href="#[98]">&gt;&gt;</a>&nbsp;&nbsp;&nbsp;TM_SPI3_Init
<LI><a href="#[97]">&gt;&gt;</a>&nbsp;&nbsp;&nbsp;TM_SPI4_Init
<LI><a href="#[96]">&gt;&gt;</a>&nbsp;&nbsp;&nbsp;TM_SPI5_Init
<LI><a href="#[8e]">&gt;&gt;</a>&nbsp;&nbsp;&nbsp;TM_SPI6_Init
<LI><a href="#[cc]">&gt;&gt;</a>&nbsp;&nbsp;&nbsp;TM_USART1_InitPins
<LI><a href="#[cb]">&gt;&gt;</a>&nbsp;&nbsp;&nbsp;TM_USART2_InitPins
<LI><a href="#[ca]">&gt;&gt;</a>&nbsp;&nbsp;&nbsp;TM_USART3_InitPins
<LI><a href="#[c9]">&gt;&gt;</a>&nbsp;&nbsp;&nbsp;TM_UART4_InitPins
<LI><a href="#[c8]">&gt;&gt;</a>&nbsp;&nbsp;&nbsp;TM_UART5_InitPins
<LI><a href="#[c7]">&gt;&gt;</a>&nbsp;&nbsp;&nbsp;TM_USART6_InitPins
<LI><a href="#[c6]">&gt;&gt;</a>&nbsp;&nbsp;&nbsp;TM_UART7_InitPins
<LI><a href="#[c5]">&gt;&gt;</a>&nbsp;&nbsp;&nbsp;TM_UART8_InitPins
</UL>

<P><STRONG><a name="[127]"></a>RCC_AHB2PeriphClockCmd</STRONG> (Thumb, 20 bytes, Stack size 0 bytes, stm32f4xx_rcc.o(.text), UNUSED)

<P><STRONG><a name="[128]"></a>RCC_AHB3PeriphClockCmd</STRONG> (Thumb, 20 bytes, Stack size 0 bytes, stm32f4xx_rcc.o(.text), UNUSED)

<P><STRONG><a name="[99]"></a>RCC_APB1PeriphClockCmd</STRONG> (Thumb, 20 bytes, Stack size 0 bytes, stm32f4xx_rcc.o(.text))
<BR><BR>[Called By]<UL><LI><a href="#[9a]">&gt;&gt;</a>&nbsp;&nbsp;&nbsp;TM_SPI2_Init
<LI><a href="#[98]">&gt;&gt;</a>&nbsp;&nbsp;&nbsp;TM_SPI3_Init
<LI><a href="#[cb]">&gt;&gt;</a>&nbsp;&nbsp;&nbsp;TM_USART2_InitPins
<LI><a href="#[ca]">&gt;&gt;</a>&nbsp;&nbsp;&nbsp;TM_USART3_InitPins
<LI><a href="#[c9]">&gt;&gt;</a>&nbsp;&nbsp;&nbsp;TM_UART4_InitPins
<LI><a href="#[c8]">&gt;&gt;</a>&nbsp;&nbsp;&nbsp;TM_UART5_InitPins
<LI><a href="#[c6]">&gt;&gt;</a>&nbsp;&nbsp;&nbsp;TM_UART7_InitPins
<LI><a href="#[c5]">&gt;&gt;</a>&nbsp;&nbsp;&nbsp;TM_UART8_InitPins
</UL>

<P><STRONG><a name="[92]"></a>RCC_APB2PeriphClockCmd</STRONG> (Thumb, 20 bytes, Stack size 0 bytes, stm32f4xx_rcc.o(.text))
<BR><BR>[Called By]<UL><LI><a href="#[9b]">&gt;&gt;</a>&nbsp;&nbsp;&nbsp;TM_SPI1_Init
<LI><a href="#[97]">&gt;&gt;</a>&nbsp;&nbsp;&nbsp;TM_SPI4_Init
<LI><a href="#[96]">&gt;&gt;</a>&nbsp;&nbsp;&nbsp;TM_SPI5_Init
<LI><a href="#[8e]">&gt;&gt;</a>&nbsp;&nbsp;&nbsp;TM_SPI6_Init
<LI><a href="#[cc]">&gt;&gt;</a>&nbsp;&nbsp;&nbsp;TM_USART1_InitPins
<LI><a href="#[c7]">&gt;&gt;</a>&nbsp;&nbsp;&nbsp;TM_USART6_InitPins
</UL>

<P><STRONG><a name="[85]"></a>RCC_AHB1PeriphResetCmd</STRONG> (Thumb, 20 bytes, Stack size 0 bytes, stm32f4xx_rcc.o(.text), UNUSED)
<BR><BR>[Called By]<UL><LI><a href="#[84]">&gt;&gt;</a>&nbsp;&nbsp;&nbsp;GPIO_DeInit
</UL>

<P><STRONG><a name="[129]"></a>RCC_AHB2PeriphResetCmd</STRONG> (Thumb, 20 bytes, Stack size 0 bytes, stm32f4xx_rcc.o(.text), UNUSED)

<P><STRONG><a name="[12a]"></a>RCC_AHB3PeriphResetCmd</STRONG> (Thumb, 20 bytes, Stack size 0 bytes, stm32f4xx_rcc.o(.text), UNUSED)

<P><STRONG><a name="[88]"></a>RCC_APB1PeriphResetCmd</STRONG> (Thumb, 20 bytes, Stack size 0 bytes, stm32f4xx_rcc.o(.text), UNUSED)
<BR><BR>[Called By]<UL><LI><a href="#[8b]">&gt;&gt;</a>&nbsp;&nbsp;&nbsp;SPI_I2S_DeInit
<LI><a href="#[86]">&gt;&gt;</a>&nbsp;&nbsp;&nbsp;USART_DeInit
</UL>

<P><STRONG><a name="[87]"></a>RCC_APB2PeriphResetCmd</STRONG> (Thumb, 20 bytes, Stack size 0 bytes, stm32f4xx_rcc.o(.text), UNUSED)
<BR><BR>[Called By]<UL><LI><a href="#[8b]">&gt;&gt;</a>&nbsp;&nbsp;&nbsp;SPI_I2S_DeInit
<LI><a href="#[86]">&gt;&gt;</a>&nbsp;&nbsp;&nbsp;USART_DeInit
</UL>

<P><STRONG><a name="[12b]"></a>RCC_AHB1PeriphClockLPModeCmd</STRONG> (Thumb, 20 bytes, Stack size 0 bytes, stm32f4xx_rcc.o(.text), UNUSED)

<P><STRONG><a name="[12c]"></a>RCC_AHB2PeriphClockLPModeCmd</STRONG> (Thumb, 20 bytes, Stack size 0 bytes, stm32f4xx_rcc.o(.text), UNUSED)

<P><STRONG><a name="[12d]"></a>RCC_AHB3PeriphClockLPModeCmd</STRONG> (Thumb, 20 bytes, Stack size 0 bytes, stm32f4xx_rcc.o(.text), UNUSED)

<P><STRONG><a name="[12e]"></a>RCC_APB1PeriphClockLPModeCmd</STRONG> (Thumb, 64 bytes, Stack size 0 bytes, stm32f4xx_rcc.o(.text), UNUSED)

<P><STRONG><a name="[12f]"></a>RCC_APB2PeriphClockLPModeCmd</STRONG> (Thumb, 18 bytes, Stack size 0 bytes, stm32f4xx_rcc.o(.text), UNUSED)

<P><STRONG><a name="[130]"></a>RCC_ITConfig</STRONG> (Thumb, 20 bytes, Stack size 0 bytes, stm32f4xx_rcc.o(.text), UNUSED)

<P><STRONG><a name="[131]"></a>RCC_ClearFlag</STRONG> (Thumb, 14 bytes, Stack size 0 bytes, stm32f4xx_rcc.o(.text), UNUSED)

<P><STRONG><a name="[132]"></a>RCC_GetITStatus</STRONG> (Thumb, 18 bytes, Stack size 0 bytes, stm32f4xx_rcc.o(.text), UNUSED)

<P><STRONG><a name="[133]"></a>RCC_ClearITPendingBit</STRONG> (Thumb, 8 bytes, Stack size 0 bytes, stm32f4xx_rcc.o(.text), UNUSED)

<P><STRONG><a name="[84]"></a>GPIO_DeInit</STRONG> (Thumb, 216 bytes, Stack size 8 bytes, stm32f4xx_gpio.o(.text), UNUSED)
<BR><BR>[Calls]<UL><LI><a href="#[85]">&gt;&gt;</a>&nbsp;&nbsp;&nbsp;RCC_AHB1PeriphResetCmd
</UL>

<P><STRONG><a name="[90]"></a>GPIO_Init</STRONG> (Thumb, 120 bytes, Stack size 20 bytes, stm32f4xx_gpio.o(.text))
<BR><BR>[Stack]<UL><LI>Max Depth = 20<LI>Call Chain = GPIO_Init
</UL>
<BR>[Called By]<UL><LI><a href="#[ba]">&gt;&gt;</a>&nbsp;&nbsp;&nbsp;TM_DISCO_ButtonInit
<LI><a href="#[b9]">&gt;&gt;</a>&nbsp;&nbsp;&nbsp;TM_DISCO_LedInit
<LI><a href="#[a2]">&gt;&gt;</a>&nbsp;&nbsp;&nbsp;TM_NRF24L01_InitPins
<LI><a href="#[9b]">&gt;&gt;</a>&nbsp;&nbsp;&nbsp;TM_SPI1_Init
<LI><a href="#[9a]">&gt;&gt;</a>&nbsp;&nbsp;&nbsp;TM_SPI2_Init
<LI><a href="#[98]">&gt;&gt;</a>&nbsp;&nbsp;&nbsp;TM_SPI3_Init
<LI><a href="#[97]">&gt;&gt;</a>&nbsp;&nbsp;&nbsp;TM_SPI4_Init
<LI><a href="#[96]">&gt;&gt;</a>&nbsp;&nbsp;&nbsp;TM_SPI5_Init
<LI><a href="#[8e]">&gt;&gt;</a>&nbsp;&nbsp;&nbsp;TM_SPI6_Init
<LI><a href="#[cc]">&gt;&gt;</a>&nbsp;&nbsp;&nbsp;TM_USART1_InitPins
<LI><a href="#[cb]">&gt;&gt;</a>&nbsp;&nbsp;&nbsp;TM_USART2_InitPins
<LI><a href="#[ca]">&gt;&gt;</a>&nbsp;&nbsp;&nbsp;TM_USART3_InitPins
<LI><a href="#[c9]">&gt;&gt;</a>&nbsp;&nbsp;&nbsp;TM_UART4_InitPins
<LI><a href="#[c8]">&gt;&gt;</a>&nbsp;&nbsp;&nbsp;TM_UART5_InitPins
<LI><a href="#[c7]">&gt;&gt;</a>&nbsp;&nbsp;&nbsp;TM_USART6_InitPins
<LI><a href="#[c6]">&gt;&gt;</a>&nbsp;&nbsp;&nbsp;TM_UART7_InitPins
<LI><a href="#[c5]">&gt;&gt;</a>&nbsp;&nbsp;&nbsp;TM_UART8_InitPins
</UL>

<P><STRONG><a name="[134]"></a>GPIO_StructInit</STRONG> (Thumb, 18 bytes, Stack size 0 bytes, stm32f4xx_gpio.o(.text), UNUSED)

<P><STRONG><a name="[135]"></a>GPIO_PinLockConfig</STRONG> (Thumb, 24 bytes, Stack size 8 bytes, stm32f4xx_gpio.o(.text), UNUSED)

<P><STRONG><a name="[c4]"></a>GPIO_ReadInputDataBit</STRONG> (Thumb, 14 bytes, Stack size 0 bytes, stm32f4xx_gpio.o(.text), UNUSED)
<BR><BR>[Called By]<UL><LI><a href="#[c3]">&gt;&gt;</a>&nbsp;&nbsp;&nbsp;TM_DISCO_ButtonPressed
</UL>

<P><STRONG><a name="[136]"></a>GPIO_ReadInputData</STRONG> (Thumb, 6 bytes, Stack size 0 bytes, stm32f4xx_gpio.o(.text), UNUSED)

<P><STRONG><a name="[c2]"></a>GPIO_ReadOutputDataBit</STRONG> (Thumb, 14 bytes, Stack size 0 bytes, stm32f4xx_gpio.o(.text), UNUSED)
<BR><BR>[Called By]<UL><LI><a href="#[c1]">&gt;&gt;</a>&nbsp;&nbsp;&nbsp;TM_DISCO_LedIsOn
</UL>

<P><STRONG><a name="[137]"></a>GPIO_ReadOutputData</STRONG> (Thumb, 6 bytes, Stack size 0 bytes, stm32f4xx_gpio.o(.text), UNUSED)

<P><STRONG><a name="[bc]"></a>GPIO_SetBits</STRONG> (Thumb, 4 bytes, Stack size 0 bytes, stm32f4xx_gpio.o(.text))
<BR><BR>[Called By]<UL><LI><a href="#[bb]">&gt;&gt;</a>&nbsp;&nbsp;&nbsp;TM_DISCO_LedOn
</UL>

<P><STRONG><a name="[be]"></a>GPIO_ResetBits</STRONG> (Thumb, 4 bytes, Stack size 0 bytes, stm32f4xx_gpio.o(.text))
<BR><BR>[Called By]<UL><LI><a href="#[bd]">&gt;&gt;</a>&nbsp;&nbsp;&nbsp;TM_DISCO_LedOff
</UL>

<P><STRONG><a name="[138]"></a>GPIO_WriteBit</STRONG> (Thumb, 10 bytes, Stack size 0 bytes, stm32f4xx_gpio.o(.text), UNUSED)

<P><STRONG><a name="[139]"></a>GPIO_Write</STRONG> (Thumb, 4 bytes, Stack size 0 bytes, stm32f4xx_gpio.o(.text), UNUSED)

<P><STRONG><a name="[c0]"></a>GPIO_ToggleBits</STRONG> (Thumb, 8 bytes, Stack size 0 bytes, stm32f4xx_gpio.o(.text), UNUSED)
<BR><BR>[Called By]<UL><LI><a href="#[bf]">&gt;&gt;</a>&nbsp;&nbsp;&nbsp;TM_DISCO_LedToggle
</UL>

<P><STRONG><a name="[91]"></a>GPIO_PinAFConfig</STRONG> (Thumb, 32 bytes, Stack size 8 bytes, stm32f4xx_gpio.o(.text))
<BR><BR>[Stack]<UL><LI>Max Depth = 8<LI>Call Chain = GPIO_PinAFConfig
</UL>
<BR>[Called By]<UL><LI><a href="#[9b]">&gt;&gt;</a>&nbsp;&nbsp;&nbsp;TM_SPI1_Init
<LI><a href="#[9a]">&gt;&gt;</a>&nbsp;&nbsp;&nbsp;TM_SPI2_Init
<LI><a href="#[98]">&gt;&gt;</a>&nbsp;&nbsp;&nbsp;TM_SPI3_Init
<LI><a href="#[97]">&gt;&gt;</a>&nbsp;&nbsp;&nbsp;TM_SPI4_Init
<LI><a href="#[96]">&gt;&gt;</a>&nbsp;&nbsp;&nbsp;TM_SPI5_Init
<LI><a href="#[8e]">&gt;&gt;</a>&nbsp;&nbsp;&nbsp;TM_SPI6_Init
<LI><a href="#[cc]">&gt;&gt;</a>&nbsp;&nbsp;&nbsp;TM_USART1_InitPins
<LI><a href="#[cb]">&gt;&gt;</a>&nbsp;&nbsp;&nbsp;TM_USART2_InitPins
<LI><a href="#[ca]">&gt;&gt;</a>&nbsp;&nbsp;&nbsp;TM_USART3_InitPins
<LI><a href="#[c9]">&gt;&gt;</a>&nbsp;&nbsp;&nbsp;TM_UART4_InitPins
<LI><a href="#[c8]">&gt;&gt;</a>&nbsp;&nbsp;&nbsp;TM_UART5_InitPins
<LI><a href="#[c7]">&gt;&gt;</a>&nbsp;&nbsp;&nbsp;TM_USART6_InitPins
<LI><a href="#[c6]">&gt;&gt;</a>&nbsp;&nbsp;&nbsp;TM_UART7_InitPins
<LI><a href="#[c5]">&gt;&gt;</a>&nbsp;&nbsp;&nbsp;TM_UART8_InitPins
</UL>

<P><STRONG><a name="[86]"></a>USART_DeInit</STRONG> (Thumb, 138 bytes, Stack size 8 bytes, stm32f4xx_usart.o(.text), UNUSED)
<BR><BR>[Calls]<UL><LI><a href="#[87]">&gt;&gt;</a>&nbsp;&nbsp;&nbsp;RCC_APB2PeriphResetCmd
<LI><a href="#[88]">&gt;&gt;</a>&nbsp;&nbsp;&nbsp;RCC_APB1PeriphResetCmd
</UL>

<P><STRONG><a name="[89]"></a>USART_Init</STRONG> (Thumb, 164 bytes, Stack size 32 bytes, stm32f4xx_usart.o(.text))
<BR><BR>[Stack]<UL><LI>Max Depth = 48<LI>Call Chain = USART_Init &rArr; RCC_GetClocksFreq
</UL>
<BR>[Calls]<UL><LI><a href="#[8a]">&gt;&gt;</a>&nbsp;&nbsp;&nbsp;RCC_GetClocksFreq
</UL>
<BR>[Called By]<UL><LI><a href="#[cd]">&gt;&gt;</a>&nbsp;&nbsp;&nbsp;TM_USART_Init
</UL>

<P><STRONG><a name="[13a]"></a>USART_StructInit</STRONG> (Thumb, 22 bytes, Stack size 0 bytes, stm32f4xx_usart.o(.text), UNUSED)

<P><STRONG><a name="[13b]"></a>USART_ClockInit</STRONG> (Thumb, 28 bytes, Stack size 8 bytes, stm32f4xx_usart.o(.text), UNUSED)

<P><STRONG><a name="[13c]"></a>USART_ClockStructInit</STRONG> (Thumb, 12 bytes, Stack size 0 bytes, stm32f4xx_usart.o(.text), UNUSED)

<P><STRONG><a name="[ce]"></a>USART_Cmd</STRONG> (Thumb, 20 bytes, Stack size 0 bytes, stm32f4xx_usart.o(.text))
<BR><BR>[Called By]<UL><LI><a href="#[cd]">&gt;&gt;</a>&nbsp;&nbsp;&nbsp;TM_USART_Init
</UL>

<P><STRONG><a name="[13d]"></a>USART_SetPrescaler</STRONG> (Thumb, 16 bytes, Stack size 0 bytes, stm32f4xx_usart.o(.text), UNUSED)

<P><STRONG><a name="[13e]"></a>USART_OverSampling8Cmd</STRONG> (Thumb, 20 bytes, Stack size 0 bytes, stm32f4xx_usart.o(.text), UNUSED)

<P><STRONG><a name="[13f]"></a>USART_OneBitMethodCmd</STRONG> (Thumb, 20 bytes, Stack size 0 bytes, stm32f4xx_usart.o(.text), UNUSED)

<P><STRONG><a name="[d4]"></a>USART_SendData</STRONG> (Thumb, 8 bytes, Stack size 0 bytes, stm32f4xx_usart.o(.text))
<BR><BR>[Called By]<UL><LI><a href="#[d2]">&gt;&gt;</a>&nbsp;&nbsp;&nbsp;TM_USART_Putc
</UL>

<P><STRONG><a name="[140]"></a>USART_ReceiveData</STRONG> (Thumb, 8 bytes, Stack size 0 bytes, stm32f4xx_usart.o(.text), UNUSED)

<P><STRONG><a name="[141]"></a>USART_SetAddress</STRONG> (Thumb, 16 bytes, Stack size 0 bytes, stm32f4xx_usart.o(.text), UNUSED)

<P><STRONG><a name="[142]"></a>USART_ReceiverWakeUpCmd</STRONG> (Thumb, 20 bytes, Stack size 0 bytes, stm32f4xx_usart.o(.text), UNUSED)

<P><STRONG><a name="[143]"></a>USART_WakeUpConfig</STRONG> (Thumb, 16 bytes, Stack size 0 bytes, stm32f4xx_usart.o(.text), UNUSED)

<P><STRONG><a name="[144]"></a>USART_LINBreakDetectLengthConfig</STRONG> (Thumb, 16 bytes, Stack size 0 bytes, stm32f4xx_usart.o(.text), UNUSED)

<P><STRONG><a name="[145]"></a>USART_LINCmd</STRONG> (Thumb, 20 bytes, Stack size 0 bytes, stm32f4xx_usart.o(.text), UNUSED)

<P><STRONG><a name="[146]"></a>USART_SendBreak</STRONG> (Thumb, 10 bytes, Stack size 0 bytes, stm32f4xx_usart.o(.text), UNUSED)

<P><STRONG><a name="[147]"></a>USART_HalfDuplexCmd</STRONG> (Thumb, 20 bytes, Stack size 0 bytes, stm32f4xx_usart.o(.text), UNUSED)

<P><STRONG><a name="[148]"></a>USART_SetGuardTime</STRONG> (Thumb, 16 bytes, Stack size 0 bytes, stm32f4xx_usart.o(.text), UNUSED)

<P><STRONG><a name="[149]"></a>USART_SmartCardCmd</STRONG> (Thumb, 20 bytes, Stack size 0 bytes, stm32f4xx_usart.o(.text), UNUSED)

<P><STRONG><a name="[14a]"></a>USART_SmartCardNACKCmd</STRONG> (Thumb, 20 bytes, Stack size 0 bytes, stm32f4xx_usart.o(.text), UNUSED)

<P><STRONG><a name="[14b]"></a>USART_IrDAConfig</STRONG> (Thumb, 16 bytes, Stack size 0 bytes, stm32f4xx_usart.o(.text), UNUSED)

<P><STRONG><a name="[14c]"></a>USART_IrDACmd</STRONG> (Thumb, 20 bytes, Stack size 0 bytes, stm32f4xx_usart.o(.text), UNUSED)

<P><STRONG><a name="[14d]"></a>USART_DMACmd</STRONG> (Thumb, 16 bytes, Stack size 0 bytes, stm32f4xx_usart.o(.text), UNUSED)

<P><STRONG><a name="[cf]"></a>USART_ITConfig</STRONG> (Thumb, 48 bytes, Stack size 8 bytes, stm32f4xx_usart.o(.text))
<BR><BR>[Stack]<UL><LI>Max Depth = 8<LI>Call Chain = USART_ITConfig
</UL>
<BR>[Called By]<UL><LI><a href="#[cd]">&gt;&gt;</a>&nbsp;&nbsp;&nbsp;TM_USART_Init
</UL>

<P><STRONG><a name="[d3]"></a>USART_GetFlagStatus</STRONG> (Thumb, 14 bytes, Stack size 0 bytes, stm32f4xx_usart.o(.text))
<BR><BR>[Called By]<UL><LI><a href="#[d2]">&gt;&gt;</a>&nbsp;&nbsp;&nbsp;TM_USART_Putc
</UL>

<P><STRONG><a name="[14e]"></a>USART_ClearFlag</STRONG> (Thumb, 6 bytes, Stack size 0 bytes, stm32f4xx_usart.o(.text), UNUSED)

<P><STRONG><a name="[d6]"></a>USART_GetITStatus</STRONG> (Thumb, 62 bytes, Stack size 16 bytes, stm32f4xx_usart.o(.text))
<BR><BR>[Stack]<UL><LI>Max Depth = 16<LI>Call Chain = USART_GetITStatus
</UL>
<BR>[Called By]<UL><LI><a href="#[5f]">&gt;&gt;</a>&nbsp;&nbsp;&nbsp;UART8_IRQHandler
<LI><a href="#[5e]">&gt;&gt;</a>&nbsp;&nbsp;&nbsp;UART7_IRQHandler
<LI><a href="#[53]">&gt;&gt;</a>&nbsp;&nbsp;&nbsp;USART6_IRQHandler
<LI><a href="#[41]">&gt;&gt;</a>&nbsp;&nbsp;&nbsp;UART5_IRQHandler
<LI><a href="#[40]">&gt;&gt;</a>&nbsp;&nbsp;&nbsp;UART4_IRQHandler
<LI><a href="#[33]">&gt;&gt;</a>&nbsp;&nbsp;&nbsp;USART3_IRQHandler
<LI><a href="#[32]">&gt;&gt;</a>&nbsp;&nbsp;&nbsp;USART2_IRQHandler
<LI><a href="#[31]">&gt;&gt;</a>&nbsp;&nbsp;&nbsp;USART1_IRQHandler
</UL>

<P><STRONG><a name="[14f]"></a>USART_ClearITPendingBit</STRONG> (Thumb, 12 bytes, Stack size 0 bytes, stm32f4xx_usart.o(.text), UNUSED)

<P><STRONG><a name="[8b]"></a>SPI_I2S_DeInit</STRONG> (Thumb, 108 bytes, Stack size 8 bytes, stm32f4xx_spi.o(.text), UNUSED)
<BR><BR>[Calls]<UL><LI><a href="#[87]">&gt;&gt;</a>&nbsp;&nbsp;&nbsp;RCC_APB2PeriphResetCmd
<LI><a href="#[88]">&gt;&gt;</a>&nbsp;&nbsp;&nbsp;RCC_APB1PeriphResetCmd
</UL>

<P><STRONG><a name="[94]"></a>SPI_Init</STRONG> (Thumb, 56 bytes, Stack size 12 bytes, stm32f4xx_spi.o(.text))
<BR><BR>[Stack]<UL><LI>Max Depth = 12<LI>Call Chain = SPI_Init
</UL>
<BR>[Called By]<UL><LI><a href="#[9b]">&gt;&gt;</a>&nbsp;&nbsp;&nbsp;TM_SPI1_Init
<LI><a href="#[9a]">&gt;&gt;</a>&nbsp;&nbsp;&nbsp;TM_SPI2_Init
<LI><a href="#[98]">&gt;&gt;</a>&nbsp;&nbsp;&nbsp;TM_SPI3_Init
<LI><a href="#[97]">&gt;&gt;</a>&nbsp;&nbsp;&nbsp;TM_SPI4_Init
<LI><a href="#[96]">&gt;&gt;</a>&nbsp;&nbsp;&nbsp;TM_SPI5_Init
<LI><a href="#[8e]">&gt;&gt;</a>&nbsp;&nbsp;&nbsp;TM_SPI6_Init
</UL>

<P><STRONG><a name="[150]"></a>I2S_Init</STRONG> (Thumb, 188 bytes, Stack size 20 bytes, stm32f4xx_spi.o(.text), UNUSED)

<P><STRONG><a name="[93]"></a>SPI_StructInit</STRONG> (Thumb, 24 bytes, Stack size 0 bytes, stm32f4xx_spi.o(.text))
<BR><BR>[Called By]<UL><LI><a href="#[9b]">&gt;&gt;</a>&nbsp;&nbsp;&nbsp;TM_SPI1_Init
<LI><a href="#[9a]">&gt;&gt;</a>&nbsp;&nbsp;&nbsp;TM_SPI2_Init
<LI><a href="#[98]">&gt;&gt;</a>&nbsp;&nbsp;&nbsp;TM_SPI3_Init
<LI><a href="#[97]">&gt;&gt;</a>&nbsp;&nbsp;&nbsp;TM_SPI4_Init
<LI><a href="#[96]">&gt;&gt;</a>&nbsp;&nbsp;&nbsp;TM_SPI5_Init
<LI><a href="#[8e]">&gt;&gt;</a>&nbsp;&nbsp;&nbsp;TM_SPI6_Init
</UL>

<P><STRONG><a name="[151]"></a>I2S_StructInit</STRONG> (Thumb, 18 bytes, Stack size 0 bytes, stm32f4xx_spi.o(.text), UNUSED)

<P><STRONG><a name="[95]"></a>SPI_Cmd</STRONG> (Thumb, 20 bytes, Stack size 0 bytes, stm32f4xx_spi.o(.text))
<BR><BR>[Called By]<UL><LI><a href="#[9b]">&gt;&gt;</a>&nbsp;&nbsp;&nbsp;TM_SPI1_Init
<LI><a href="#[9a]">&gt;&gt;</a>&nbsp;&nbsp;&nbsp;TM_SPI2_Init
<LI><a href="#[98]">&gt;&gt;</a>&nbsp;&nbsp;&nbsp;TM_SPI3_Init
<LI><a href="#[97]">&gt;&gt;</a>&nbsp;&nbsp;&nbsp;TM_SPI4_Init
<LI><a href="#[96]">&gt;&gt;</a>&nbsp;&nbsp;&nbsp;TM_SPI5_Init
<LI><a href="#[8e]">&gt;&gt;</a>&nbsp;&nbsp;&nbsp;TM_SPI6_Init
</UL>

<P><STRONG><a name="[152]"></a>I2S_Cmd</STRONG> (Thumb, 20 bytes, Stack size 0 bytes, stm32f4xx_spi.o(.text), UNUSED)

<P><STRONG><a name="[153]"></a>SPI_DataSizeConfig</STRONG> (Thumb, 16 bytes, Stack size 0 bytes, stm32f4xx_spi.o(.text), UNUSED)

<P><STRONG><a name="[154]"></a>SPI_BiDirectionalLineConfig</STRONG> (Thumb, 22 bytes, Stack size 0 bytes, stm32f4xx_spi.o(.text), UNUSED)

<P><STRONG><a name="[155]"></a>SPI_NSSInternalSoftwareConfig</STRONG> (Thumb, 24 bytes, Stack size 0 bytes, stm32f4xx_spi.o(.text), UNUSED)

<P><STRONG><a name="[156]"></a>SPI_SSOutputCmd</STRONG> (Thumb, 20 bytes, Stack size 0 bytes, stm32f4xx_spi.o(.text), UNUSED)

<P><STRONG><a name="[157]"></a>SPI_TIModeCmd</STRONG> (Thumb, 20 bytes, Stack size 0 bytes, stm32f4xx_spi.o(.text), UNUSED)

<P><STRONG><a name="[158]"></a>I2S_FullDuplexConfig</STRONG> (Thumb, 58 bytes, Stack size 12 bytes, stm32f4xx_spi.o(.text), UNUSED)

<P><STRONG><a name="[159]"></a>SPI_I2S_ReceiveData</STRONG> (Thumb, 4 bytes, Stack size 0 bytes, stm32f4xx_spi.o(.text), UNUSED)

<P><STRONG><a name="[15a]"></a>SPI_I2S_SendData</STRONG> (Thumb, 4 bytes, Stack size 0 bytes, stm32f4xx_spi.o(.text), UNUSED)

<P><STRONG><a name="[15b]"></a>SPI_CalculateCRC</STRONG> (Thumb, 20 bytes, Stack size 0 bytes, stm32f4xx_spi.o(.text), UNUSED)

<P><STRONG><a name="[15c]"></a>SPI_TransmitCRC</STRONG> (Thumb, 10 bytes, Stack size 0 bytes, stm32f4xx_spi.o(.text), UNUSED)

<P><STRONG><a name="[15d]"></a>SPI_GetCRC</STRONG> (Thumb, 12 bytes, Stack size 0 bytes, stm32f4xx_spi.o(.text), UNUSED)

<P><STRONG><a name="[15e]"></a>SPI_GetCRCPolynomial</STRONG> (Thumb, 4 bytes, Stack size 0 bytes, stm32f4xx_spi.o(.text), UNUSED)

<P><STRONG><a name="[15f]"></a>SPI_I2S_DMACmd</STRONG> (Thumb, 16 bytes, Stack size 0 bytes, stm32f4xx_spi.o(.text), UNUSED)

<P><STRONG><a name="[160]"></a>SPI_I2S_ITConfig</STRONG> (Thumb, 24 bytes, Stack size 0 bytes, stm32f4xx_spi.o(.text), UNUSED)

<P><STRONG><a name="[9e]"></a>SPI_I2S_GetFlagStatus</STRONG> (Thumb, 14 bytes, Stack size 0 bytes, stm32f4xx_spi.o(.text))
<BR><BR>[Called By]<UL><LI><a href="#[9d]">&gt;&gt;</a>&nbsp;&nbsp;&nbsp;TM_SPI_Send
</UL>

<P><STRONG><a name="[161]"></a>SPI_I2S_ClearFlag</STRONG> (Thumb, 6 bytes, Stack size 0 bytes, stm32f4xx_spi.o(.text), UNUSED)

<P><STRONG><a name="[162]"></a>SPI_I2S_GetITStatus</STRONG> (Thumb, 44 bytes, Stack size 12 bytes, stm32f4xx_spi.o(.text), UNUSED)

<P><STRONG><a name="[163]"></a>SPI_I2S_ClearITPendingBit</STRONG> (Thumb, 14 bytes, Stack size 0 bytes, stm32f4xx_spi.o(.text), UNUSED)

<P><STRONG><a name="[164]"></a>Delay</STRONG> (Thumb, 16 bytes, Stack size 8 bytes, tm_stm32f4_delay.o(.text), UNUSED)

<P><STRONG><a name="[165]"></a>Delayms</STRONG> (Thumb, 22 bytes, Stack size 8 bytes, tm_stm32f4_delay.o(.text), UNUSED)

<P><STRONG><a name="[dd]"></a>TimingDelay_Decrement</STRONG> (Thumb, 22 bytes, Stack size 0 bytes, tm_stm32f4_delay.o(.text))
<BR><BR>[Called By]<UL><LI><a href="#[b]">&gt;&gt;</a>&nbsp;&nbsp;&nbsp;SysTick_Handler
</UL>

<P><STRONG><a name="[8c]"></a>TM_DELAY_Init</STRONG> (Thumb, 72 bytes, Stack size 8 bytes, tm_stm32f4_delay.o(.text))
<BR><BR>[Stack]<UL><LI>Max Depth = 20<LI>Call Chain = TM_DELAY_Init &rArr; RCC_WaitForHSEStartUp
</UL>
<BR>[Calls]<UL><LI><a href="#[82]">&gt;&gt;</a>&nbsp;&nbsp;&nbsp;RCC_WaitForHSEStartUp
<LI><a href="#[8d]">&gt;&gt;</a>&nbsp;&nbsp;&nbsp;RCC_HSEConfig
</UL>
<BR>[Called By]<UL><LI><a href="#[7b]">&gt;&gt;</a>&nbsp;&nbsp;&nbsp;main
</UL>

<P><STRONG><a name="[db]"></a>TM_DELAY_Time</STRONG> (Thumb, 6 bytes, Stack size 0 bytes, tm_stm32f4_delay.o(.text))
<BR><BR>[Called By]<UL><LI><a href="#[7b]">&gt;&gt;</a>&nbsp;&nbsp;&nbsp;main
</UL>

<P><STRONG><a name="[da]"></a>TM_DELAY_SetTime</STRONG> (Thumb, 6 bytes, Stack size 0 bytes, tm_stm32f4_delay.o(.text))
<BR><BR>[Called By]<UL><LI><a href="#[7b]">&gt;&gt;</a>&nbsp;&nbsp;&nbsp;main
</UL>

<P><STRONG><a name="[8e]"></a>TM_SPI6_Init</STRONG> (Thumb, 156 bytes, Stack size 40 bytes, tm_stm32f4_spi.o(.text))
<BR><BR>[Stack]<UL><LI>Max Depth = 60<LI>Call Chain = TM_SPI6_Init &rArr; GPIO_Init
</UL>
<BR>[Calls]<UL><LI><a href="#[95]">&gt;&gt;</a>&nbsp;&nbsp;&nbsp;SPI_Cmd
<LI><a href="#[93]">&gt;&gt;</a>&nbsp;&nbsp;&nbsp;SPI_StructInit
<LI><a href="#[94]">&gt;&gt;</a>&nbsp;&nbsp;&nbsp;SPI_Init
<LI><a href="#[91]">&gt;&gt;</a>&nbsp;&nbsp;&nbsp;GPIO_PinAFConfig
<LI><a href="#[90]">&gt;&gt;</a>&nbsp;&nbsp;&nbsp;GPIO_Init
<LI><a href="#[92]">&gt;&gt;</a>&nbsp;&nbsp;&nbsp;RCC_APB2PeriphClockCmd
<LI><a href="#[8f]">&gt;&gt;</a>&nbsp;&nbsp;&nbsp;RCC_AHB1PeriphClockCmd
</UL>
<BR>[Called By]<UL><LI><a href="#[9c]">&gt;&gt;</a>&nbsp;&nbsp;&nbsp;TM_SPI_Init
</UL>

<P><STRONG><a name="[96]"></a>TM_SPI5_Init</STRONG> (Thumb, 228 bytes, Stack size 40 bytes, tm_stm32f4_spi.o(.text))
<BR><BR>[Stack]<UL><LI>Max Depth = 60<LI>Call Chain = TM_SPI5_Init &rArr; GPIO_Init
</UL>
<BR>[Calls]<UL><LI><a href="#[95]">&gt;&gt;</a>&nbsp;&nbsp;&nbsp;SPI_Cmd
<LI><a href="#[93]">&gt;&gt;</a>&nbsp;&nbsp;&nbsp;SPI_StructInit
<LI><a href="#[94]">&gt;&gt;</a>&nbsp;&nbsp;&nbsp;SPI_Init
<LI><a href="#[91]">&gt;&gt;</a>&nbsp;&nbsp;&nbsp;GPIO_PinAFConfig
<LI><a href="#[90]">&gt;&gt;</a>&nbsp;&nbsp;&nbsp;GPIO_Init
<LI><a href="#[92]">&gt;&gt;</a>&nbsp;&nbsp;&nbsp;RCC_APB2PeriphClockCmd
<LI><a href="#[8f]">&gt;&gt;</a>&nbsp;&nbsp;&nbsp;RCC_AHB1PeriphClockCmd
</UL>
<BR>[Called By]<UL><LI><a href="#[9c]">&gt;&gt;</a>&nbsp;&nbsp;&nbsp;TM_SPI_Init
</UL>

<P><STRONG><a name="[97]"></a>TM_SPI4_Init</STRONG> (Thumb, 206 bytes, Stack size 40 bytes, tm_stm32f4_spi.o(.text))
<BR><BR>[Stack]<UL><LI>Max Depth = 60<LI>Call Chain = TM_SPI4_Init &rArr; GPIO_Init
</UL>
<BR>[Calls]<UL><LI><a href="#[95]">&gt;&gt;</a>&nbsp;&nbsp;&nbsp;SPI_Cmd
<LI><a href="#[93]">&gt;&gt;</a>&nbsp;&nbsp;&nbsp;SPI_StructInit
<LI><a href="#[94]">&gt;&gt;</a>&nbsp;&nbsp;&nbsp;SPI_Init
<LI><a href="#[91]">&gt;&gt;</a>&nbsp;&nbsp;&nbsp;GPIO_PinAFConfig
<LI><a href="#[90]">&gt;&gt;</a>&nbsp;&nbsp;&nbsp;GPIO_Init
<LI><a href="#[92]">&gt;&gt;</a>&nbsp;&nbsp;&nbsp;RCC_APB2PeriphClockCmd
<LI><a href="#[8f]">&gt;&gt;</a>&nbsp;&nbsp;&nbsp;RCC_AHB1PeriphClockCmd
</UL>
<BR>[Called By]<UL><LI><a href="#[9c]">&gt;&gt;</a>&nbsp;&nbsp;&nbsp;TM_SPI_Init
</UL>

<P><STRONG><a name="[98]"></a>TM_SPI3_Init</STRONG> (Thumb, 210 bytes, Stack size 40 bytes, tm_stm32f4_spi.o(.text))
<BR><BR>[Stack]<UL><LI>Max Depth = 60<LI>Call Chain = TM_SPI3_Init &rArr; GPIO_Init
</UL>
<BR>[Calls]<UL><LI><a href="#[95]">&gt;&gt;</a>&nbsp;&nbsp;&nbsp;SPI_Cmd
<LI><a href="#[93]">&gt;&gt;</a>&nbsp;&nbsp;&nbsp;SPI_StructInit
<LI><a href="#[94]">&gt;&gt;</a>&nbsp;&nbsp;&nbsp;SPI_Init
<LI><a href="#[91]">&gt;&gt;</a>&nbsp;&nbsp;&nbsp;GPIO_PinAFConfig
<LI><a href="#[90]">&gt;&gt;</a>&nbsp;&nbsp;&nbsp;GPIO_Init
<LI><a href="#[99]">&gt;&gt;</a>&nbsp;&nbsp;&nbsp;RCC_APB1PeriphClockCmd
<LI><a href="#[8f]">&gt;&gt;</a>&nbsp;&nbsp;&nbsp;RCC_AHB1PeriphClockCmd
</UL>
<BR>[Called By]<UL><LI><a href="#[9c]">&gt;&gt;</a>&nbsp;&nbsp;&nbsp;TM_SPI_Init
</UL>

<P><STRONG><a name="[9a]"></a>TM_SPI2_Init</STRONG> (Thumb, 276 bytes, Stack size 48 bytes, tm_stm32f4_spi.o(.text))
<BR><BR>[Stack]<UL><LI>Max Depth = 68<LI>Call Chain = TM_SPI2_Init &rArr; GPIO_Init
</UL>
<BR>[Calls]<UL><LI><a href="#[95]">&gt;&gt;</a>&nbsp;&nbsp;&nbsp;SPI_Cmd
<LI><a href="#[93]">&gt;&gt;</a>&nbsp;&nbsp;&nbsp;SPI_StructInit
<LI><a href="#[94]">&gt;&gt;</a>&nbsp;&nbsp;&nbsp;SPI_Init
<LI><a href="#[91]">&gt;&gt;</a>&nbsp;&nbsp;&nbsp;GPIO_PinAFConfig
<LI><a href="#[90]">&gt;&gt;</a>&nbsp;&nbsp;&nbsp;GPIO_Init
<LI><a href="#[99]">&gt;&gt;</a>&nbsp;&nbsp;&nbsp;RCC_APB1PeriphClockCmd
<LI><a href="#[8f]">&gt;&gt;</a>&nbsp;&nbsp;&nbsp;RCC_AHB1PeriphClockCmd
</UL>
<BR>[Called By]<UL><LI><a href="#[9c]">&gt;&gt;</a>&nbsp;&nbsp;&nbsp;TM_SPI_Init
</UL>

<P><STRONG><a name="[9b]"></a>TM_SPI1_Init</STRONG> (Thumb, 208 bytes, Stack size 40 bytes, tm_stm32f4_spi.o(.text))
<BR><BR>[Stack]<UL><LI>Max Depth = 60<LI>Call Chain = TM_SPI1_Init &rArr; GPIO_Init
</UL>
<BR>[Calls]<UL><LI><a href="#[95]">&gt;&gt;</a>&nbsp;&nbsp;&nbsp;SPI_Cmd
<LI><a href="#[93]">&gt;&gt;</a>&nbsp;&nbsp;&nbsp;SPI_StructInit
<LI><a href="#[94]">&gt;&gt;</a>&nbsp;&nbsp;&nbsp;SPI_Init
<LI><a href="#[91]">&gt;&gt;</a>&nbsp;&nbsp;&nbsp;GPIO_PinAFConfig
<LI><a href="#[90]">&gt;&gt;</a>&nbsp;&nbsp;&nbsp;GPIO_Init
<LI><a href="#[92]">&gt;&gt;</a>&nbsp;&nbsp;&nbsp;RCC_APB2PeriphClockCmd
<LI><a href="#[8f]">&gt;&gt;</a>&nbsp;&nbsp;&nbsp;RCC_AHB1PeriphClockCmd
</UL>
<BR>[Called By]<UL><LI><a href="#[9c]">&gt;&gt;</a>&nbsp;&nbsp;&nbsp;TM_SPI_Init
</UL>

<P><STRONG><a name="[9c]"></a>TM_SPI_Init</STRONG> (Thumb, 80 bytes, Stack size 16 bytes, tm_stm32f4_spi.o(.text))
<BR><BR>[Stack]<UL><LI>Max Depth = 84<LI>Call Chain = TM_SPI_Init &rArr; TM_SPI2_Init &rArr; GPIO_Init
</UL>
<BR>[Calls]<UL><LI><a href="#[9b]">&gt;&gt;</a>&nbsp;&nbsp;&nbsp;TM_SPI1_Init
<LI><a href="#[9a]">&gt;&gt;</a>&nbsp;&nbsp;&nbsp;TM_SPI2_Init
<LI><a href="#[98]">&gt;&gt;</a>&nbsp;&nbsp;&nbsp;TM_SPI3_Init
<LI><a href="#[97]">&gt;&gt;</a>&nbsp;&nbsp;&nbsp;TM_SPI4_Init
<LI><a href="#[96]">&gt;&gt;</a>&nbsp;&nbsp;&nbsp;TM_SPI5_Init
<LI><a href="#[8e]">&gt;&gt;</a>&nbsp;&nbsp;&nbsp;TM_SPI6_Init
</UL>
<BR>[Called By]<UL><LI><a href="#[ab]">&gt;&gt;</a>&nbsp;&nbsp;&nbsp;TM_NRF24L01_Init
</UL>

<P><STRONG><a name="[9d]"></a>TM_SPI_Send</STRONG> (Thumb, 48 bytes, Stack size 8 bytes, tm_stm32f4_spi.o(.text))
<BR><BR>[Stack]<UL><LI>Max Depth = 8<LI>Call Chain = TM_SPI_Send
</UL>
<BR>[Calls]<UL><LI><a href="#[9e]">&gt;&gt;</a>&nbsp;&nbsp;&nbsp;SPI_I2S_GetFlagStatus
</UL>
<BR>[Called By]<UL><LI><a href="#[b5]">&gt;&gt;</a>&nbsp;&nbsp;&nbsp;TM_NRF24L01_GetStatus
<LI><a href="#[b3]">&gt;&gt;</a>&nbsp;&nbsp;&nbsp;TM_NRF24L01_GetData
<LI><a href="#[b2]">&gt;&gt;</a>&nbsp;&nbsp;&nbsp;TM_NRF24L01_Transmit
<LI><a href="#[af]">&gt;&gt;</a>&nbsp;&nbsp;&nbsp;TM_NRF24L01_ReadRegisterMulti
<LI><a href="#[ab]">&gt;&gt;</a>&nbsp;&nbsp;&nbsp;TM_NRF24L01_Init
<LI><a href="#[a9]">&gt;&gt;</a>&nbsp;&nbsp;&nbsp;TM_NRF24L01_WriteRegisterMulti
<LI><a href="#[a6]">&gt;&gt;</a>&nbsp;&nbsp;&nbsp;TM_NRF24L01_PowerUpRx
<LI><a href="#[a4]">&gt;&gt;</a>&nbsp;&nbsp;&nbsp;TM_NRF24L01_ReadRegister
<LI><a href="#[a3]">&gt;&gt;</a>&nbsp;&nbsp;&nbsp;TM_NRF24L01_WriteRegister
<LI><a href="#[a1]">&gt;&gt;</a>&nbsp;&nbsp;&nbsp;TM_SPI_ReadMulti
<LI><a href="#[a0]">&gt;&gt;</a>&nbsp;&nbsp;&nbsp;TM_SPI_WriteMulti
<LI><a href="#[9f]">&gt;&gt;</a>&nbsp;&nbsp;&nbsp;TM_SPI_SendMulti
</UL>

<P><STRONG><a name="[9f]"></a>TM_SPI_SendMulti</STRONG> (Thumb, 38 bytes, Stack size 24 bytes, tm_stm32f4_spi.o(.text))
<BR><BR>[Stack]<UL><LI>Max Depth = 32<LI>Call Chain = TM_SPI_SendMulti &rArr; TM_SPI_Send
</UL>
<BR>[Calls]<UL><LI><a href="#[9d]">&gt;&gt;</a>&nbsp;&nbsp;&nbsp;TM_SPI_Send
</UL>
<BR>[Called By]<UL><LI><a href="#[b3]">&gt;&gt;</a>&nbsp;&nbsp;&nbsp;TM_NRF24L01_GetData
</UL>

<P><STRONG><a name="[a0]"></a>TM_SPI_WriteMulti</STRONG> (Thumb, 32 bytes, Stack size 24 bytes, tm_stm32f4_spi.o(.text))
<BR><BR>[Stack]<UL><LI>Max Depth = 32<LI>Call Chain = TM_SPI_WriteMulti &rArr; TM_SPI_Send
</UL>
<BR>[Calls]<UL><LI><a href="#[9d]">&gt;&gt;</a>&nbsp;&nbsp;&nbsp;TM_SPI_Send
</UL>
<BR>[Called By]<UL><LI><a href="#[b2]">&gt;&gt;</a>&nbsp;&nbsp;&nbsp;TM_NRF24L01_Transmit
<LI><a href="#[a9]">&gt;&gt;</a>&nbsp;&nbsp;&nbsp;TM_NRF24L01_WriteRegisterMulti
</UL>

<P><STRONG><a name="[a1]"></a>TM_SPI_ReadMulti</STRONG> (Thumb, 36 bytes, Stack size 24 bytes, tm_stm32f4_spi.o(.text), UNUSED)
<BR><BR>[Calls]<UL><LI><a href="#[9d]">&gt;&gt;</a>&nbsp;&nbsp;&nbsp;TM_SPI_Send
</UL>
<BR>[Called By]<UL><LI><a href="#[af]">&gt;&gt;</a>&nbsp;&nbsp;&nbsp;TM_NRF24L01_ReadRegisterMulti
</UL>

<P><STRONG><a name="[a2]"></a>TM_NRF24L01_InitPins</STRONG> (Thumb, 70 bytes, Stack size 24 bytes, tm_stm32f4_nrf24l01.o(.text))
<BR><BR>[Stack]<UL><LI>Max Depth = 44<LI>Call Chain = TM_NRF24L01_InitPins &rArr; GPIO_Init
</UL>
<BR>[Calls]<UL><LI><a href="#[90]">&gt;&gt;</a>&nbsp;&nbsp;&nbsp;GPIO_Init
<LI><a href="#[8f]">&gt;&gt;</a>&nbsp;&nbsp;&nbsp;RCC_AHB1PeriphClockCmd
</UL>
<BR>[Called By]<UL><LI><a href="#[ab]">&gt;&gt;</a>&nbsp;&nbsp;&nbsp;TM_NRF24L01_Init
</UL>

<P><STRONG><a name="[a3]"></a>TM_NRF24L01_WriteRegister</STRONG> (Thumb, 44 bytes, Stack size 16 bytes, tm_stm32f4_nrf24l01.o(.text))
<BR><BR>[Stack]<UL><LI>Max Depth = 24<LI>Call Chain = TM_NRF24L01_WriteRegister &rArr; TM_SPI_Send
</UL>
<BR>[Calls]<UL><LI><a href="#[9d]">&gt;&gt;</a>&nbsp;&nbsp;&nbsp;TM_SPI_Send
</UL>
<BR>[Called By]<UL><LI><a href="#[b3]">&gt;&gt;</a>&nbsp;&nbsp;&nbsp;TM_NRF24L01_GetData
<LI><a href="#[b0]">&gt;&gt;</a>&nbsp;&nbsp;&nbsp;TM_NRF24L01_PowerUpTx
<LI><a href="#[ab]">&gt;&gt;</a>&nbsp;&nbsp;&nbsp;TM_NRF24L01_Init
<LI><a href="#[aa]">&gt;&gt;</a>&nbsp;&nbsp;&nbsp;TM_NRF24L01_SoftwareReset
<LI><a href="#[a8]">&gt;&gt;</a>&nbsp;&nbsp;&nbsp;TM_NRF24L01_SetChannel
<LI><a href="#[a7]">&gt;&gt;</a>&nbsp;&nbsp;&nbsp;TM_NRF24L01_SetRF
<LI><a href="#[a6]">&gt;&gt;</a>&nbsp;&nbsp;&nbsp;TM_NRF24L01_PowerUpRx
<LI><a href="#[a5]">&gt;&gt;</a>&nbsp;&nbsp;&nbsp;TM_NRF24L01_WriteBit
</UL>

<P><STRONG><a name="[a4]"></a>TM_NRF24L01_ReadRegister</STRONG> (Thumb, 38 bytes, Stack size 16 bytes, tm_stm32f4_nrf24l01.o(.text))
<BR><BR>[Stack]<UL><LI>Max Depth = 24<LI>Call Chain = TM_NRF24L01_ReadRegister &rArr; TM_SPI_Send
</UL>
<BR>[Calls]<UL><LI><a href="#[9d]">&gt;&gt;</a>&nbsp;&nbsp;&nbsp;TM_SPI_Send
</UL>
<BR>[Called By]<UL><LI><a href="#[b8]">&gt;&gt;</a>&nbsp;&nbsp;&nbsp;TM_NRF24L01_GetRetransmissionsCount
<LI><a href="#[b4]">&gt;&gt;</a>&nbsp;&nbsp;&nbsp;TM_NRF24L01_RxFifoEmpty
<LI><a href="#[ae]">&gt;&gt;</a>&nbsp;&nbsp;&nbsp;TM_NRF24L01_ReadBit
<LI><a href="#[a5]">&gt;&gt;</a>&nbsp;&nbsp;&nbsp;TM_NRF24L01_WriteBit
</UL>

<P><STRONG><a name="[a5]"></a>TM_NRF24L01_WriteBit</STRONG> (Thumb, 36 bytes, Stack size 16 bytes, tm_stm32f4_nrf24l01.o(.text))
<BR><BR>[Stack]<UL><LI>Max Depth = 40<LI>Call Chain = TM_NRF24L01_WriteBit &rArr; TM_NRF24L01_ReadRegister &rArr; TM_SPI_Send
</UL>
<BR>[Calls]<UL><LI><a href="#[a4]">&gt;&gt;</a>&nbsp;&nbsp;&nbsp;TM_NRF24L01_ReadRegister
<LI><a href="#[a3]">&gt;&gt;</a>&nbsp;&nbsp;&nbsp;TM_NRF24L01_WriteRegister
</UL>
<BR>[Called By]<UL><LI><a href="#[b1]">&gt;&gt;</a>&nbsp;&nbsp;&nbsp;TM_NRF24L01_PowerDown
<LI><a href="#[b0]">&gt;&gt;</a>&nbsp;&nbsp;&nbsp;TM_NRF24L01_PowerUpTx
<LI><a href="#[a6]">&gt;&gt;</a>&nbsp;&nbsp;&nbsp;TM_NRF24L01_PowerUpRx
</UL>

[...]
<LI><a href="#[8f]">&gt;&gt;</a>&nbsp;&nbsp;&nbsp;RCC_AHB1PeriphClockCmd
</UL>
<BR>[Called By]<UL><LI><a href="#[cd]">&gt;&gt;</a>&nbsp;&nbsp;&nbsp;TM_USART_Init
</UL>

<P><STRONG><a name="[c8]"></a>TM_UART5_InitPins</STRONG> (Thumb, 104 bytes, Stack size 24 bytes, tm_stm32f4_usart.o(.text))
<BR><BR>[Stack]<UL><LI>Max Depth = 44<LI>Call Chain = TM_UART5_InitPins &rArr; GPIO_Init
</UL>
<BR>[Calls]<UL><LI><a href="#[91]">&gt;&gt;</a>&nbsp;&nbsp;&nbsp;GPIO_PinAFConfig
<LI><a href="#[90]">&gt;&gt;</a>&nbsp;&nbsp;&nbsp;GPIO_Init
<LI><a href="#[99]">&gt;&gt;</a>&nbsp;&nbsp;&nbsp;RCC_APB1PeriphClockCmd
<LI><a href="#[8f]">&gt;&gt;</a>&nbsp;&nbsp;&nbsp;RCC_AHB1PeriphClockCmd
</UL>
<BR>[Called By]<UL><LI><a href="#[cd]">&gt;&gt;</a>&nbsp;&nbsp;&nbsp;TM_USART_Init
</UL>

<P><STRONG><a name="[c9]"></a>TM_UART4_InitPins</STRONG> (Thumb, 120 bytes, Stack size 24 bytes, tm_stm32f4_usart.o(.text))
<BR><BR>[Stack]<UL><LI>Max Depth = 44<LI>Call Chain = TM_UART4_InitPins &rArr; GPIO_Init
</UL>
<BR>[Calls]<UL><LI><a href="#[91]">&gt;&gt;</a>&nbsp;&nbsp;&nbsp;GPIO_PinAFConfig
<LI><a href="#[90]">&gt;&gt;</a>&nbsp;&nbsp;&nbsp;GPIO_Init
<LI><a href="#[99]">&gt;&gt;</a>&nbsp;&nbsp;&nbsp;RCC_APB1PeriphClockCmd
<LI><a href="#[8f]">&gt;&gt;</a>&nbsp;&nbsp;&nbsp;RCC_AHB1PeriphClockCmd
</UL>
<BR>[Called By]<UL><LI><a href="#[cd]">&gt;&gt;</a>&nbsp;&nbsp;&nbsp;TM_USART_Init
</UL>

<P><STRONG><a name="[ca]"></a>TM_USART3_InitPins</STRONG> (Thumb, 142 bytes, Stack size 24 bytes, tm_stm32f4_usart.o(.text))
<BR><BR>[Stack]<UL><LI>Max Depth = 44<LI>Call Chain = TM_USART3_InitPins &rArr; GPIO_Init
</UL>
<BR>[Calls]<UL><LI><a href="#[91]">&gt;&gt;</a>&nbsp;&nbsp;&nbsp;GPIO_PinAFConfig
<LI><a href="#[90]">&gt;&gt;</a>&nbsp;&nbsp;&nbsp;GPIO_Init
<LI><a href="#[99]">&gt;&gt;</a>&nbsp;&nbsp;&nbsp;RCC_APB1PeriphClockCmd
<LI><a href="#[8f]">&gt;&gt;</a>&nbsp;&nbsp;&nbsp;RCC_AHB1PeriphClockCmd
</UL>
<BR>[Called By]<UL><LI><a href="#[cd]">&gt;&gt;</a>&nbsp;&nbsp;&nbsp;TM_USART_Init
</UL>

<P><STRONG><a name="[cb]"></a>TM_USART2_InitPins</STRONG> (Thumb, 120 bytes, Stack size 16 bytes, tm_stm32f4_usart.o(.text))
<BR><BR>[Stack]<UL><LI>Max Depth = 36<LI>Call Chain = TM_USART2_InitPins &rArr; GPIO_Init
</UL>
<BR>[Calls]<UL><LI><a href="#[91]">&gt;&gt;</a>&nbsp;&nbsp;&nbsp;GPIO_PinAFConfig
<LI><a href="#[90]">&gt;&gt;</a>&nbsp;&nbsp;&nbsp;GPIO_Init
<LI><a href="#[99]">&gt;&gt;</a>&nbsp;&nbsp;&nbsp;RCC_APB1PeriphClockCmd
<LI><a href="#[8f]">&gt;&gt;</a>&nbsp;&nbsp;&nbsp;RCC_AHB1PeriphClockCmd
</UL>
<BR>[Called By]<UL><LI><a href="#[cd]">&gt;&gt;</a>&nbsp;&nbsp;&nbsp;TM_USART_Init
</UL>

<P><STRONG><a name="[cc]"></a>TM_USART1_InitPins</STRONG> (Thumb, 184 bytes, Stack size 16 bytes, tm_stm32f4_usart.o(.text))
<BR><BR>[Stack]<UL><LI>Max Depth = 36<LI>Call Chain = TM_USART1_InitPins &rArr; GPIO_Init
</UL>
<BR>[Calls]<UL><LI><a href="#[91]">&gt;&gt;</a>&nbsp;&nbsp;&nbsp;GPIO_PinAFConfig
<LI><a href="#[90]">&gt;&gt;</a>&nbsp;&nbsp;&nbsp;GPIO_Init
<LI><a href="#[92]">&gt;&gt;</a>&nbsp;&nbsp;&nbsp;RCC_APB2PeriphClockCmd
<LI><a href="#[8f]">&gt;&gt;</a>&nbsp;&nbsp;&nbsp;RCC_AHB1PeriphClockCmd
</UL>
<BR>[Called By]<UL><LI><a href="#[cd]">&gt;&gt;</a>&nbsp;&nbsp;&nbsp;TM_USART_Init
</UL>

<P><STRONG><a name="[cd]"></a>TM_USART_Init</STRONG> (Thumb, 376 bytes, Stack size 40 bytes, tm_stm32f4_usart.o(.text))
<BR><BR>[Stack]<UL><LI>Max Depth = 88<LI>Call Chain = TM_USART_Init &rArr; USART_Init &rArr; RCC_GetClocksFreq
</UL>
<BR>[Calls]<UL><LI><a href="#[cf]">&gt;&gt;</a>&nbsp;&nbsp;&nbsp;USART_ITConfig
<LI><a href="#[ce]">&gt;&gt;</a>&nbsp;&nbsp;&nbsp;USART_Cmd
<LI><a href="#[89]">&gt;&gt;</a>&nbsp;&nbsp;&nbsp;USART_Init
<LI><a href="#[d1]">&gt;&gt;</a>&nbsp;&nbsp;&nbsp;NVIC_Init
<LI><a href="#[cc]">&gt;&gt;</a>&nbsp;&nbsp;&nbsp;TM_USART1_InitPins
<LI><a href="#[cb]">&gt;&gt;</a>&nbsp;&nbsp;&nbsp;TM_USART2_InitPins
<LI><a href="#[ca]">&gt;&gt;</a>&nbsp;&nbsp;&nbsp;TM_USART3_InitPins
<LI><a href="#[c9]">&gt;&gt;</a>&nbsp;&nbsp;&nbsp;TM_UART4_InitPins
<LI><a href="#[c8]">&gt;&gt;</a>&nbsp;&nbsp;&nbsp;TM_UART5_InitPins
<LI><a href="#[c7]">&gt;&gt;</a>&nbsp;&nbsp;&nbsp;TM_USART6_InitPins
<LI><a href="#[c6]">&gt;&gt;</a>&nbsp;&nbsp;&nbsp;TM_UART7_InitPins
<LI><a href="#[c5]">&gt;&gt;</a>&nbsp;&nbsp;&nbsp;TM_UART8_InitPins
<LI><a href="#[d0]">&gt;&gt;</a>&nbsp;&nbsp;&nbsp;TM_USART_GetUsartNumber
</UL>
<BR>[Called By]<UL><LI><a href="#[7b]">&gt;&gt;</a>&nbsp;&nbsp;&nbsp;main
</UL>

<P><STRONG><a name="[d2]"></a>TM_USART_Putc</STRONG> (Thumb, 30 bytes, Stack size 16 bytes, tm_stm32f4_usart.o(.text))
<BR><BR>[Stack]<UL><LI>Max Depth = 16<LI>Call Chain = TM_USART_Putc
</UL>
<BR>[Calls]<UL><LI><a href="#[d3]">&gt;&gt;</a>&nbsp;&nbsp;&nbsp;USART_GetFlagStatus
<LI><a href="#[d4]">&gt;&gt;</a>&nbsp;&nbsp;&nbsp;USART_SendData
</UL>
<BR>[Called By]<UL><LI><a href="#[d5]">&gt;&gt;</a>&nbsp;&nbsp;&nbsp;TM_USART_Puts
</UL>

<P><STRONG><a name="[d5]"></a>TM_USART_Puts</STRONG> (Thumb, 24 bytes, Stack size 16 bytes, tm_stm32f4_usart.o(.text))
<BR><BR>[Stack]<UL><LI>Max Depth = 32<LI>Call Chain = TM_USART_Puts &rArr; TM_USART_Putc
</UL>
<BR>[Calls]<UL><LI><a href="#[d2]">&gt;&gt;</a>&nbsp;&nbsp;&nbsp;TM_USART_Putc
</UL>
<BR>[Called By]<UL><LI><a href="#[7b]">&gt;&gt;</a>&nbsp;&nbsp;&nbsp;main
</UL>

<P><STRONG><a name="[d7]"></a>TM_USART_InsertToBuffer</STRONG> (Thumb, 56 bytes, Stack size 16 bytes, tm_stm32f4_usart.o(.text))
<BR><BR>[Stack]<UL><LI>Max Depth = 16<LI>Call Chain = TM_USART_InsertToBuffer
</UL>
<BR>[Called By]<UL><LI><a href="#[5f]">&gt;&gt;</a>&nbsp;&nbsp;&nbsp;UART8_IRQHandler
<LI><a href="#[5e]">&gt;&gt;</a>&nbsp;&nbsp;&nbsp;UART7_IRQHandler
<LI><a href="#[53]">&gt;&gt;</a>&nbsp;&nbsp;&nbsp;USART6_IRQHandler
<LI><a href="#[41]">&gt;&gt;</a>&nbsp;&nbsp;&nbsp;UART5_IRQHandler
<LI><a href="#[40]">&gt;&gt;</a>&nbsp;&nbsp;&nbsp;UART4_IRQHandler
<LI><a href="#[33]">&gt;&gt;</a>&nbsp;&nbsp;&nbsp;USART3_IRQHandler
<LI><a href="#[32]">&gt;&gt;</a>&nbsp;&nbsp;&nbsp;USART2_IRQHandler
<LI><a href="#[31]">&gt;&gt;</a>&nbsp;&nbsp;&nbsp;USART1_IRQHandler
</UL>

<P><STRONG><a name="[31]"></a>USART1_IRQHandler</STRONG> (Thumb, 32 bytes, Stack size 8 bytes, tm_stm32f4_usart.o(.text))
<BR><BR>[Stack]<UL><LI>Max Depth = 24<LI>Call Chain = USART1_IRQHandler &rArr; USART_GetITStatus
</UL>
<BR>[Calls]<UL><LI><a href="#[d6]">&gt;&gt;</a>&nbsp;&nbsp;&nbsp;USART_GetITStatus
<LI><a href="#[d7]">&gt;&gt;</a>&nbsp;&nbsp;&nbsp;TM_USART_InsertToBuffer
</UL>
<BR>[Address Reference Count : 1]<UL><LI> startup_stm32f429_439xx.o(RESET)
</UL>
<P><STRONG><a name="[32]"></a>USART2_IRQHandler</STRONG> (Thumb, 34 bytes, Stack size 8 bytes, tm_stm32f4_usart.o(.text))
<BR><BR>[Stack]<UL><LI>Max Depth = 24<LI>Call Chain = USART2_IRQHandler &rArr; USART_GetITStatus
</UL>
<BR>[Calls]<UL><LI><a href="#[d6]">&gt;&gt;</a>&nbsp;&nbsp;&nbsp;USART_GetITStatus
<LI><a href="#[d7]">&gt;&gt;</a>&nbsp;&nbsp;&nbsp;TM_USART_InsertToBuffer
</UL>
<BR>[Address Reference Count : 1]<UL><LI> startup_stm32f429_439xx.o(RESET)
</UL>
<P><STRONG><a name="[33]"></a>USART3_IRQHandler</STRONG> (Thumb, 34 bytes, Stack size 8 bytes, tm_stm32f4_usart.o(.text))
<BR><BR>[Stack]<UL><LI>Max Depth = 24<LI>Call Chain = USART3_IRQHandler &rArr; USART_GetITStatus
</UL>
<BR>[Calls]<UL><LI><a href="#[d6]">&gt;&gt;</a>&nbsp;&nbsp;&nbsp;USART_GetITStatus
<LI><a href="#[d7]">&gt;&gt;</a>&nbsp;&nbsp;&nbsp;TM_USART_InsertToBuffer
</UL>
<BR>[Address Reference Count : 1]<UL><LI> startup_stm32f429_439xx.o(RESET)
</UL>
<P><STRONG><a name="[40]"></a>UART4_IRQHandler</STRONG> (Thumb, 34 bytes, Stack size 8 bytes, tm_stm32f4_usart.o(.text))
<BR><BR>[Stack]<UL><LI>Max Depth = 24<LI>Call Chain = UART4_IRQHandler &rArr; USART_GetITStatus
</UL>
<BR>[Calls]<UL><LI><a href="#[d6]">&gt;&gt;</a>&nbsp;&nbsp;&nbsp;USART_GetITStatus
<LI><a href="#[d7]">&gt;&gt;</a>&nbsp;&nbsp;&nbsp;TM_USART_InsertToBuffer
</UL>
<BR>[Address Reference Count : 1]<UL><LI> startup_stm32f429_439xx.o(RESET)
</UL>
<P><STRONG><a name="[41]"></a>UART5_IRQHandler</STRONG> (Thumb, 32 bytes, Stack size 8 bytes, tm_stm32f4_usart.o(.text))
<BR><BR>[Stack]<UL><LI>Max Depth = 24<LI>Call Chain = UART5_IRQHandler &rArr; USART_GetITStatus
</UL>
<BR>[Calls]<UL><LI><a href="#[d6]">&gt;&gt;</a>&nbsp;&nbsp;&nbsp;USART_GetITStatus
<LI><a href="#[d7]">&gt;&gt;</a>&nbsp;&nbsp;&nbsp;TM_USART_InsertToBuffer
</UL>
<BR>[Address Reference Count : 1]<UL><LI> startup_stm32f429_439xx.o(RESET)
</UL>
<P><STRONG><a name="[53]"></a>USART6_IRQHandler</STRONG> (Thumb, 34 bytes, Stack size 8 bytes, tm_stm32f4_usart.o(.text))
<BR><BR>[Stack]<UL><LI>Max Depth = 24<LI>Call Chain = USART6_IRQHandler &rArr; USART_GetITStatus
</UL>
<BR>[Calls]<UL><LI><a href="#[d6]">&gt;&gt;</a>&nbsp;&nbsp;&nbsp;USART_GetITStatus
<LI><a href="#[d7]">&gt;&gt;</a>&nbsp;&nbsp;&nbsp;TM_USART_InsertToBuffer
</UL>
<BR>[Address Reference Count : 1]<UL><LI> startup_stm32f429_439xx.o(RESET)
</UL>
<P><STRONG><a name="[5e]"></a>UART7_IRQHandler</STRONG> (Thumb, 34 bytes, Stack size 8 bytes, tm_stm32f4_usart.o(.text))
<BR><BR>[Stack]<UL><LI>Max Depth = 24<LI>Call Chain = UART7_IRQHandler &rArr; USART_GetITStatus
</UL>
<BR>[Calls]<UL><LI><a href="#[d6]">&gt;&gt;</a>&nbsp;&nbsp;&nbsp;USART_GetITStatus
<LI><a href="#[d7]">&gt;&gt;</a>&nbsp;&nbsp;&nbsp;TM_USART_InsertToBuffer
</UL>
<BR>[Address Reference Count : 1]<UL><LI> startup_stm32f429_439xx.o(RESET)
</UL>
<P><STRONG><a name="[5f]"></a>UART8_IRQHandler</STRONG> (Thumb, 34 bytes, Stack size 8 bytes, tm_stm32f4_usart.o(.text))
<BR><BR>[Stack]<UL><LI>Max Depth = 24<LI>Call Chain = UART8_IRQHandler &rArr; USART_GetITStatus
</UL>
<BR>[Calls]<UL><LI><a href="#[d6]">&gt;&gt;</a>&nbsp;&nbsp;&nbsp;USART_GetITStatus
<LI><a href="#[d7]">&gt;&gt;</a>&nbsp;&nbsp;&nbsp;TM_USART_InsertToBuffer
</UL>
<BR>[Address Reference Count : 1]<UL><LI> startup_stm32f429_439xx.o(RESET)
</UL>
<P><STRONG><a name="[d8]"></a>TM_USART_Getc</STRONG> (Thumb, 66 bytes, Stack size 20 bytes, tm_stm32f4_usart.o(.text), UNUSED)
<BR><BR>[Calls]<UL><LI><a href="#[d0]">&gt;&gt;</a>&nbsp;&nbsp;&nbsp;TM_USART_GetUsartNumber
</UL>

<P><STRONG><a name="[d9]"></a>TM_USART_BufferEmpty</STRONG> (Thumb, 22 bytes, Stack size 4 bytes, tm_stm32f4_usart.o(.text), UNUSED)
<BR><BR>[Calls]<UL><LI><a href="#[d0]">&gt;&gt;</a>&nbsp;&nbsp;&nbsp;TM_USART_GetUsartNumber
</UL>

<P><STRONG><a name="[7b]"></a>main</STRONG> (Thumb, 204 bytes, Stack size 40 bytes, main.o(.text))
<BR><BR>[Stack]<UL><LI>Max Depth = 160 + Unknown Stack Size
<LI>Call Chain = main &rArr; __2sprintf &rArr; _printf_char_common &rArr; __printf
</UL>
<BR>[Calls]<UL><LI><a href="#[bd]">&gt;&gt;</a>&nbsp;&nbsp;&nbsp;TM_DISCO_LedOff
<LI><a href="#[bb]">&gt;&gt;</a>&nbsp;&nbsp;&nbsp;TM_DISCO_LedOn
<LI><a href="#[b9]">&gt;&gt;</a>&nbsp;&nbsp;&nbsp;TM_DISCO_LedInit
<LI><a href="#[b7]">&gt;&gt;</a>&nbsp;&nbsp;&nbsp;TM_NRF24L01_GetTransmissionStatus
<LI><a href="#[b6]">&gt;&gt;</a>&nbsp;&nbsp;&nbsp;TM_NRF24L01_DataReady
<LI><a href="#[b3]">&gt;&gt;</a>&nbsp;&nbsp;&nbsp;TM_NRF24L01_GetData
<LI><a href="#[b2]">&gt;&gt;</a>&nbsp;&nbsp;&nbsp;TM_NRF24L01_Transmit
<LI><a href="#[ad]">&gt;&gt;</a>&nbsp;&nbsp;&nbsp;TM_NRF24L01_SetTxAddress
<LI><a href="#[ac]">&gt;&gt;</a>&nbsp;&nbsp;&nbsp;TM_NRF24L01_SetMyAddress
<LI><a href="#[ab]">&gt;&gt;</a>&nbsp;&nbsp;&nbsp;TM_NRF24L01_Init
<LI><a href="#[a7]">&gt;&gt;</a>&nbsp;&nbsp;&nbsp;TM_NRF24L01_SetRF
<LI><a href="#[a6]">&gt;&gt;</a>&nbsp;&nbsp;&nbsp;TM_NRF24L01_PowerUpRx
<LI><a href="#[da]">&gt;&gt;</a>&nbsp;&nbsp;&nbsp;TM_DELAY_SetTime
<LI><a href="#[db]">&gt;&gt;</a>&nbsp;&nbsp;&nbsp;TM_DELAY_Time
<LI><a href="#[8c]">&gt;&gt;</a>&nbsp;&nbsp;&nbsp;TM_DELAY_Init
<LI><a href="#[67]">&gt;&gt;</a>&nbsp;&nbsp;&nbsp;SystemInit
<LI><a href="#[dc]">&gt;&gt;</a>&nbsp;&nbsp;&nbsp;__2sprintf
<LI><a href="#[d5]">&gt;&gt;</a>&nbsp;&nbsp;&nbsp;TM_USART_Puts
<LI><a href="#[cd]">&gt;&gt;</a>&nbsp;&nbsp;&nbsp;TM_USART_Init
</UL>
<BR>[Called By]<UL><LI><a href="#[7a]">&gt;&gt;</a>&nbsp;&nbsp;&nbsp;__rt_entry_main
</UL>

<P><STRONG><a name="[3]"></a>NMI_Handler</STRONG> (Thumb, 2 bytes, Stack size 0 bytes, stm32f4xx_it.o(.text))
<BR>[Address Reference Count : 1]<UL><LI> startup_stm32f429_439xx.o(RESET)
</UL>
<P><STRONG><a name="[4]"></a>HardFault_Handler</STRONG> (Thumb, 2 bytes, Stack size 0 bytes, stm32f4xx_it.o(.text))
<BR><BR>[Calls]<UL><LI><a href="#[4]">&gt;&gt;</a>&nbsp;&nbsp;&nbsp;HardFault_Handler
</UL>
<BR>[Called By]<UL><LI><a href="#[4]">&gt;&gt;</a>&nbsp;&nbsp;&nbsp;HardFault_Handler
</UL>
<BR>[Address Reference Count : 1]<UL><LI> startup_stm32f429_439xx.o(RESET)
</UL>
<P><STRONG><a name="[5]"></a>MemManage_Handler</STRONG> (Thumb, 2 bytes, Stack size 0 bytes, stm32f4xx_it.o(.text))
<BR><BR>[Calls]<UL><LI><a href="#[5]">&gt;&gt;</a>&nbsp;&nbsp;&nbsp;MemManage_Handler
</UL>
<BR>[Called By]<UL><LI><a href="#[5]">&gt;&gt;</a>&nbsp;&nbsp;&nbsp;MemManage_Handler
</UL>
<BR>[Address Reference Count : 1]<UL><LI> startup_stm32f429_439xx.o(RESET)
</UL>
<P><STRONG><a name="[6]"></a>BusFault_Handler</STRONG> (Thumb, 2 bytes, Stack size 0 bytes, stm32f4xx_it.o(.text))
<BR><BR>[Calls]<UL><LI><a href="#[6]">&gt;&gt;</a>&nbsp;&nbsp;&nbsp;BusFault_Handler
</UL>
<BR>[Called By]<UL><LI><a href="#[6]">&gt;&gt;</a>&nbsp;&nbsp;&nbsp;BusFault_Handler
</UL>
<BR>[Address Reference Count : 1]<UL><LI> startup_stm32f429_439xx.o(RESET)
</UL>
<P><STRONG><a name="[7]"></a>UsageFault_Handler</STRONG> (Thumb, 2 bytes, Stack size 0 bytes, stm32f4xx_it.o(.text))
<BR><BR>[Calls]<UL><LI><a href="#[7]">&gt;&gt;</a>&nbsp;&nbsp;&nbsp;UsageFault_Handler
</UL>
<BR>[Called By]<UL><LI><a href="#[7]">&gt;&gt;</a>&nbsp;&nbsp;&nbsp;UsageFault_Handler
</UL>
<BR>[Address Reference Count : 1]<UL><LI> startup_stm32f429_439xx.o(RESET)
</UL>
<P><STRONG><a name="[8]"></a>SVC_Handler</STRONG> (Thumb, 2 bytes, Stack size 0 bytes, stm32f4xx_it.o(.text))
<BR>[Address Reference Count : 1]<UL><LI> startup_stm32f429_439xx.o(RESET)
</UL>
<P><STRONG><a name="[9]"></a>DebugMon_Handler</STRONG> (Thumb, 2 bytes, Stack size 0 bytes, stm32f4xx_it.o(.text))
<BR>[Address Reference Count : 1]<UL><LI> startup_stm32f429_439xx.o(RESET)
</UL>
<P><STRONG><a name="[a]"></a>PendSV_Handler</STRONG> (Thumb, 2 bytes, Stack size 0 bytes, stm32f4xx_it.o(.text))
<BR>[Address Reference Count : 1]<UL><LI> startup_stm32f429_439xx.o(RESET)
</UL>
<P><STRONG><a name="[b]"></a>SysTick_Handler</STRONG> (Thumb, 4 bytes, Stack size 0 bytes, stm32f4xx_it.o(.text))
<BR><BR>[Calls]<UL><LI><a href="#[dd]">&gt;&gt;</a>&nbsp;&nbsp;&nbsp;TimingDelay_Decrement
</UL>
<BR>[Address Reference Count : 1]<UL><LI> startup_stm32f429_439xx.o(RESET)
</UL>
<P><STRONG><a name="[dc]"></a>__2sprintf</STRONG> (Thumb, 34 bytes, Stack size 32 bytes, noretval__2sprintf.o(.text))
<BR><BR>[Stack]<UL><LI>Max Depth = 120 + Unknown Stack Size
<LI>Call Chain = __2sprintf &rArr; _printf_char_common &rArr; __printf
</UL>
<BR>[Calls]<UL><LI><a href="#[69]">&gt;&gt;</a>&nbsp;&nbsp;&nbsp;_sputc
<LI><a href="#[de]">&gt;&gt;</a>&nbsp;&nbsp;&nbsp;_printf_char_common
</UL>
<BR>[Called By]<UL><LI><a href="#[7b]">&gt;&gt;</a>&nbsp;&nbsp;&nbsp;main
</UL>

<P><STRONG><a name="[df]"></a>__printf</STRONG> (Thumb, 104 bytes, Stack size 24 bytes, __printf.o(.text))
<BR><BR>[Stack]<UL><LI>Max Depth = 24 + Unknown Stack Size
<LI>Call Chain = __printf
</UL>
<BR>[Calls]<UL><LI><a href="#[e0]">&gt;&gt;</a>&nbsp;&nbsp;&nbsp;_printf_percent
</UL>
<BR>[Called By]<UL><LI><a href="#[de]">&gt;&gt;</a>&nbsp;&nbsp;&nbsp;_printf_char_common
</UL>

<P><STRONG><a name="[73]"></a>_printf_int_dec</STRONG> (Thumb, 100 bytes, Stack size 24 bytes, _printf_dec.o(.text))
<BR><BR>[Stack]<UL><LI>Max Depth = 56<LI>Call Chain = _printf_int_dec &rArr; _printf_int_common
</UL>
<BR>[Calls]<UL><LI><a href="#[e1]">&gt;&gt;</a>&nbsp;&nbsp;&nbsp;_printf_int_common
</UL>
<BR>[Called By]<UL><LI><a href="#[72]">&gt;&gt;</a>&nbsp;&nbsp;&nbsp;_printf_d
</UL>

<P><STRONG><a name="[166]"></a>__use_two_region_memory</STRONG> (Thumb, 2 bytes, Stack size 0 bytes, heapauxi.o(.text), UNUSED)

<P><STRONG><a name="[167]"></a>__rt_heap_escrow$2region</STRONG> (Thumb, 2 bytes, Stack size 0 bytes, heapauxi.o(.text), UNUSED)

<P><STRONG><a name="[168]"></a>__rt_heap_expand$2region</STRONG> (Thumb, 2 bytes, Stack size 0 bytes, heapauxi.o(.text), UNUSED)

<P><STRONG><a name="[e1]"></a>_printf_int_common</STRONG> (Thumb, 178 bytes, Stack size 32 bytes, _printf_intcommon.o(.text))
<BR><BR>[Stack]<UL><LI>Max Depth = 32<LI>Call Chain = _printf_int_common
</UL>
<BR>[Called By]<UL><LI><a href="#[73]">&gt;&gt;</a>&nbsp;&nbsp;&nbsp;_printf_int_dec
</UL>

<P><STRONG><a name="[de]"></a>_printf_char_common</STRONG> (Thumb, 32 bytes, Stack size 64 bytes, _printf_char_common.o(.text))
<BR><BR>[Stack]<UL><LI>Max Depth = 88 + Unknown Stack Size
<LI>Call Chain = _printf_char_common &rArr; __printf
</UL>
<BR>[Calls]<UL><LI><a href="#[df]">&gt;&gt;</a>&nbsp;&nbsp;&nbsp;__printf
</UL>
<BR>[Called By]<UL><LI><a href="#[dc]">&gt;&gt;</a>&nbsp;&nbsp;&nbsp;__2sprintf
</UL>

<P><STRONG><a name="[69]"></a>_sputc</STRONG> (Thumb, 10 bytes, Stack size 0 bytes, _sputc.o(.text))
<BR><BR>[Called By]<UL><LI><a href="#[dc]">&gt;&gt;</a>&nbsp;&nbsp;&nbsp;__2sprintf
</UL>
<BR>[Address Reference Count : 1]<UL><LI> noretval__2sprintf.o(.text)
</UL>
<P><STRONG><a name="[77]"></a>__user_setup_stackheap</STRONG> (Thumb, 74 bytes, Stack size 8 bytes, sys_stackheap_outer.o(.text))
<BR><BR>[Stack]<UL><LI>Max Depth = 8 + Unknown Stack Size
<LI>Call Chain = __user_setup_stackheap
</UL>
<BR>[Calls]<UL><LI><a href="#[6d]">&gt;&gt;</a>&nbsp;&nbsp;&nbsp;__user_initial_stackheap
<LI><a href="#[e2]">&gt;&gt;</a>&nbsp;&nbsp;&nbsp;__user_perproc_libspace
</UL>
<BR>[Called By]<UL><LI><a href="#[76]">&gt;&gt;</a>&nbsp;&nbsp;&nbsp;__rt_entry_sh
</UL>

<P><STRONG><a name="[7c]"></a>exit</STRONG> (Thumb, 12 bytes, Stack size 0 bytes, exit.o(.text))
<BR><BR>[Calls]<UL><LI><a href="#[e3]">&gt;&gt;</a>&nbsp;&nbsp;&nbsp;__rt_exit
</UL>
<BR>[Called By]<UL><LI><a href="#[7a]">&gt;&gt;</a>&nbsp;&nbsp;&nbsp;__rt_entry_main
</UL>

<P><STRONG><a name="[169]"></a>__user_libspace</STRONG> (Thumb, 8 bytes, Stack size 0 bytes, libspace.o(.text), UNUSED)

<P><STRONG><a name="[e2]"></a>__user_perproc_libspace</STRONG> (Thumb, 0 bytes, Stack size 0 bytes, libspace.o(.text))
<BR><BR>[Called By]<UL><LI><a href="#[77]">&gt;&gt;</a>&nbsp;&nbsp;&nbsp;__user_setup_stackheap
</UL>

<P><STRONG><a name="[16a]"></a>__user_perthread_libspace</STRONG> (Thumb, 0 bytes, Stack size 0 bytes, libspace.o(.text), UNUSED)

<P><STRONG><a name="[80]"></a>_sys_exit</STRONG> (Thumb, 8 bytes, Stack size 0 bytes, sys_exit.o(.text))
<BR><BR>[Called By]<UL><LI><a href="#[7f]">&gt;&gt;</a>&nbsp;&nbsp;&nbsp;__rt_exit_exit
</UL>

<P><STRONG><a name="[16b]"></a>__I$use$semihosting</STRONG> (Thumb, 0 bytes, Stack size 0 bytes, use_no_semi.o(.text), UNUSED)

<P><STRONG><a name="[16c]"></a>__use_no_semihosting_swi</STRONG> (Thumb, 2 bytes, Stack size 0 bytes, use_no_semi.o(.text), UNUSED)

<P><STRONG><a name="[16d]"></a>__semihosting_library_function</STRONG> (Thumb, 0 bytes, Stack size 0 bytes, indicate_semi.o(.text), UNUSED)

<P><STRONG><a name="[75]"></a>_fp_init</STRONG> (Thumb, 10 bytes, Stack size 0 bytes, fpinit.o(x$fpl$fpinit))
<BR><BR>[Called By]<UL><LI><a href="#[74]">&gt;&gt;</a>&nbsp;&nbsp;&nbsp;__rt_lib_init_fp_1
</UL>

<P><STRONG><a name="[16e]"></a>__fplib_config_fpu_vfp</STRONG> (Thumb, 0 bytes, Stack size unknown bytes, fpinit.o(x$fpl$fpinit), UNUSED)

<P><STRONG><a name="[16f]"></a>__fplib_config_pureend_doubles</STRONG> (Thumb, 0 bytes, Stack size unknown bytes, fpinit.o(x$fpl$fpinit), UNUSED)
<P>
<H3>
Local Symbols
</H3>
<P><STRONG><a name="[81]"></a>SetSysClock</STRONG> (Thumb, 190 bytes, Stack size 16 bytes, system_stm32f4xx.o(.text))
<BR><BR>[Stack]<UL><LI>Max Depth = 16<LI>Call Chain = SetSysClock
</UL>
<BR>[Called By]<UL><LI><a href="#[67]">&gt;&gt;</a>&nbsp;&nbsp;&nbsp;SystemInit
</UL>

<P><STRONG><a name="[6a]"></a>_printf_input_char</STRONG> (Thumb, 10 bytes, Stack size 0 bytes, _printf_char_common.o(.text))
<BR>[Address Reference Count : 1]<UL><LI> _printf_char_common.o(.text)
</UL><P>
<H3>
Undefined Global Symbols
</H3><HR></body></html>
