<html>
<body>
<pre>
<h1>µVision Build Log</h1>
<h2>Project:</h2>
C:\Users\tilz0R\Google Drive\JAVNO\ELEKTRONIKA\ARM\STM32F429\majerle.eu\04-STM32F429_USART\MDK-ARM\project.uvproj
Project File Date:  05/11/2014

<h2>Output:</h2>
Build target 'STM32F429 ZI'
compiling main.c...
linking...
Program Size: Code=5572 RO-data=460 RW-data=48 ZI-data=1936  
FromELF: creating hex file...
".\project.axf" - 0 Error(s), 0 Warning(s).
</pre>
</body>
</html>
8 ZI-data=1936  
FromELF: creating hex file...
".\project.axf" - 0 Error(s), 1 Warning(s).
m_stm32f4_usart.c...
compiling main.c...
..\User\main.c(27): error:  #268: declaration may not appear after executable statement in block
        uint8_t c;
..\User\main.c(36): warning:  #111-D: statement is unreachable
        return 0;
..\User\main.c: 1 warning, 1 error
compiling stm32f4xx_it.c...
".\project.axf" - 1 Error(s), 1 Warning(s).
Target not created
