<html>
<body>
<pre>
<h1>µVision Build Log</h1>
<h2>Project:</h2>
C:\Users\Tilen\Google Drive\JAVNO\ELEKTRONIKA\ARM\STM32F429\majerle.eu\06-STM32F429_ADC\MDK-ARM\project.uvproj
Project File Date:  04/28/2014

<h2>Output:</h2>
Build target 'STM32F429 ZI'
compiling tm_stm32f4_adc.c...
compiling main.c...
linking...
Program Size: Code=7604 RO-data=460 RW-data=44 ZI-data=1940  
FromELF: creating hex file...
".\project.axf" - 0 Error(s), 0 Warning(s).
Load "C:\\Users\\Tilen\\Google Drive\\JAVNO\\ELEKTRONIKA\\ARM\\STM32F429\\majerle.eu\\06-STM32F429_ADC\\MDK-ARM\\project.axf" 
Erase Done.
Programming Done.
Verify OK.
Application running ...
intf(str, "%d\n\r", TM_ADC_Read(ADC1, ADC_Channel_0));
..\User\main.c: 3 warnings, 0 errors
linking...
Program Size: Code=7580 RO-data=460 RW-data=44 ZI-data=1940  
FromELF: creating hex file...
".\project.axf" - 0 Error(s), 3 Warning(s).
ADC\\MDK-ARM\\project.axf" 
Error: Flash Download failed  -  Target DLL has been cancelled
