<html>
<body>
<pre>
<h1>µVision Build Log</h1>
<h2>Project:</h2>
C:\Users\tilz0R\Google Drive\JAVNO\ELEKTRONIKA\ARM\STM32F429\majerle.eu\01-STM32F401_Keil_CMSIS_Default_Project\MDK-ARM\project.uvproj
Project File Date:  06/12/2014

<h2>Output:</h2>
Build target 'STM32F401RE'
compiling tm_stm32f4_spi.c...
compiling main.c...
linking...
Program Size: Code=4840 RO-data=460 RW-data=48 ZI-data=1936  
FromELF: creating hex file...
".\project.axf" - 0 Error(s), 0 Warning(s).
</pre>
</body>
</html>
get not created
t.c(76): error:  #20: identifier "UART4_IRQn" is undefined
                NVIC_InitStruct.NVIC_IRQChannel = UART4_IRQn;
..\..\00-STM32F429_LIBRARIES\tm_stm32f4_usart.c(88): error:  #20: identifier "UART5_IRQn" is undefined
                NVIC_InitStruct.NVIC_IRQChannel = UART5_IRQn;
..\..\00-STM32F429_LIBRARIES\tm_stm32f4_usart.c(112): error:  #20: identifier "UART7_IRQn" is undefined
                NVIC_InitStruct.NVIC_IRQChannel = UART7_IRQn;
..\..\00-STM32F429_LIBRARIES\tm_stm32f4_usart.c(124): error:  #20: identifier "UART8_IRQn" is undefined
                NVIC_InitStruct.NVIC_IRQChannel = UART8_IRQn;
..\..\00-STM32F429_LIBRARIES\tm_stm32f4_usart.c: 0 warnings, 5 errors
compiling main.c...
..\User\main.c(23): error:  #35: #error directive: "STM32F401xx"
  #error "STM32F401xx"
..\User\main.c: 0 warnings, 1 error
".\project.axf" - 6 Error(s), 0 Warning(s).
Target not created
