<html>
<body>
<pre>
<h1>µVision Build Log</h1>
<h2>Project:</h2>
C:\Users\Tilen\Google Drive\JAVNO\ELEKTRONIKA\ARM\STM32F429\majerle.eu\STM32F429 Discovery-KEIL\MDK-ARM\project.uvproj
Project File Date:  04/28/2014

<h2>Output:</h2>
Build target 'STM32F429 ZI'
compiling main.c...
linking...
Program Size: Code=5464 RO-data=460 RW-data=44 ZI-data=1940  
FromELF: creating hex file...
".\project.axf" - 0 Error(s), 0 Warning(s).
Load "C:\\Users\\Tilen\\Google Drive\\JAVNO\\ELEKTRONIKA\\ARM\\STM32F429\\majerle.eu\\STM32F429 Discovery-KEIL\\MDK-ARM\\project.axf" 
Erase Done.
Programming Done.
Verify OK.
Application running ...
</pre>
</body>
</html>
ing tm_stm32f4_spi.c...
compiling tm_stm32f4_usart.c...
compiling tm_stm32f4_dac.c...
compiling tm_stm32f4_pcd8544.c...
linking...
Program Size: Code=7604 RO-data=460 RW-data=44 ZI-data=1940  
FromELF: creating hex file...
".\project.axf" - 0 Error(s), 0 Warning(s).

FromELF: creating hex file...
".\project.axf" - 0 Error(s), 1 Warning(s).
Load "C:\\Users\\Tilen\\Google Drive\\JAVNO\\ELEKTRONIKA\\ARM\\STM32F429\\majerle.eu\\STM32F429 Discovery-KEIL\\MDK-ARM\\project.axf" 
Erase Done.
Programming Done.
Verify OK.
Application running ...
Load "C:\\Users\\Tilen\\Google Drive\\JAVNO\\ELEKTRONIKA\\ARM\\STM32F429\\majerle.eu\\STM32F429 Discovery-KEIL\\MDK-ARM\\project.axf" 
Erase Done.
Programming Done.
Verify OK.
Application running ...
9 Error(s), 0 Warning(s).
Target not created
tm32f4_pcd8544.c(117): error:  #67: expected a "}"
        { 0b00000, 0b00011, 0b00000 },   // '
..\User\tm_stm32f4_pcd8544.c(118): error:  #67: expected a "}"
        { 0b00000, 0b01110, 0b10001 },   // ( - 40
..\User\tm_stm32f4_pcd8544.c(119): error:  #67: expected a "}"
        { 0b10001, 0b01110, 0b00000 },   // )
..\User\tm_stm32f4_pcd8544.c(120): error:  #67: expected a "}"
        { 0b00101, 0b00010, 0b00101 },   // *
..\User\tm_stm32f4_pcd8544.c(121): error:  #67: expected a "}"
        { 0b00100, 0b01110, 0b00100 },   // +
..\User\tm_stm32f4_pcd8544.c(122): error:  #67: expected a "}"
        { 0b10000, 0b01000, 0b00000 },   // ,
..\User\tm_stm32f4_pcd8544.c(123): error:  #67: expected a "}"
        { 0b00100, 0b00100, 0b00100 },   // - - 45
..\User\tm_stm32f4_pcd8544.c(124): error:  #67: expected a "}"
        { 0b00000, 0b10000, 0b00000 },   // .
..\User\tm_stm32f4_pcd8544.c(125): error:  #67: expected a "}"
        { 0b01000, 0b00100, 0b00010 },   // /
..\User\tm_stm32f4_pcd8544.c(126): error:  #67: expected a "}"
        { 0b11111, 0b10001, 0b11111 },   // 0
..\User\tm_stm32f4_pcd8544.c(127): error:  #67: expected a "}"
        { 0b10010, 0b11111, 0b10000 },   // 1
..\User\tm_stm32f4_pcd8544.c(128): error:  #67: expected a "}"
        { 0b11101, 0b10101, 0b10111 },   // 2 - 50
..\User\tm_stm32f4_pcd8544.c(129): error:  #67: expected a "}"
        { 0b10001, 0b10101, 0b11111 },   // 3
..\User\tm_stm32f4_pcd8544.c(130): error:  #67: expected a "}"
        { 0b00111, 0b00100, 0b11111 },   // 4
..\User\tm_stm32f4_pcd8544.c(131): error:  #67: expected a "}"
        { 0b10111, 0b10101, 0b11101 },   // 5
..\User\tm_stm32f4_pcd8544.c(132): error:  #67: expected a "}"
        { 0b11111, 0b10101, 0b11101 },   // 6
..\User\tm_stm32f4_pcd8544.c(133): error:  #67: expected a "}"
        { 0b00001, 0b00001, 0b11111 },   // 7 - 55
..\User\tm_stm32f4_pcd8544.c(134): error:  #67: expected a "}"
        { 0b11111, 0b10101, 0b11111 },   // 8
..\User\tm_stm32f4_pcd8544.c(135): error:  #67: expected a "}"
        { 0b10111, 0b10101, 0b11111 },   // 9 - 57
..\User\tm_stm32f4_pcd8544.c(136): error:  #67: expected a "}"
        { 0b00000, 0b01010, 0b00000 },   // :
..\User\tm_stm32f4_pcd8544.c(137): error:  #67: expected a "}"
        { 0b10000, 0b01010, 0b00000 },   // ;
..\User\tm_stm32f4_pcd8544.c(138): error:  #67: expected a "}"
        { 0b00100, 0b01010, 0b10001 },   // < - 60
..\User\tm_stm32f4_pcd8544.c(139): error:  #67: expected a "}"
        { 0b01010, 0b01010, 0b01010 },   // =
..\User\tm_stm32f4_pcd8544.c: 0 warnings, 30 errors
".\project.axf" - 30 Error(s), 0 Warning(s).
Target not created
