
Allocating common symbols
Common symbol       size              file

TM_USART_Buffer     0x100             ..\obj\tm_stm32f4_usart.o

Discarded input sections

 .text          0x00000000        0x0 ..\obj\stm32f4xx_syscfg.o
 .data          0x00000000        0x0 ..\obj\stm32f4xx_syscfg.o
 .bss           0x00000000        0x0 ..\obj\stm32f4xx_syscfg.o
 .text.SYSCFG_DeInit
                0x00000000       0x20 ..\obj\stm32f4xx_syscfg.o
 .text.SYSCFG_MemoryRemapConfig
                0x00000000       0x20 ..\obj\stm32f4xx_syscfg.o
 .text.SYSCFG_MemorySwappingBank
                0x00000000       0x20 ..\obj\stm32f4xx_syscfg.o
 .text.SYSCFG_EXTILineConfig
                0x00000000       0xb0 ..\obj\stm32f4xx_syscfg.o
 .text.SYSCFG_ETH_MediaInterfaceConfig
                0x00000000       0x20 ..\obj\stm32f4xx_syscfg.o
 .text.SYSCFG_CompensationCellCmd
                0x00000000       0x20 ..\obj\stm32f4xx_syscfg.o
 .text.SYSCFG_GetCompensationCellStatus
                0x00000000       0x3c ..\obj\stm32f4xx_syscfg.o
 .debug_info    0x00000000      0x2a2 ..\obj\stm32f4xx_syscfg.o
 .debug_abbrev  0x00000000      0x133 ..\obj\stm32f4xx_syscfg.o
 .debug_loc     0x00000000      0x17c ..\obj\stm32f4xx_syscfg.o
 .debug_aranges
                0x00000000       0x50 ..\obj\stm32f4xx_syscfg.o
 .debug_ranges  0x00000000       0x40 ..\obj\stm32f4xx_syscfg.o
 .debug_line    0x00000000      0x293 ..\obj\stm32f4xx_syscfg.o
 .debug_str     0x00000000      0x2ee ..\obj\stm32f4xx_syscfg.o
 .comment       0x00000000       0x71 ..\obj\stm32f4xx_syscfg.o
 .ARM.attributes
                0x00000000       0x33 ..\obj\stm32f4xx_syscfg.o
 .debug_frame   0x00000000       0xd8 ..\obj\stm32f4xx_syscfg.o
 .text          0x00000000        0x0 ..\obj\stm32f4xx_sdio.o
 .data          0x00000000        0x0 ..\obj\stm32f4xx_sdio.o
 .bss           0x00000000        0x0 ..\obj\stm32f4xx_sdio.o
 .text.SDIO_DeInit
                0x00000000       0x20 ..\obj\stm32f4xx_sdio.o
 .text.SDIO_Init
                0x00000000       0x68 ..\obj\stm32f4xx_sdio.o
 .text.SDIO_StructInit
                0x00000000       0x44 ..\obj\stm32f4xx_sdio.o
 .text.SDIO_ClockCmd
                0x00000000       0x20 ..\obj\stm32f4xx_sdio.o
 .text.SDIO_SetPowerState
                0x00000000       0x20 ..\obj\stm32f4xx_sdio.o
 .text.SDIO_GetPowerState
                0x00000000       0x1c ..\obj\stm32f4xx_sdio.o
 .text.SDIO_SendCommand
                0x00000000       0x68 ..\obj\stm32f4xx_sdio.o
 .text.SDIO_CmdStructInit
                0x00000000       0x3c ..\obj\stm32f4xx_sdio.o
 .text.SDIO_GetCommandResponse
                0x00000000       0x18 ..\obj\stm32f4xx_sdio.o
 .text.SDIO_GetResponse
                0x00000000       0x2c ..\obj\stm32f4xx_sdio.o
 .text.SDIO_DataConfig
                0x00000000       0x70 ..\obj\stm32f4xx_sdio.o
 .text.SDIO_DataStructInit
                0x00000000       0x44 ..\obj\stm32f4xx_sdio.o
 .text.SDIO_GetDataCounter
                0x00000000       0x18 ..\obj\stm32f4xx_sdio.o
 .text.SDIO_ReadData
                0x00000000       0x18 ..\obj\stm32f4xx_sdio.o
 .text.SDIO_WriteData
                0x00000000       0x20 ..\obj\stm32f4xx_sdio.o
 .text.SDIO_GetFIFOCount
                0x00000000       0x18 ..\obj\stm32f4xx_sdio.o
 .text.SDIO_StartSDIOReadWait
                0x00000000       0x20 ..\obj\stm32f4xx_sdio.o
 .text.SDIO_StopSDIOReadWait
                0x00000000       0x20 ..\obj\stm32f4xx_sdio.o
 .text.SDIO_SetSDIOReadWaitMode
                0x00000000       0x20 ..\obj\stm32f4xx_sdio.o
 .text.SDIO_SetSDIOOperation
                0x00000000       0x20 ..\obj\stm32f4xx_sdio.o
 .text.SDIO_SendSDIOSuspendCmd
                0x00000000       0x20 ..\obj\stm32f4xx_sdio.o
 .text.SDIO_CommandCompletionCmd
                0x00000000       0x20 ..\obj\stm32f4xx_sdio.o
 .text.SDIO_CEATAITCmd
                0x00000000       0x30 ..\obj\stm32f4xx_sdio.o
 .text.SDIO_SendCEATACmd
                0x00000000       0x20 ..\obj\stm32f4xx_sdio.o
 .text.SDIO_DMACmd
                0x00000000       0x20 ..\obj\stm32f4xx_sdio.o
 .text.SDIO_ITConfig
                0x00000000       0x54 ..\obj\stm32f4xx_sdio.o
 .text.SDIO_GetFlagStatus
                0x00000000       0x3c ..\obj\stm32f4xx_sdio.o
 .text.SDIO_ClearFlag
                0x00000000       0x20 ..\obj\stm32f4xx_sdio.o
 .text.SDIO_GetITStatus
                0x00000000       0x3c ..\obj\stm32f4xx_sdio.o
 .text.SDIO_ClearITPendingBit
                0x00000000       0x20 ..\obj\stm32f4xx_sdio.o
 .debug_info    0x00000000      0x8bb ..\obj\stm32f4xx_sdio.o
 .debug_abbrev  0x00000000      0x179 ..\obj\stm32f4xx_sdio.o
 .debug_loc     0x00000000      0x648 ..\obj\stm32f4xx_sdio.o
 .debug_aranges
                0x00000000      0x108 ..\obj\stm32f4xx_sdio.o
 .debug_ranges  0x00000000       0xf8 ..\obj\stm32f4xx_sdio.o
 .debug_line    0x00000000      0x4df ..\obj\stm32f4xx_sdio.o
 .debug_str     0x00000000      0x620 ..\obj\stm32f4xx_sdio.o
[...]
Memory Configuration

Name             Origin             Length             Attributes
rom              0x08000000         0x00100000         xr
ram              0x20000000         0x00020000         xrw
ram1             0x10000000         0x00010000         xrw
*default*        0x00000000         0xffffffff

Linker script and memory map

                0x20020000                _eram = 0x20020000

.text           0x08000000     0x1b18
 *(.isr_vector)
 .isr_vector    0x08000000      0x1ac ..\obj\startup_stm32f4xx.o
                0x08000000                g_pfnVectors
 *(.text*)
 .text.USART_Init
                0x080001ac      0x1ac ..\obj\stm32f4xx_usart.o
                0x080001ac                USART_Init
 .text.USART_Cmd
                0x08000358       0x40 ..\obj\stm32f4xx_usart.o
                0x08000358                USART_Cmd
 .text.USART_SendData
                0x08000398       0x28 ..\obj\stm32f4xx_usart.o
                0x08000398                USART_SendData
 .text.USART_ITConfig
                0x080003c0       0xa4 ..\obj\stm32f4xx_usart.o
                0x080003c0                USART_ITConfig
 .text.USART_GetFlagStatus
                0x08000464       0x40 ..\obj\stm32f4xx_usart.o
                0x08000464                USART_GetFlagStatus
 .text.USART_GetITStatus
                0x080004a4       0xc4 ..\obj\stm32f4xx_usart.o
                0x080004a4                USART_GetITStatus
 .text.TM_DISCO_ButtonInit
                0x08000568       0x48 ..\obj\tm_stm32f4_disco.o
                0x08000568                TM_DISCO_ButtonInit
 .text.Default_Reset_Handler
                0x080005b0       0x6c ..\obj\startup_stm32f4xx.o
                0x080005b0                Default_Reset_Handler
                0x080005b0                Reset_Handler
 .text.Default_Handler
                0x0800061c        0x8 ..\obj\startup_stm32f4xx.o
                0x0800061c                RTC_Alarm_IRQHandler
                0x0800061c                HASH_RNG_IRQHandler
                0x0800061c                EXTI2_IRQHandler
                0x0800061c                TIM8_CC_IRQHandler
                0x0800061c                DebugMon_Handler
                0x0800061c                SPI4_IRQHandler
                0x0800061c                TIM1_CC_IRQHandler
                0x0800061c                DMA2_Stream5_IRQHandler
                0x0800061c                HardFault_Handler
                0x0800061c                DMA1_Stream5_IRQHandler
                0x0800061c                SysTick_Handler
                0x0800061c                PVD_IRQHandler
                0x0800061c                SDIO_IRQHandler
                0x0800061c                TAMP_STAMP_IRQHandler
                0x0800061c                PendSV_Handler
                0x0800061c                NMI_Handler
                0x0800061c                CAN2_RX1_IRQHandler
                0x0800061c                EXTI3_IRQHandler
                0x0800061c                TIM8_TRG_COM_TIM14_IRQHandler
                0x0800061c                TIM1_UP_TIM10_IRQHandler
                0x0800061c                TIM8_UP_TIM13_IRQHandler
                0x0800061c                I2C3_ER_IRQHandler
                0x0800061c                EXTI0_IRQHandler
                0x0800061c                I2C2_EV_IRQHandler
                0x0800061c                DMA1_Stream2_IRQHandler
                0x0800061c                CAN1_RX0_IRQHandler
                0x0800061c                FPU_IRQHandler
                0x0800061c                OTG_HS_WKUP_IRQHandler
                0x0800061c                UsageFault_Handler
                0x0800061c                LTDC_ER_IRQHandler
                0x0800061c                CAN2_SCE_IRQHandler
                0x0800061c                DMA2_Stream2_IRQHandler
                0x0800061c                SPI1_IRQHandler
                0x0800061c                TIM6_DAC_IRQHandler
                0x0800061c                TIM1_BRK_TIM9_IRQHandler
                0x0800061c                DCMI_IRQHandler
                0x0800061c                CAN2_RX0_IRQHandler
                0x0800061c                DMA2_Stream3_IRQHandler
                0x0800061c                CRYP_IRQHandler
                0x0800061c                CAN1_RX1_IRQHandler
                0x0800061c                DMA2_Stream0_IRQHandler
                0x0800061c                TIM4_IRQHandler
                0x0800061c                I2C1_EV_IRQHandler
                0x0800061c                DMA1_Stream6_IRQHandler
                0x0800061c                DMA1_Stream1_IRQHandler
                0x0800061c                TIM3_IRQHandler
                0x0800061c                RCC_IRQHandler
                0x0800061c                TIM8_BRK_TIM12_IRQHandler
                0x0800061c                EXTI15_10_IRQHandler
                0x0800061c                ADC_IRQHandler
                0x0800061c                DMA1_Stream7_IRQHandler
                0x0800061c                SPI5_IRQHandler
                0x0800061c                TIM7_IRQHandler
                0x0800061c                CAN2_TX_IRQHandler
                0x0800061c                TIM5_IRQHandler
                0x0800061c                DMA2_Stream7_IRQHandler
                0x0800061c                I2C3_EV_IRQHandler
                0x0800061c                EXTI9_5_IRQHandler
                0x0800061c                RTC_WKUP_IRQHandler
                0x0800061c                LTDC_IRQHandler
                0x0800061c                ETH_WKUP_IRQHandler
                0x0800061c                SPI2_IRQHandler
                0x0800061c                OTG_HS_EP1_IN_IRQHandler
                0x0800061c                MemManage_Handler
                0x0800061c                DMA1_Stream0_IRQHandler
                0x0800061c                CAN1_TX_IRQHandler
                0x0800061c                SVC_Handler
                0x0800061c                EXTI4_IRQHandler
                0x0800061c                ETH_IRQHandler
                0x0800061c                OTG_HS_EP1_OUT_IRQHandler
                0x0800061c                WWDG_IRQHandler
                0x0800061c                SPI6_IRQHandler
                0x0800061c                TIM2_IRQHandler
                0x0800061c                OTG_FS_WKUP_IRQHandler
                0x0800061c                TIM1_TRG_COM_TIM11_IRQHandler
                0x0800061c                OTG_HS_IRQHandler
                0x0800061c                DMA2D_IRQHandler
                0x0800061c                EXTI1_IRQHandler
                0x0800061c                I2C2_ER_IRQHandler
                0x0800061c                DMA2_Stream1_IRQHandler
                0x0800061c                CAN1_SCE_IRQHandler
                0x0800061c                FLASH_IRQHandler
                0x0800061c                DMA2_Stream4_IRQHandler
                0x0800061c                BusFault_Handler
                0x0800061c                OTG_FS_IRQHandler
                0x0800061c                SPI3_IRQHandler
                0x0800061c                DMA1_Stream4_IRQHandler
                0x0800061c                I2C1_ER_IRQHandler
                0x0800061c                FMC_IRQHandler
                0x0800061c                DMA2_Stream6_IRQHandler
                0x0800061c                SAI1_IRQHandler
                0x0800061c                DMA1_Stream3_IRQHandler
 .text.main     0x08000624       0x64 ..\obj\main.o
                0x08000624                main
 .text.RCC_GetClocksFreq
                0x08000688      0x1cc ..\obj\stm32f4xx_rcc.o
                0x08000688                RCC_GetClocksFreq
 .text.RCC_AHB1PeriphClockCmd
                0x08000854       0x54 ..\obj\stm32f4xx_rcc.o
                0x08000854                RCC_AHB1PeriphClockCmd
 .text.RCC_APB1PeriphClockCmd
                0x080008a8       0x54 ..\obj\stm32f4xx_rcc.o
                0x080008a8                RCC_APB1PeriphClockCmd
 .text.RCC_APB2PeriphClockCmd
                0x080008fc       0x54 ..\obj\stm32f4xx_rcc.o
                0x080008fc                RCC_APB2PeriphClockCmd
 .text.TM_USART_Init
                0x08000950      0x16c ..\obj\tm_stm32f4_usart.o
                0x08000950                TM_USART_Init
 .text.TM_USART1_InitPins
                0x08000abc       0xdc ..\obj\tm_stm32f4_usart.o
                0x08000abc                TM_USART1_InitPins
 .text.TM_USART2_InitPins
                0x08000b98       0xdc ..\obj\tm_stm32f4_usart.o
                0x08000b98                TM_USART2_InitPins
 .text.TM_USART3_InitPins
                0x08000c74      0x130 ..\obj\tm_stm32f4_usart.o
                0x08000c74                TM_USART3_InitPins
 .text.TM_UART4_InitPins
                0x08000da4       0xdc ..\obj\tm_stm32f4_usart.o
                0x08000da4                TM_UART4_InitPins
 .text.TM_UART5_InitPins
                0x08000e80       0xac ..\obj\tm_stm32f4_usart.o
                0x08000e80                TM_UART5_InitPins
 .text.TM_USART6_InitPins
                0x08000f2c       0xdc ..\obj\tm_stm32f4_usart.o
                0x08000f2c                TM_USART6_InitPins
 .text.TM_UART7_InitPins
                0x08001008       0xdc ..\obj\tm_stm32f4_usart.o
                0x08001008                TM_UART7_InitPins
 .text.TM_UART8_InitPins
                0x080010e4       0x88 ..\obj\tm_stm32f4_usart.o
                0x080010e4                TM_UART8_InitPins
 .text.TM_USART_Putc
                0x0800116c       0x34 ..\obj\tm_stm32f4_usart.o
                0x0800116c                TM_USART_Putc
 .text.TM_USART_Puts
                0x080011a0       0x30 ..\obj\tm_stm32f4_usart.o
                0x080011a0                TM_USART_Puts
 .text.USART1_IRQHandler
                0x080011d0       0x34 ..\obj\tm_stm32f4_usart.o
                0x080011d0                USART1_IRQHandler
 .text.USART2_IRQHandler
                0x08001204       0x34 ..\obj\tm_stm32f4_usart.o
                0x08001204                USART2_IRQHandler
 .text.USART3_IRQHandler
                0x08001238       0x34 ..\obj\tm_stm32f4_usart.o
                0x08001238                USART3_IRQHandler
 .text.UART4_IRQHandler
                0x0800126c       0x34 ..\obj\tm_stm32f4_usart.o
                0x0800126c                UART4_IRQHandler
 .text.UART5_IRQHandler
                0x080012a0       0x34 ..\obj\tm_stm32f4_usart.o
                0x080012a0                UART5_IRQHandler
 .text.USART6_IRQHandler
                0x080012d4       0x34 ..\obj\tm_stm32f4_usart.o
                0x080012d4                USART6_IRQHandler
 .text.UART7_IRQHandler
                0x08001308       0x34 ..\obj\tm_stm32f4_usart.o
                0x08001308                UART7_IRQHandler
 .text.UART8_IRQHandler
                0x0800133c       0x34 ..\obj\tm_stm32f4_usart.o
                0x0800133c                UART8_IRQHandler
 .text.TM_USART_InsertToBuffer
                0x08001370       0xb4 ..\obj\tm_stm32f4_usart.o
                0x08001370                TM_USART_InsertToBuffer
 .text.TM_USART_Getc
                0x08001424       0xe8 ..\obj\tm_stm32f4_usart.o
                0x08001424                TM_USART_Getc
 .text.TM_USART_GetUsartNumber
                0x0800150c       0xb8 ..\obj\tm_stm32f4_usart.o
                0x0800150c                TM_USART_GetUsartNumber
 .text.GPIO_Init
                0x080015c4      0x144 ..\obj\stm32f4xx_gpio.o
                0x080015c4                GPIO_Init
 .text.GPIO_PinAFConfig
                0x08001708       0xa8 ..\obj\stm32f4xx_gpio.o
                0x08001708                GPIO_PinAFConfig
 .text.SystemInit
                0x080017b0       0x94 ..\obj\system_stm32f4xx.o
                0x080017b0                SystemInit
 .text.SetSysClock
                0x08001844      0x1e0 ..\obj\system_stm32f4xx.o
 .text.NVIC_Init
                0x08001a24       0xe4 ..\obj\misc.o
                0x08001a24                NVIC_Init
 *(.init)
 *(.fini)
 *crtbegin.o(.ctors)
 *crtbegin?.o(.ctors)
 *(EXCLUDE_FILE(*crtend.o *crtend?.o) .ctors)
 *(SORT(.ctors.*))
 *(.ctors)
 *crtbegin.o(.dtors)
 *crtbegin?.o(.dtors)
 *(EXCLUDE_FILE(*crtend.o *crtend?.o) .dtors)
 *(SORT(.dtors.*))
 *(.dtors)
 *(.rodata*)
 .rodata        0x08001b08       0x10 ..\obj\main.o
 *(.eh_fram e*)

.glue_7         0x08001b18        0x0
 .glue_7        0x00000000        0x0 linker stubs

.glue_7t        0x08001b18        0x0
 .glue_7t       0x00000000        0x0 linker stubs

.vfp11_veneer   0x08001b18        0x0
 .vfp11_veneer  0x00000000        0x0 linker stubs

.v4_bx          0x08001b18        0x0
 .v4_bx         0x00000000        0x0 linker stubs

.iplt           0x08001b18        0x0
 .iplt          0x00000000        0x0 ..\obj\stm32f4xx_syscfg.o

.rel.dyn        0x08001b18        0x0
 .rel.iplt      0x00000000        0x0 ..\obj\stm32f4xx_syscfg.o

.ARM.extab
 *(.ARM.extab* .gnu.linkonce.armextab.*)
                0x08001b18                __exidx_start = .

.ARM.exidx
 *(.ARM.exidx* .gnu.linkonce.armexidx.*)
                0x08001b18                __exidx_end = .
                0x08001b18                __etext = .
                0x08001b18                _sidata = __etext

.data           0x20000000       0x10 load address 0x08001b18
                0x20000000                __data_start__ = .
                0x20000000                _sdata = __data_start__
 *(vtable)
 *(.data*)
 .data          0x20000000       0x10 ..\obj\stm32f4xx_rcc.o
                0x20000010                . = ALIGN (0x4)
                0x20000010                PROVIDE (__preinit_array_start, .)
 *(.preinit_array)
                0x20000010                PROVIDE (__preinit_array_end, .)
                0x20000010                . = ALIGN (0x4)
                0x20000010                PROVIDE (__init_array_start, .)
 *(SORT(.init_array.*))
 *(.init_array)
                0x20000010                PROVIDE (__init_array_end, .)
                0x20000010                . = ALIGN (0x4)
                0x20000010                PROVIDE (__fini_array_start, .)
 *(SORT(.fini_array.*))
 *(.fini_array)
                0x20000010                PROVIDE (__fini_array_end, .)
 *(.jcr*)
                0x20000010                . = ALIGN (0x4)
                0x20000010                __data_end__ = .
                0x20000010                _edata = __data_end__

.igot.plt       0x20000010        0x0 load address 0x08001b28
 .igot.plt      0x00000000        0x0 ..\obj\stm32f4xx_syscfg.o

.bss            0x20000010      0x130 load address 0x08001b28
                0x20000010                . = ALIGN (0x4)
                0x20000010                __bss_start__ = .
                0x20000010                _sbss = __bss_start__
 *(.bss*)
 .bss           0x20000010       0x30 ..\obj\tm_stm32f4_usart.o
                0x20000010                tm_usart_buf_in
                0x20000020                tm_usart_buf_out
                0x20000030                tm_usart_buf_num
 *(COMMON)
 COMMON         0x20000040      0x100 ..\obj\tm_stm32f4_usart.o
                0x20000040                TM_USART_Buffer
                0x20000140                . = ALIGN (0x4)
                0x20000140                __bss_end__ = .
                0x20000140                _ebss = __bss_end__

.heap           0x20000140        0x0
                0x20000140                __end__ = .
                0x20000140                _end = __end__
                0x20000140                end = __end__
 *(.heap*)
                0x20000140                __HeapLimit = .

.co_stack       0x20000140      0x800 load address 0x08001c58
                0x20000140                . = ALIGN (0x8)
 *(.co_stack .co_stack.*)
 .co_stack      0x20000140      0x800 ..\obj\startup_stm32f4xx.o
                0x20000140                pulStack
                0x20020000                __StackTop = (ORIGIN (ram) + 0x20000)
                0x2001f800                __StackLimit = (__StackTop - SIZEOF (.co_stack))
                0x20020000                PROVIDE (__stack, __StackTop)
                0x00000001                ASSERT ((__StackLimit >= __HeapLimit), region ram  overflowed with stack)
LOAD ..\obj\stm32f4xx_syscfg.o
LOAD ..\obj\stm32f4xx_sdio.o
LOAD ..\obj\stm32f4xx_dma2d.o
LOAD ..\obj\stm32f4xx_hash.o
LOAD ..\obj\stm32f4xx_cryp_aes.o
LOAD ..\obj\stm32f4xx_hash_sha1.o
LOAD ..\obj\stm32f4xx_usart.o
LOAD ..\obj\stm32f4xx_pwr.o
LOAD ..\obj\stm32f4xx_can.o
LOAD ..\obj\stm32f4xx_wwdg.o
LOAD ..\obj\stm32f4xx_hash_md5.o
LOAD ..\obj\stm32f4xx_dac.o
LOAD ..\obj\tm_stm32f4_disco.o
LOAD ..\obj\stm32f4xx_ltdc.o
LOAD ..\obj\startup_stm32f4xx.o
LOAD ..\obj\stm32f4xx_crc.o
LOAD ..\obj\stm32f4xx_iwdg.o
LOAD ..\obj\main.o
LOAD ..\obj\stm32f4xx_rcc.o
LOAD ..\obj\tm_stm32f4_usart.o
LOAD ..\obj\stm32f4xx_adc.o
LOAD ..\obj\stm32f4xx_dcmi.o
LOAD ..\obj\stm32f4xx_cryp_des.o
LOAD ..\obj\stm32f4xx_cryp.o
LOAD ..\obj\stm32f4xx_gpio.o
LOAD ..\obj\stm32f4xx_flash.o
LOAD ..\obj\stm32f4xx_sai.o
LOAD ..\obj\system_stm32f4xx.o
LOAD ..\obj\stm32f4xx_dma.o
LOAD ..\obj\stm32f4xx_fmc.o
LOAD ..\obj\stm32f4xx_spi.o
LOAD ..\obj\stm32f4xx_i2c.o
LOAD ..\obj\stm32f4xx_rng.o
LOAD ..\obj\stm32f4xx_exti.o
LOAD ..\obj\misc.o
LOAD ..\obj\stm32f4xx_rtc.o
LOAD ..\obj\stm32f4xx_cryp_tdes.o
LOAD ..\obj\stm32f4xx_tim.o
LOAD ..\obj\stm32f4xx_dbgmcu.o
START GROUP
LOAD c:/program files (x86)/gnu tools arm embedded/4.7 2013q3/bin/../lib/gcc/arm-none-eabi/4.7.4/armv7e-m\libgcc.a
LOAD c:/program files (x86)/gnu tools arm embedded/4.7 2013q3/bin/../lib/gcc/arm-none-eabi/4.7.4/../../../../arm-none-eabi/lib/armv7e-m\libg.a
LOAD c:/program files (x86)/gnu tools arm embedded/4.7 2013q3/bin/../lib/gcc/arm-none-eabi/4.7.4/../../../../arm-none-eabi/lib/armv7e-m\libc.a
END GROUP
OUTPUT(stm32f429_project.elf elf32-littlearm)

.debug_info     0x00000000     0x3d6c
 .debug_info    0x00000000      0xa65 ..\obj\stm32f4xx_usart.o
 .debug_info    0x00000a65      0x349 ..\obj\tm_stm32f4_disco.o
 .debug_info    0x00000dae      0x103 ..\obj\startup_stm32f4xx.o
 .debug_info    0x00000eb1      0x1e3 ..\obj\main.o
 .debug_info    0x00001094      0xf3b ..\obj\stm32f4xx_rcc.o
 .debug_info    0x00001fcf      0xba1 ..\obj\tm_stm32f4_usart.o
 .debug_info    0x00002b70      0x643 ..\obj\stm32f4xx_gpio.o
 .debug_info    0x000031b3      0x627 ..\obj\system_stm32f4xx.o
 .debug_info    0x000037da      0x592 ..\obj\misc.o

.debug_abbrev   0x00000000      0xbb6
 .debug_abbrev  0x00000000      0x157 ..\obj\stm32f4xx_usart.o
 .debug_abbrev  0x00000157      0x12a ..\obj\tm_stm32f4_disco.o
 .debug_abbrev  0x00000281       0xb2 ..\obj\startup_stm32f4xx.o
 .debug_abbrev  0x00000333       0xc8 ..\obj\main.o
 .debug_abbrev  0x000003fb      0x1bc ..\obj\stm32f4xx_rcc.o
 .debug_abbrev  0x000005b7      0x1f9 ..\obj\tm_stm32f4_usart.o
 .debug_abbrev  0x000007b0      0x1a5 ..\obj\stm32f4xx_gpio.o
 .debug_abbrev  0x00000955      0x138 ..\obj\system_stm32f4xx.o
 .debug_abbrev  0x00000a8d      0x129 ..\obj\misc.o

.debug_loc      0x00000000     0x1ca8
 .debug_loc     0x00000000      0x658 ..\obj\stm32f4xx_usart.o
 .debug_loc     0x00000658      0x10c ..\obj\tm_stm32f4_disco.o
 .debug_loc     0x00000764       0x64 ..\obj\startup_stm32f4xx.o
 .debug_loc     0x000007c8       0x38 ..\obj\main.o
 .debug_loc     0x00000800      0xb3c ..\obj\stm32f4xx_rcc.o
 .debug_loc     0x0000133c      0x4a8 ..\obj\tm_stm32f4_usart.o
 .debug_loc     0x000017e4      0x310 ..\obj\stm32f4xx_gpio.o
 .debug_loc     0x00001af4       0x9c ..\obj\system_stm32f4xx.o
 .debug_loc     0x00001b90      0x118 ..\obj\misc.o

.debug_aranges  0x00000000      0x508
 .debug_aranges
                0x00000000      0x100 ..\obj\stm32f4xx_usart.o
 .debug_aranges
                0x00000100       0x40 ..\obj\tm_stm32f4_disco.o
 .debug_aranges
                0x00000140       0x28 ..\obj\startup_stm32f4xx.o
 .debug_aranges
                0x00000168       0x20 ..\obj\main.o
 .debug_aranges
                0x00000188      0x1b8 ..\obj\stm32f4xx_rcc.o
 .debug_aranges
                0x00000340       0xd0 ..\obj\tm_stm32f4_usart.o
 .debug_aranges
                0x00000410       0x88 ..\obj\stm32f4xx_gpio.o
 .debug_aranges
                0x00000498       0x30 ..\obj\system_stm32f4xx.o
 .debug_aranges
                0x000004c8       0x40 ..\obj\misc.o

.debug_ranges   0x00000000      0x478
 .debug_ranges  0x00000000       0xf0 ..\obj\stm32f4xx_usart.o
 .debug_ranges  0x000000f0       0x30 ..\obj\tm_stm32f4_disco.o
 .debug_ranges  0x00000120       0x18 ..\obj\startup_stm32f4xx.o
 .debug_ranges  0x00000138       0x10 ..\obj\main.o
 .debug_ranges  0x00000148      0x1a8 ..\obj\stm32f4xx_rcc.o
 .debug_ranges  0x000002f0       0xc0 ..\obj\tm_stm32f4_usart.o
 .debug_ranges  0x000003b0       0x78 ..\obj\stm32f4xx_gpio.o
 .debug_ranges  0x00000428       0x20 ..\obj\system_stm32f4xx.o
 .debug_ranges  0x00000448       0x30 ..\obj\misc.o

.debug_line     0x00000000     0x2078
 .debug_line    0x00000000      0x545 ..\obj\stm32f4xx_usart.o
 .debug_line    0x00000545      0x2e0 ..\obj\tm_stm32f4_disco.o
 .debug_line    0x00000825       0xd3 ..\obj\startup_stm32f4xx.o
 .debug_line    0x000008f8      0x27d ..\obj\main.o
 .debug_line    0x00000b75      0x6df ..\obj\stm32f4xx_rcc.o
 .debug_line    0x00001254      0x52e ..\obj\tm_stm32f4_usart.o
 .debug_line    0x00001782      0x3e0 ..\obj\stm32f4xx_gpio.o
 .debug_line    0x00001b62      0x236 ..\obj\system_stm32f4xx.o
 .debug_line    0x00001d98      0x2e0 ..\obj\misc.o

.debug_str      0x00000000     0x1e3f
 .debug_str     0x00000000      0x5f8 ..\obj\stm32f4xx_usart.o
                                0x664 (size before relaxing)
 .debug_str     0x000005f8      0x25b ..\obj\tm_stm32f4_disco.o
                                0x36f (size before relaxing)
 .debug_str     0x00000853       0xe2 ..\obj\startup_stm32f4xx.o
                                0x146 (size before relaxing)
 .debug_str     0x00000935       0xa2 ..\obj\main.o
                                0x200 (size before relaxing)
 .debug_str     0x000009d7      0x762 ..\obj\stm32f4xx_rcc.o
                                0x972 (size before relaxing)
 .debug_str     0x00001139      0x86d ..\obj\tm_stm32f4_usart.o
                                0xc44 (size before relaxing)
 .debug_str     0x000019a6      0x1c5 ..\obj\stm32f4xx_gpio.o
                                0x475 (size before relaxing)
 .debug_str     0x00001b6b      0x151 ..\obj\system_stm32f4xx.o
                                0x399 (size before relaxing)
 .debug_str     0x00001cbc      0x183 ..\obj\misc.o
                                0x3ae (size before relaxing)

.comment        0x00000000       0x70
 .comment       0x00000000       0x70 ..\obj\stm32f4xx_usart.o
                                 0x71 (size before relaxing)
 .comment       0x00000000       0x71 ..\obj\tm_stm32f4_disco.o
 .comment       0x00000000       0x71 ..\obj\startup_stm32f4xx.o
 .comment       0x00000000       0x71 ..\obj\main.o
 .comment       0x00000000       0x71 ..\obj\stm32f4xx_rcc.o
 .comment       0x00000000       0x71 ..\obj\tm_stm32f4_usart.o
 .comment       0x00000000       0x71 ..\obj\stm32f4xx_gpio.o
 .comment       0x00000000       0x71 ..\obj\system_stm32f4xx.o
 .comment       0x00000000       0x71 ..\obj\misc.o

.ARM.attributes
                0x00000000       0x33
 .ARM.attributes
                0x00000000       0x33 ..\obj\stm32f4xx_usart.o
 .ARM.attributes
                0x00000033       0x33 ..\obj\tm_stm32f4_disco.o
 .ARM.attributes
                0x00000066       0x33 ..\obj\startup_stm32f4xx.o
 .ARM.attributes
                0x00000099       0x33 ..\obj\main.o
 .ARM.attributes
                0x000000cc       0x33 ..\obj\stm32f4xx_rcc.o
 .ARM.attributes
                0x000000ff       0x33 ..\obj\tm_stm32f4_usart.o
 .ARM.attributes
                0x00000132       0x33 ..\obj\stm32f4xx_gpio.o
 .ARM.attributes
                0x00000165       0x33 ..\obj\system_stm32f4xx.o
 .ARM.attributes
                0x00000198       0x33 ..\obj\misc.o

.debug_frame    0x00000000      0xf84
 .debug_frame   0x00000000      0x344 ..\obj\stm32f4xx_usart.o
 .debug_frame   0x00000344       0xac ..\obj\tm_stm32f4_disco.o
 .debug_frame   0x000003f0       0x48 ..\obj\startup_stm32f4xx.o
 .debug_frame   0x00000438       0x30 ..\obj\main.o
 .debug_frame   0x00000468      0x5b8 ..\obj\stm32f4xx_rcc.o
 .debug_frame   0x00000a20      0x2c8 ..\obj\tm_stm32f4_usart.o
 .debug_frame   0x00000ce8      0x19c ..\obj\stm32f4xx_gpio.o
 .debug_frame   0x00000e84       0x64 ..\obj\system_stm32f4xx.o
 .debug_frame   0x00000ee8       0x9c ..\obj\misc.o
