<html>
<body>
<pre>
<h1>µVision Build Log</h1>
<h2>Project:</h2>
C:\Users\Tilen\Google Drive\JAVNO\ELEKTRONIKA\ARM\STM32F429\majerle.eu\07-STM32F429_DAC\MDK-ARM\project.uvproj
Project File Date:  04/28/2014

<h2>Output:</h2>
Build target 'STM32F429 ZI'
compiling main.c...
..\User\main.c(14): warning:  #177-D: variable "i" was declared but never referenced
        uint16_t i;
..\User\main.c: 1 warning, 0 errors
linking...
Program Size: Code=3060 RO-data=460 RW-data=44 ZI-data=1636  
FromELF: creating hex file...
".\project.axf" - 0 Error(s), 1 Warning(s).
Load "C:\\Users\\Tilen\\Google Drive\\JAVNO\\ELEKTRONIKA\\ARM\\STM32F429\\majerle.eu\\07-STM32F429_DAC\\MDK-ARM\\project.axf" 
Erase Done.
Programming Done.
Verify OK.
Application running ...

Programming Done.
Verify OK.
Application running ...
ferenced
        uint16_t i;
..\User\main.c: 1 warning, 0 errors
compiling stm32f4xx_it.c...
linking...
Program Size: Code=3056 RO-data=460 RW-data=44 ZI-data=1636  
FromELF: creating hex file...
".\project.axf" - 0 Error(s), 2 Warning(s).
M32F429_LIBRARIES\tm_stm32f4_dac.c(14): warning:  #1-D: last line of file ends without a newline
        
..\..\00-STM32F429_LIBRARIES\tm_stm32f4_dac.c: 1 warning, 4 errors
compiling tm_stm32f4_delay.c...
compiling main.c...
compiling stm32f4xx_it.c...
".\project.axf" - 4 Error(s), 1 Warning(s).
Target not created
