<html>
<body>
<pre>
<h1>µVision Build Log</h1>
<h2>Project:</h2>
C:\Users\Tilen\Google Drive\JAVNO\ELEKTRONIKA\ARM\STM32F429\majerle.eu\16-STM32F429_RTC\MDK-ARM\project.uvproj
Project File Date:  05/30/2014

<h2>Output:</h2>
Build target 'STM32F429 ZI'
compiling tm_stm32f4_rtc.c...
compiling main.c...
linking...
Program Size: Code=15290 RO-data=3938 RW-data=76 ZI-data=1668  
FromELF: creating hex file...
".\project.axf" - 0 Error(s), 0 Warning(s).
Load "C:\\Users\\Tilen\\Google Drive\\JAVNO\\ELEKTRONIKA\\ARM\\STM32F429\\majerle.eu\\16-STM32F429_RTC\\MDK-ARM\\project.axf" 
Erase Done.
Programming Done.
Verify OK.
Application running ...
</pre>
</body>
</html>
ogle Drive\\JAVNO\\ELEKTRONIKA\\ARM\\STM32F429\\majerle.eu\\16-STM32F429_RTC\\MDK-ARM\\project.axf" 
Erase Done.
Programming Done.
Verify OK.
Application running ...
Drive\\JAVNO\\ELEKTRONIKA\\ARM\\STM32F429\\majerle.eu\\16-STM32F429_RTC\\MDK-ARM\\project.axf" 
Error: Flash Download failed  -  Target DLL has been cancelled
Load "C:\\Users\\Tilen\\Google Drive\\JAVNO\\ELEKTRONIKA\\ARM\\STM32F429\\majerle.eu\\16-STM32F429_RTC\\MDK-ARM\\project.axf" 
Erase Done.
Programming Done.
Verify OK.
Application running ...
id TM_RTC_Interrupts(TM_RTC_Int_t int_value) {
..\..\00-STM32F429_LIBRARIES\tm_stm32f4_rtc.c(129): error:  #20: identifier "TM_RTC_Int_Disable" is undefined
        if (int_value == TM_RTC_Int_Disable) {
..\..\00-STM32F429_LIBRARIES\tm_stm32f4_rtc.c(147): error:  #20: identifier "TM_RTC_Int_60s" is undefined
                if (int_value == TM_RTC_Int_60s) {
..\..\00-STM32F429_LIBRARIES\tm_stm32f4_rtc.c(149): error:  #20: identifier "TM_RTC_Int_30s" is undefined
                } else if (int_value == TM_RTC_Int_30s) {
..\..\00-STM32F429_LIBRARIES\tm_stm32f4_rtc.c(151): error:  #20: identifier "TM_RTC_Int_15s" is undefined
                } else if (int_value == TM_RTC_Int_15s) {
..\..\00-STM32F429_LIBRARIES\tm_stm32f4_rtc.c(153): error:  #20: identifier "TM_RTC_Int_10s" is undefined
                } else if (int_value == TM_RTC_Int_10s) {
..\..\00-STM32F429_LIBRARIES\tm_stm32f4_rtc.c(155): error:  #20: identifier "TM_RTC_Int_5s" is undefined
                } else if (int_value == TM_RTC_Int_5s) {
..\..\00-STM32F429_LIBRARIES\tm_stm32f4_rtc.c(157): error:  #20: identifier "TM_RTC_Int_2s" is undefined
                } else if (int_value == TM_RTC_Int_2s) {
..\..\00-STM32F429_LIBRARIES\tm_stm32f4_rtc.c(159): error:  #20: identifier "TM_RTC_Int_1s" is undefined
                } else if (int_value == TM_RTC_Int_1s) {
..\..\00-STM32F429_LIBRARIES\tm_stm32f4_rtc.c(161): error:  #20: identifier "TM_RTC_Int_500ms" is undefined
                } else if (int_value == TM_RTC_Int_500ms) {
..\..\00-STM32F429_LIBRARIES\tm_stm32f4_rtc.c(163): error:  #20: identifier "TM_RTC_Int_250ms" is undefined
                } else if (int_value == TM_RTC_Int_250ms) {
..\..\00-STM32F429_LIBRARIES\tm_stm32f4_rtc.c(165): error:  #20: identifier "TM_RTC_Int_125ms" is undefined
                } else if (int_value == TM_RTC_Int_125ms) {
..\..\00-STM32F429_LIBRARIES\tm_stm32f4_rtc.c: 3 warnings, 15 errors
compiling main.c...
..\..\00-STM32F429_LIBRARIES\tm_stm32f4_rtc.h(33): error:  #169: expected a declaration
  } TM_RTC_Data_t;
..\..\00-STM32F429_LIBRARIES\tm_stm32f4_rtc.h(40): error:  #65: expected a ";"
  typedef enum {
..\..\00-STM32F429_LIBRARIES\tm_stm32f4_rtc.h(52): warning:  #12-D: parsing restarts here after previous syntax error
  } TM_RTC_Int_t;
..\..\00-STM32F429_LIBRARIES\tm_stm32f4_rtc.h(61): error:  #20: identifier "TM_RTC_Int_t" is undefined
  extern void TM_RTC_Interrupts(TM_RTC_Int_t int_value);
..\User\main.c(39): error:  #20: identifier "TM_RTC_Int_10s" is undefined
        TM_RTC_Interrupts(TM_RTC_Int_10s);
..\User\main.c(52): error:  #20: identifier "TM_RTC_Int_125ms" is undefined
                TM_RTC_Interrupts(TM_RTC_Int_125ms);
..\User\main.c(54): error:  #20: identifier "TM_RTC_Int_250ms" is undefined
                TM_RTC_Interrupts(TM_RTC_Int_250ms);
..\User\main.c(56): error:  #20: identifier "TM_RTC_Int_500ms" is undefined
                TM_RTC_Interrupts(TM_RTC_Int_500ms);
..\User\main.c: 1 warning, 7 errors
".\project.axf" - 22 Error(s), 4 Warning(s).
Target not created
