<html>
<body>
<pre>
<h1>µVision Build Log</h1>
<h2>Project:</h2>
C:\Users\tilz0R\Google Drive\JAVNO\ELEKTRONIKA\ARM\STM32F429\majerle.eu\03-STM32F429_DELAY\MDK-ARM\project.uvproj
Project File Date:  05/11/2014

<h2>Output:</h2>
Build target 'STM32F429 ZI'
compiling tm_stm32f4_disco.c...
compiling main.c...
linking...
Program Size: Code=2788 RO-data=460 RW-data=48 ZI-data=1632  
FromELF: creating hex file...
".\project.axf" - 0 Error(s), 0 Warning(s).
</pre>
</body>
</html>
32f4xx_adc.c...
compiling tm_stm32f4_delay.c...
compiling main.c...
compiling stm32f4xx_it.c...
linking...
.\project.axf: Error: L6218E: Undefined symbol TM_DISCO_LedInit (referred from main.o).
Not enough information to list image symbols.
Finished: 1 information, 0 warning and 1 error messages.
".\project.axf" - 1 Error(s), 0 Warning(s).
Target not created
